Archive member included because of file (symbol)

c:/program files (x86)/atmel/avr tools/avr toolchain/bin/../lib/gcc/avr/4.5.1/avr6\libgcc.a(_mulsi3.o)
                              behaviors.o (__mulsi3)
c:/program files (x86)/atmel/avr tools/avr toolchain/bin/../lib/gcc/avr/4.5.1/avr6\libgcc.a(_udivmodhi4.o)
                              mirf.o (__udivmodhi4)
c:/program files (x86)/atmel/avr tools/avr toolchain/bin/../lib/gcc/avr/4.5.1/avr6\libgcc.a(_divmodhi4.o)
                              ir_remote_control.o (__divmodhi4)
c:/program files (x86)/atmel/avr tools/avr toolchain/bin/../lib/gcc/avr/4.5.1/avr6\libgcc.a(_exit.o)
                              c:/program files (x86)/atmel/avr tools/avr toolchain/bin/../lib/gcc/avr/4.5.1/../../../../avr/lib/avr6/crtm2560.o (exit)
c:/program files (x86)/atmel/avr tools/avr toolchain/bin/../lib/gcc/avr/4.5.1/avr6\libgcc.a(_copy_data.o)
                              ir_remote_control.o (__do_copy_data)
c:/program files (x86)/atmel/avr tools/avr toolchain/bin/../lib/gcc/avr/4.5.1/avr6\libgcc.a(_clear_bss.o)
                              mirf.o (__do_clear_bss)
c:/program files (x86)/atmel/avr tools/avr toolchain/bin/../lib/gcc/avr/4.5.1/avr6\libgcc.a(_mul_sf.o)
                              sensors.o (__mulsf3)
c:/program files (x86)/atmel/avr tools/avr toolchain/bin/../lib/gcc/avr/4.5.1/avr6\libgcc.a(_si_to_sf.o)
                              sensors.o (__floatsisf)
c:/program files (x86)/atmel/avr tools/avr toolchain/bin/../lib/gcc/avr/4.5.1/avr6\libgcc.a(_sf_to_si.o)
                              sensors.o (__fixsfsi)
c:/program files (x86)/atmel/avr tools/avr toolchain/bin/../lib/gcc/avr/4.5.1/avr6\libgcc.a(_thenan_sf.o)
                              c:/program files (x86)/atmel/avr tools/avr toolchain/bin/../lib/gcc/avr/4.5.1/avr6\libgcc.a(_mul_sf.o) (__thenan_sf)
c:/program files (x86)/atmel/avr tools/avr toolchain/bin/../lib/gcc/avr/4.5.1/avr6\libgcc.a(_prologue.o)
                              c:/program files (x86)/atmel/avr tools/avr toolchain/bin/../lib/gcc/avr/4.5.1/avr6\libgcc.a(_mul_sf.o) (__prologue_saves__)
c:/program files (x86)/atmel/avr tools/avr toolchain/bin/../lib/gcc/avr/4.5.1/avr6\libgcc.a(_epilogue.o)
                              c:/program files (x86)/atmel/avr tools/avr toolchain/bin/../lib/gcc/avr/4.5.1/avr6\libgcc.a(_mul_sf.o) (__epilogue_restores__)
c:/program files (x86)/atmel/avr tools/avr toolchain/bin/../lib/gcc/avr/4.5.1/avr6\libgcc.a(_clzsi2.o)
                              c:/program files (x86)/atmel/avr tools/avr toolchain/bin/../lib/gcc/avr/4.5.1/avr6\libgcc.a(_si_to_sf.o) (__clzsi2)
c:/program files (x86)/atmel/avr tools/avr toolchain/bin/../lib/gcc/avr/4.5.1/avr6\libgcc.a(_pack_sf.o)
                              c:/program files (x86)/atmel/avr tools/avr toolchain/bin/../lib/gcc/avr/4.5.1/avr6\libgcc.a(_mul_sf.o) (__pack_f)
c:/program files (x86)/atmel/avr tools/avr toolchain/bin/../lib/gcc/avr/4.5.1/avr6\libgcc.a(_unpack_sf.o)
                              c:/program files (x86)/atmel/avr tools/avr toolchain/bin/../lib/gcc/avr/4.5.1/avr6\libgcc.a(_mul_sf.o) (__unpack_f)
c:/program files (x86)/atmel/avr tools/avr toolchain/bin/../lib/gcc/avr/4.5.1/avr6\libgcc.a(_clz.o)
                              c:/program files (x86)/atmel/avr tools/avr toolchain/bin/../lib/gcc/avr/4.5.1/avr6\libgcc.a(_clzsi2.o) (__clz_tab)
c:/program files (x86)/atmel/avr tools/avr toolchain/bin/../lib/gcc/avr/4.5.1/../../../../avr/lib/avr6\libc.a(rand.o)
                              behaviors.o (rand)
c:/program files (x86)/atmel/avr tools/avr toolchain/bin/../lib/gcc/avr/4.5.1/../../../../avr/lib/avr6\libc.a(atan2.o)
                              sensors.o (atan2)
c:/program files (x86)/atmel/avr tools/avr toolchain/bin/../lib/gcc/avr/4.5.1/../../../../avr/lib/avr6\libc.a(atan.o)
                              c:/program files (x86)/atmel/avr tools/avr toolchain/bin/../lib/gcc/avr/4.5.1/../../../../avr/lib/avr6\libc.a(atan2.o) (atan)
c:/program files (x86)/atmel/avr tools/avr toolchain/bin/../lib/gcc/avr/4.5.1/../../../../avr/lib/avr6\libc.a(divsf3x.o)
                              c:/program files (x86)/atmel/avr tools/avr toolchain/bin/../lib/gcc/avr/4.5.1/../../../../avr/lib/avr6\libc.a(atan2.o) (__divsf3_pse)
c:/program files (x86)/atmel/avr tools/avr toolchain/bin/../lib/gcc/avr/4.5.1/../../../../avr/lib/avr6\libc.a(fp_inf.o)
                              c:/program files (x86)/atmel/avr tools/avr toolchain/bin/../lib/gcc/avr/4.5.1/../../../../avr/lib/avr6\libc.a(divsf3x.o) (__fp_inf)
c:/program files (x86)/atmel/avr tools/avr toolchain/bin/../lib/gcc/avr/4.5.1/../../../../avr/lib/avr6\libc.a(fp_nan.o)
                              c:/program files (x86)/atmel/avr tools/avr toolchain/bin/../lib/gcc/avr/4.5.1/../../../../avr/lib/avr6\libc.a(atan2.o) (__fp_nan)
c:/program files (x86)/atmel/avr tools/avr toolchain/bin/../lib/gcc/avr/4.5.1/../../../../avr/lib/avr6\libc.a(fp_powser.o)
                              c:/program files (x86)/atmel/avr tools/avr toolchain/bin/../lib/gcc/avr/4.5.1/../../../../avr/lib/avr6\libc.a(atan.o) (__fp_powser)
c:/program files (x86)/atmel/avr tools/avr toolchain/bin/../lib/gcc/avr/4.5.1/../../../../avr/lib/avr6\libc.a(fp_pscA.o)
                              c:/program files (x86)/atmel/avr tools/avr toolchain/bin/../lib/gcc/avr/4.5.1/../../../../avr/lib/avr6\libc.a(atan2.o) (__fp_pscA)
c:/program files (x86)/atmel/avr tools/avr toolchain/bin/../lib/gcc/avr/4.5.1/../../../../avr/lib/avr6\libc.a(fp_pscB.o)
                              c:/program files (x86)/atmel/avr tools/avr toolchain/bin/../lib/gcc/avr/4.5.1/../../../../avr/lib/avr6\libc.a(atan2.o) (__fp_pscB)
c:/program files (x86)/atmel/avr tools/avr toolchain/bin/../lib/gcc/avr/4.5.1/../../../../avr/lib/avr6\libc.a(fp_round.o)
                              c:/program files (x86)/atmel/avr tools/avr toolchain/bin/../lib/gcc/avr/4.5.1/../../../../avr/lib/avr6\libc.a(atan2.o) (__fp_round)
c:/program files (x86)/atmel/avr tools/avr toolchain/bin/../lib/gcc/avr/4.5.1/../../../../avr/lib/avr6\libc.a(fp_split3.o)
                              c:/program files (x86)/atmel/avr tools/avr toolchain/bin/../lib/gcc/avr/4.5.1/../../../../avr/lib/avr6\libc.a(atan2.o) (__fp_split3)
c:/program files (x86)/atmel/avr tools/avr toolchain/bin/../lib/gcc/avr/4.5.1/../../../../avr/lib/avr6\libc.a(fp_zero.o)
                              c:/program files (x86)/atmel/avr tools/avr toolchain/bin/../lib/gcc/avr/4.5.1/../../../../avr/lib/avr6\libc.a(atan2.o) (__fp_zero)
c:/program files (x86)/atmel/avr tools/avr toolchain/bin/../lib/gcc/avr/4.5.1/../../../../avr/lib/avr6\libc.a(inverse.o)
                              c:/program files (x86)/atmel/avr tools/avr toolchain/bin/../lib/gcc/avr/4.5.1/../../../../avr/lib/avr6\libc.a(atan.o) (inverse)
c:/program files (x86)/atmel/avr tools/avr toolchain/bin/../lib/gcc/avr/4.5.1/../../../../avr/lib/avr6\libc.a(mulsf3x.o)
                              c:/program files (x86)/atmel/avr tools/avr toolchain/bin/../lib/gcc/avr/4.5.1/../../../../avr/lib/avr6\libc.a(atan.o) (__mulsf3x)
c:/program files (x86)/atmel/avr tools/avr toolchain/bin/../lib/gcc/avr/4.5.1/../../../../avr/lib/avr6\libc.a(square.o)
                              c:/program files (x86)/atmel/avr tools/avr toolchain/bin/../lib/gcc/avr/4.5.1/../../../../avr/lib/avr6\libc.a(atan.o) (square)
c:/program files (x86)/atmel/avr tools/avr toolchain/bin/../lib/gcc/avr/4.5.1/../../../../avr/lib/avr6\libc.a(eerd_word_atmega2560.o)
                              utility.o (__eerd_word_m2560)
c:/program files (x86)/atmel/avr tools/avr toolchain/bin/../lib/gcc/avr/4.5.1/../../../../avr/lib/avr6\libc.a(addsf3.o)
                              c:/program files (x86)/atmel/avr tools/avr toolchain/bin/../lib/gcc/avr/4.5.1/../../../../avr/lib/avr6\libc.a(atan2.o) (__addsf3)
c:/program files (x86)/atmel/avr tools/avr toolchain/bin/../lib/gcc/avr/4.5.1/../../../../avr/lib/avr6\libc.a(addsf3x.o)
                              c:/program files (x86)/atmel/avr tools/avr toolchain/bin/../lib/gcc/avr/4.5.1/../../../../avr/lib/avr6\libc.a(atan.o) (__addsf3x)
c:/program files (x86)/atmel/avr tools/avr toolchain/bin/../lib/gcc/avr/4.5.1/../../../../avr/lib/avr6\libc.a(divsf3.o)
                              c:/program files (x86)/atmel/avr tools/avr toolchain/bin/../lib/gcc/avr/4.5.1/../../../../avr/lib/avr6\libc.a(inverse.o) (__divsf3)
c:/program files (x86)/atmel/avr tools/avr toolchain/bin/../lib/gcc/avr/4.5.1/../../../../avr/lib/avr6\libc.a(eerd_block_atmega2560.o)
                              c:/program files (x86)/atmel/avr tools/avr toolchain/bin/../lib/gcc/avr/4.5.1/../../../../avr/lib/avr6\libc.a(eerd_word_atmega2560.o) (__eerd_blraw_m2560)
c:/program files (x86)/atmel/avr tools/avr toolchain/bin/../lib/gcc/avr/4.5.1/avr6\libgcc.a(_divmodsi4.o)
                              c:/program files (x86)/atmel/avr tools/avr toolchain/bin/../lib/gcc/avr/4.5.1/../../../../avr/lib/avr6\libc.a(rand.o) (__divmodsi4)
c:/program files (x86)/atmel/avr tools/avr toolchain/bin/../lib/gcc/avr/4.5.1/avr6\libgcc.a(_udivmodsi4.o)
                              c:/program files (x86)/atmel/avr tools/avr toolchain/bin/../lib/gcc/avr/4.5.1/avr6\libgcc.a(_divmodsi4.o) (__udivmodsi4)

Allocating common symbols
Common symbol       size              file

PTX                 0x1               mirf.o
delta_left_speed_current
                    0x2               variables.o
delta_right_speed_prev
                    0x2               variables.o
ackPayload          0x10              variables.o
dataLED             0x6               variables.o
delta_left_speed_prev
                    0x2               variables.o
rfData              0xd               variables.o
delta_right_speed_current
                    0x2               variables.o
startCalibration    0x1               variables.o

Memory Configuration

Name             Origin             Length             Attributes
text             0x00000000         0x00100000         xr
data             0x00800200         0x0000fe00         rw !x
eeprom           0x00810000         0x00010000         rw !x
fuse             0x00820000         0x00000400         rw !x
lock             0x00830000         0x00000400         rw !x
signature        0x00840000         0x00000400         rw !x
*default*        0x00000000         0xffffffff

Linker script and memory map

Address of section .data set to 0x800200
LOAD c:/program files (x86)/atmel/avr tools/avr toolchain/bin/../lib/gcc/avr/4.5.1/../../../../avr/lib/avr6/crtm2560.o
LOAD main.o
LOAD spi.o
LOAD mirf.o
LOAD ir_remote_control.o
LOAD speed_control.o
LOAD variables.o
LOAD ports_io.o
LOAD twimaster.o
LOAD usart.o
LOAD utility.o
LOAD adc.o
LOAD motors.o
LOAD behaviors.o
LOAD leds.o
LOAD sensors.o
LOAD c:/program files (x86)/atmel/avr tools/avr toolchain/bin/../lib/gcc/avr/4.5.1/avr6\libgcc.a
LOAD c:/program files (x86)/atmel/avr tools/avr toolchain/bin/../lib/gcc/avr/4.5.1/../../../../avr/lib/avr6\libc.a
LOAD c:/program files (x86)/atmel/avr tools/avr toolchain/bin/../lib/gcc/avr/4.5.1/avr6\libgcc.a

.hash
 *(.hash)

.dynsym
 *(.dynsym)

.dynstr
 *(.dynstr)

.gnu.version
 *(.gnu.version)

.gnu.version_d
 *(.gnu.version_d)

.gnu.version_r
 *(.gnu.version_r)

.rel.init
 *(.rel.init)

.rela.init
 *(.rela.init)

.rel.text
 *(.rel.text)
 *(.rel.text.*)
 *(.rel.gnu.linkonce.t*)

.rela.text
 *(.rela.text)
 *(.rela.text.*)
 *(.rela.gnu.linkonce.t*)

.rel.fini
 *(.rel.fini)

.rela.fini
 *(.rela.fini)

.rel.rodata
 *(.rel.rodata)
 *(.rel.rodata.*)
 *(.rel.gnu.linkonce.r*)

.rela.rodata
 *(.rela.rodata)
 *(.rela.rodata.*)
 *(.rela.gnu.linkonce.r*)

.rel.data
 *(.rel.data)
 *(.rel.data.*)
 *(.rel.gnu.linkonce.d*)

.rela.data
 *(.rela.data)
 *(.rela.data.*)
 *(.rela.gnu.linkonce.d*)

.rel.ctors
 *(.rel.ctors)

.rela.ctors
 *(.rela.ctors)

.rel.dtors
 *(.rel.dtors)

.rela.dtors
 *(.rela.dtors)

.rel.got
 *(.rel.got)

.rela.got
 *(.rela.got)

.rel.bss
 *(.rel.bss)

.rela.bss
 *(.rela.bss)

.rel.plt
 *(.rel.plt)

.rela.plt
 *(.rela.plt)

.text           0x00000000     0x4f1e
 *(.vectors)
 .vectors       0x00000000       0xe4 c:/program files (x86)/atmel/avr tools/avr toolchain/bin/../lib/gcc/avr/4.5.1/../../../../avr/lib/avr6/crtm2560.o
                0x00000000                __vector_default
                0x00000000                __vectors
 *(.vectors)
 *(.progmem.gcc*)
 .progmem.gcc_sw_table
                0x000000e4       0x6a ir_remote_control.o
 .progmem.gcc_fplib
                0x0000014e       0x2d c:/program files (x86)/atmel/avr tools/avr toolchain/bin/../lib/gcc/avr/4.5.1/../../../../avr/lib/avr6\libc.a(atan.o)
 *(.progmem*)
                0x0000017c                . = ALIGN (0x2)
 *fill*         0x0000017b        0x1 00
                0x0000017c                __trampolines_start = .
 *(.trampolines)
 .trampolines   0x0000017c        0x0 linker stubs
 *(.trampolines*)
                0x0000017c                __trampolines_end = .
 *(.jumptables)
 *(.jumptables*)
 *(.lowtext)
 *(.lowtext*)
                0x0000017c                __ctors_start = .
 *(.ctors)
                0x0000017c                __ctors_end = .
                0x0000017c                __dtors_start = .
 *(.dtors)
                0x0000017c                __dtors_end = .
 SORT(*)(.ctors)
 SORT(*)(.dtors)
 *(.init0)
 .init0         0x0000017c        0x0 c:/program files (x86)/atmel/avr tools/avr toolchain/bin/../lib/gcc/avr/4.5.1/../../../../avr/lib/avr6/crtm2560.o
                0x0000017c                __init
 *(.init0)
 *(.init1)
 *(.init1)
 *(.init2)
 .init2         0x0000017c       0x10 c:/program files (x86)/atmel/avr tools/avr toolchain/bin/../lib/gcc/avr/4.5.1/../../../../avr/lib/avr6/crtm2560.o
 *(.init2)
 *(.init3)
 *(.init3)
 *(.init4)
 .init4         0x0000018c       0x16 c:/program files (x86)/atmel/avr tools/avr toolchain/bin/../lib/gcc/avr/4.5.1/avr6\libgcc.a(_copy_data.o)
                0x0000018c                __do_copy_data
 .init4         0x000001a2       0x10 c:/program files (x86)/atmel/avr tools/avr toolchain/bin/../lib/gcc/avr/4.5.1/avr6\libgcc.a(_clear_bss.o)
                0x000001a2                __do_clear_bss
 *(.init4)
 *(.init5)
 *(.init5)
 *(.init6)
 *(.init6)
 *(.init7)
 *(.init7)
 *(.init8)
 *(.init8)
 *(.init9)
 .init9         0x000001b2        0x8 c:/program files (x86)/atmel/avr tools/avr toolchain/bin/../lib/gcc/avr/4.5.1/../../../../avr/lib/avr6/crtm2560.o
 *(.init9)
 *(.text)
 .text          0x000001ba        0x4 c:/program files (x86)/atmel/avr tools/avr toolchain/bin/../lib/gcc/avr/4.5.1/../../../../avr/lib/avr6/crtm2560.o
                0x000001ba                __vector_38
                0x000001ba                __vector_22
                0x000001ba                __vector_28
                0x000001ba                __vector_1
                0x000001ba                __vector_34
                0x000001ba                __vector_24
                0x000001ba                __vector_12
                0x000001ba                __vector_55
                0x000001ba                __vector_46
                0x000001ba                __bad_interrupt
                0x000001ba                __vector_6
                0x000001ba                __vector_31
                0x000001ba                __vector_39
                0x000001ba                __vector_3
                0x000001ba                __vector_23
                0x000001ba                __vector_30
                0x000001ba                __vector_11
                0x000001ba                __vector_54
                0x000001ba                __vector_17
                0x000001ba                __vector_19
                0x000001ba                __vector_56
                0x000001ba                __vector_7
                0x000001ba                __vector_49
                0x000001ba                __vector_41
                0x000001ba                __vector_27
                0x000001ba                __vector_5
                0x000001ba                __vector_47
                0x000001ba                __vector_52
                0x000001ba                __vector_37
                0x000001ba                __vector_4
                0x000001ba                __vector_44
                0x000001ba                __vector_51
                0x000001ba                __vector_9
                0x000001ba                __vector_2
                0x000001ba                __vector_21
                0x000001ba                __vector_36
                0x000001ba                __vector_40
                0x000001ba                __vector_8
                0x000001ba                __vector_26
                0x000001ba                __vector_48
                0x000001ba                __vector_14
                0x000001ba                __vector_53
                0x000001ba                __vector_50
                0x000001ba                __vector_16
                0x000001ba                __vector_18
                0x000001ba                __vector_20
 .text          0x000001be      0x440 main.o
                0x000001be                main
 .text          0x000005fe       0x6a spi.o
                0x000005fe                initSPI
                0x00000616                closeSPI
                0x0000061c                SPI_ReadWrite_Block
                0x00000640                SPI_Write_Block
                0x0000065c                SPI_Write_Byte
 .text          0x00000668      0xa5e mirf.o
                0x00000668                mirf_config
                0x0000076e                mirf_init
                0x00000778                mirf_set_RADDR
                0x0000079a                mirf_set_TADDR
                0x000007b8                mirf_data_ready
                0x000007d2                rx_fifo_is_empty
                0x00000802                flush_rx_fifo
                0x0000080e                mirf_get_data
                0x0000083e                mirf_config_register
                0x00000866                mirf_read_register
                0x00000898                mirf_write_register
                0x000008cc                mirf_send
                0x00000928                writeAckPayload
                0x00000982                flushTxFifo
                0x0000098e                handleRFCommands
 .text          0x000010c6      0x700 ir_remote_control.o
                0x000010c6                init_ir_remote_control
                0x000010e6                __vector_10
                0x0000114e                __vector_13
                0x0000139c                ir_remote_get_check
                0x000013a2                ir_remote_get_address
                0x000013a8                ir_remote_get_data
                0x000013ae                handleIRRemoteCommands
 .text          0x000017c6      0x8aa speed_control.o
                0x000017c6                init_speed_control
                0x000017c8                start_vertical_speed_control_left
                0x00001a52                start_vertical_speed_control_right
                0x00001cdc                start_horizontal_speed_control_right
                0x00001ea6                start_horizontal_speed_control_left
 .text          0x00002070        0x0 variables.o
 .text          0x00002070       0x96 ports_io.o
                0x00002070                initPortsIO
 .text          0x00002106      0x15c twimaster.o
                0x00002106                i2c_close
                0x00002110                i2c_init
                0x00002120                i2c_start
                0x0000216c                i2c_start_wait
                0x000021ba                i2c_rep_start
                0x00002206                i2c_stop
                0x00002216                i2c_write
                0x0000223a                i2c_readAck
                0x0000224e                i2c_readNak
 .text          0x00002262      0x3d4 usart.o
                0x00002262                initUsart
                0x0000228c                closeUsart
                0x0000229a                usartTransmit
                0x000022a8                __vector_25
 .text          0x00002636      0x204 utility.o
                0x00002636                getSelector
                0x00002680                initPeripherals
                0x000026ea                __vector_15
                0x000026fe                sleep
 .text          0x0000283a      0x580 adc.o
                0x0000283a                initAdc
                0x00002872                __vector_29
 .text          0x00002dba      0x388 motors.o
                0x00002dba                initMotors
                0x00002e4a                __vector_45
                0x00002f78                __vector_42
                0x00002fa4                __vector_43
                0x00002fd0                __vector_35
                0x000030ea                __vector_32
                0x00003116                __vector_33
 .text          0x00003142      0x40c behaviors.o
                0x00003142                obstacleAvoidance
                0x000034fe                cliffDetected
 .text          0x0000354e       0xee leds.o
                0x0000354e                initRGBleds
                0x0000358e                toggleBlueLed
                0x000035c4                updateRedLed
                0x000035ec                updateGreenLed
                0x00003614                updateBlueLed
 .text          0x0000363c      0xbca sensors.o
                0x0000363c                initAccelerometer
                0x000036d4                initMMA7455L
                0x000036fc                initADXL345
                0x0000375c                readAccelXY
                0x00003896                readAccelXYZ
                0x00003a16                calibrateSensors
                0x00004134                computeAngle
 .text          0x00004206        0x0 c:/program files (x86)/atmel/avr tools/avr toolchain/bin/../lib/gcc/avr/4.5.1/avr6\libgcc.a(_mulsi3.o)
 .text          0x00004206        0x0 c:/program files (x86)/atmel/avr tools/avr toolchain/bin/../lib/gcc/avr/4.5.1/avr6\libgcc.a(_udivmodhi4.o)
 .text          0x00004206        0x0 c:/program files (x86)/atmel/avr tools/avr toolchain/bin/../lib/gcc/avr/4.5.1/avr6\libgcc.a(_divmodhi4.o)
 .text          0x00004206        0x0 c:/program files (x86)/atmel/avr tools/avr toolchain/bin/../lib/gcc/avr/4.5.1/avr6\libgcc.a(_exit.o)
 .text          0x00004206        0x0 c:/program files (x86)/atmel/avr tools/avr toolchain/bin/../lib/gcc/avr/4.5.1/avr6\libgcc.a(_copy_data.o)
 .text          0x00004206        0x0 c:/program files (x86)/atmel/avr tools/avr toolchain/bin/../lib/gcc/avr/4.5.1/avr6\libgcc.a(_clear_bss.o)
 .text          0x00004206      0x1fe c:/program files (x86)/atmel/avr tools/avr toolchain/bin/../lib/gcc/avr/4.5.1/avr6\libgcc.a(_mul_sf.o)
                0x00004206                __mulsf3
 .text          0x00004404       0xbc c:/program files (x86)/atmel/avr tools/avr toolchain/bin/../lib/gcc/avr/4.5.1/avr6\libgcc.a(_si_to_sf.o)
                0x00004404                __floatsisf
 .text          0x000044c0       0xa6 c:/program files (x86)/atmel/avr tools/avr toolchain/bin/../lib/gcc/avr/4.5.1/avr6\libgcc.a(_sf_to_si.o)
                0x000044c0                __fixsfsi
 .text          0x00004566        0x0 c:/program files (x86)/atmel/avr tools/avr toolchain/bin/../lib/gcc/avr/4.5.1/avr6\libgcc.a(_thenan_sf.o)
 .text          0x00004566        0x0 c:/program files (x86)/atmel/avr tools/avr toolchain/bin/../lib/gcc/avr/4.5.1/avr6\libgcc.a(_prologue.o)
 .text          0x00004566        0x0 c:/program files (x86)/atmel/avr tools/avr toolchain/bin/../lib/gcc/avr/4.5.1/avr6\libgcc.a(_epilogue.o)
 .text          0x00004566       0x9a c:/program files (x86)/atmel/avr tools/avr toolchain/bin/../lib/gcc/avr/4.5.1/avr6\libgcc.a(_clzsi2.o)
                0x00004566                __clzsi2
 .text          0x00004600      0x1c0 c:/program files (x86)/atmel/avr tools/avr toolchain/bin/../lib/gcc/avr/4.5.1/avr6\libgcc.a(_pack_sf.o)
                0x00004600                __pack_f
 .text          0x000047c0       0xe0 c:/program files (x86)/atmel/avr tools/avr toolchain/bin/../lib/gcc/avr/4.5.1/avr6\libgcc.a(_unpack_sf.o)
                0x000047c0                __unpack_f
 .text          0x000048a0        0x0 c:/program files (x86)/atmel/avr tools/avr toolchain/bin/../lib/gcc/avr/4.5.1/avr6\libgcc.a(_clz.o)
 .text          0x000048a0        0x0 c:/program files (x86)/atmel/avr tools/avr toolchain/bin/../lib/gcc/avr/4.5.1/../../../../avr/lib/avr6\libc.a(rand.o)
 .text          0x000048a0        0x0 c:/program files (x86)/atmel/avr tools/avr toolchain/bin/../lib/gcc/avr/4.5.1/../../../../avr/lib/avr6\libc.a(atan2.o)
 .text          0x000048a0        0x0 c:/program files (x86)/atmel/avr tools/avr toolchain/bin/../lib/gcc/avr/4.5.1/../../../../avr/lib/avr6\libc.a(atan.o)
 .text          0x000048a0        0x0 c:/program files (x86)/atmel/avr tools/avr toolchain/bin/../lib/gcc/avr/4.5.1/../../../../avr/lib/avr6\libc.a(divsf3x.o)
 .text          0x000048a0        0x0 c:/program files (x86)/atmel/avr tools/avr toolchain/bin/../lib/gcc/avr/4.5.1/../../../../avr/lib/avr6\libc.a(fp_inf.o)
 .text          0x000048a0        0x0 c:/program files (x86)/atmel/avr tools/avr toolchain/bin/../lib/gcc/avr/4.5.1/../../../../avr/lib/avr6\libc.a(fp_nan.o)
 .text          0x000048a0        0x0 c:/program files (x86)/atmel/avr tools/avr toolchain/bin/../lib/gcc/avr/4.5.1/../../../../avr/lib/avr6\libc.a(fp_powser.o)
 .text          0x000048a0        0x0 c:/program files (x86)/atmel/avr tools/avr toolchain/bin/../lib/gcc/avr/4.5.1/../../../../avr/lib/avr6\libc.a(fp_pscA.o)
 .text          0x000048a0        0x0 c:/program files (x86)/atmel/avr tools/avr toolchain/bin/../lib/gcc/avr/4.5.1/../../../../avr/lib/avr6\libc.a(fp_pscB.o)
 .text          0x000048a0        0x0 c:/program files (x86)/atmel/avr tools/avr toolchain/bin/../lib/gcc/avr/4.5.1/../../../../avr/lib/avr6\libc.a(fp_round.o)
 .text          0x000048a0        0x0 c:/program files (x86)/atmel/avr tools/avr toolchain/bin/../lib/gcc/avr/4.5.1/../../../../avr/lib/avr6\libc.a(fp_split3.o)
 .text          0x000048a0        0x0 c:/program files (x86)/atmel/avr tools/avr toolchain/bin/../lib/gcc/avr/4.5.1/../../../../avr/lib/avr6\libc.a(fp_zero.o)
 .text          0x000048a0        0x0 c:/program files (x86)/atmel/avr tools/avr toolchain/bin/../lib/gcc/avr/4.5.1/../../../../avr/lib/avr6\libc.a(inverse.o)
 .text          0x000048a0        0x0 c:/program files (x86)/atmel/avr tools/avr toolchain/bin/../lib/gcc/avr/4.5.1/../../../../avr/lib/avr6\libc.a(mulsf3x.o)
 .text          0x000048a0        0x0 c:/program files (x86)/atmel/avr tools/avr toolchain/bin/../lib/gcc/avr/4.5.1/../../../../avr/lib/avr6\libc.a(square.o)
 .text          0x000048a0        0x0 c:/program files (x86)/atmel/avr tools/avr toolchain/bin/../lib/gcc/avr/4.5.1/../../../../avr/lib/avr6\libc.a(eerd_word_atmega2560.o)
 .text          0x000048a0        0x0 c:/program files (x86)/atmel/avr tools/avr toolchain/bin/../lib/gcc/avr/4.5.1/../../../../avr/lib/avr6\libc.a(addsf3.o)
 .text          0x000048a0        0x0 c:/program files (x86)/atmel/avr tools/avr toolchain/bin/../lib/gcc/avr/4.5.1/../../../../avr/lib/avr6\libc.a(addsf3x.o)
 .text          0x000048a0        0x0 c:/program files (x86)/atmel/avr tools/avr toolchain/bin/../lib/gcc/avr/4.5.1/../../../../avr/lib/avr6\libc.a(divsf3.o)
 .text          0x000048a0        0x0 c:/program files (x86)/atmel/avr tools/avr toolchain/bin/../lib/gcc/avr/4.5.1/../../../../avr/lib/avr6\libc.a(eerd_block_atmega2560.o)
 .text          0x000048a0        0x0 c:/program files (x86)/atmel/avr tools/avr toolchain/bin/../lib/gcc/avr/4.5.1/avr6\libgcc.a(_divmodsi4.o)
 .text          0x000048a0        0x0 c:/program files (x86)/atmel/avr tools/avr toolchain/bin/../lib/gcc/avr/4.5.1/avr6\libgcc.a(_udivmodsi4.o)
                0x000048a0                . = ALIGN (0x2)
 *(.text.*)
 .text.libgcc   0x000048a0       0x3e c:/program files (x86)/atmel/avr tools/avr toolchain/bin/../lib/gcc/avr/4.5.1/avr6\libgcc.a(_mulsi3.o)
                0x000048a0                __mulsi3
 .text.libgcc   0x000048de       0x28 c:/program files (x86)/atmel/avr tools/avr toolchain/bin/../lib/gcc/avr/4.5.1/avr6\libgcc.a(_udivmodhi4.o)
                0x000048de                __udivmodhi4
 .text.libgcc   0x00004906       0x26 c:/program files (x86)/atmel/avr tools/avr toolchain/bin/../lib/gcc/avr/4.5.1/avr6\libgcc.a(_divmodhi4.o)
                0x00004906                _div
                0x00004906                __divmodhi4
 .text.libgcc   0x0000492c        0x0 c:/program files (x86)/atmel/avr tools/avr toolchain/bin/../lib/gcc/avr/4.5.1/avr6\libgcc.a(_exit.o)
 .text.libgcc   0x0000492c        0x0 c:/program files (x86)/atmel/avr tools/avr toolchain/bin/../lib/gcc/avr/4.5.1/avr6\libgcc.a(_copy_data.o)
 .text.libgcc   0x0000492c        0x0 c:/program files (x86)/atmel/avr tools/avr toolchain/bin/../lib/gcc/avr/4.5.1/avr6\libgcc.a(_clear_bss.o)
 .text.libgcc   0x0000492c       0x38 c:/program files (x86)/atmel/avr tools/avr toolchain/bin/../lib/gcc/avr/4.5.1/avr6\libgcc.a(_prologue.o)
                0x0000492c                __prologue_saves__
 .text.libgcc   0x00004964       0x36 c:/program files (x86)/atmel/avr tools/avr toolchain/bin/../lib/gcc/avr/4.5.1/avr6\libgcc.a(_epilogue.o)
                0x00004964                __epilogue_restores__
 .text.avr-libc
                0x0000499a       0xbc c:/program files (x86)/atmel/avr tools/avr toolchain/bin/../lib/gcc/avr/4.5.1/../../../../avr/lib/avr6\libc.a(rand.o)
                0x00004a30                rand_r
                0x00004a36                rand
                0x00004a40                srand
 .text.avr-libc.fplib
                0x00004a56       0x74 c:/program files (x86)/atmel/avr tools/avr toolchain/bin/../lib/gcc/avr/4.5.1/../../../../avr/lib/avr6\libc.a(atan2.o)
                0x00004a74                atan2
 .text.avr-libc.fplib
                0x00004aca       0x50 c:/program files (x86)/atmel/avr tools/avr toolchain/bin/../lib/gcc/avr/4.5.1/../../../../avr/lib/avr6\libc.a(atan.o)
                0x00004aca                atan
 .text.avr-libc.fplib
                0x00004b1a       0xcc c:/program files (x86)/atmel/avr tools/avr toolchain/bin/../lib/gcc/avr/4.5.1/../../../../avr/lib/avr6\libc.a(divsf3x.o)
                0x00004b30                __divsf3x
                0x00004b34                __divsf3_pse
 .text.avr-libc.fplib
                0x00004be6        0xc c:/program files (x86)/atmel/avr tools/avr toolchain/bin/../lib/gcc/avr/4.5.1/../../../../avr/lib/avr6\libc.a(fp_inf.o)
                0x00004be6                __fp_inf
 .text.avr-libc.fplib
                0x00004bf2        0x6 c:/program files (x86)/atmel/avr tools/avr toolchain/bin/../lib/gcc/avr/4.5.1/../../../../avr/lib/avr6\libc.a(fp_nan.o)
                0x00004bf2                __fp_nan
 .text.avr-libc.fplib
                0x00004bf8       0x4a c:/program files (x86)/atmel/avr tools/avr toolchain/bin/../lib/gcc/avr/4.5.1/../../../../avr/lib/avr6\libc.a(fp_powser.o)
                0x00004bf8                __fp_powser
 .text.avr-libc.fplib
                0x00004c42        0xe c:/program files (x86)/atmel/avr tools/avr toolchain/bin/../lib/gcc/avr/4.5.1/../../../../avr/lib/avr6\libc.a(fp_pscA.o)
                0x00004c42                __fp_pscA
 .text.avr-libc.fplib
                0x00004c50        0xe c:/program files (x86)/atmel/avr tools/avr toolchain/bin/../lib/gcc/avr/4.5.1/../../../../avr/lib/avr6\libc.a(fp_pscB.o)
                0x00004c50                __fp_pscB
 .text.avr-libc.fplib
                0x00004c5e       0x22 c:/program files (x86)/atmel/avr tools/avr toolchain/bin/../lib/gcc/avr/4.5.1/../../../../avr/lib/avr6\libc.a(fp_round.o)
                0x00004c5e                __fp_round
 .text.avr-libc.fplib
                0x00004c80       0x44 c:/program files (x86)/atmel/avr tools/avr toolchain/bin/../lib/gcc/avr/4.5.1/../../../../avr/lib/avr6\libc.a(fp_split3.o)
                0x00004c80                __fp_split3
                0x00004c90                __fp_splitA
 .text.avr-libc.fplib
                0x00004cc4        0xe c:/program files (x86)/atmel/avr tools/avr toolchain/bin/../lib/gcc/avr/4.5.1/../../../../avr/lib/avr6\libc.a(fp_zero.o)
                0x00004cc4                __fp_zero
                0x00004cc6                __fp_szero
 .text.avr-libc.fplib
                0x00004cd2        0xe c:/program files (x86)/atmel/avr tools/avr toolchain/bin/../lib/gcc/avr/4.5.1/../../../../avr/lib/avr6\libc.a(inverse.o)
                0x00004cd2                inverse
 .text.avr-libc.fplib
                0x00004ce0       0xc2 c:/program files (x86)/atmel/avr tools/avr toolchain/bin/../lib/gcc/avr/4.5.1/../../../../avr/lib/avr6\libc.a(mulsf3x.o)
                0x00004cf4                __mulsf3x
                0x00004cf8                __mulsf3_pse
 .text.avr-libc.fplib
                0x00004da2        0x6 c:/program files (x86)/atmel/avr tools/avr toolchain/bin/../lib/gcc/avr/4.5.1/../../../../avr/lib/avr6\libc.a(square.o)
                0x00004da2                square
 .text.avr-libc
                0x00004da8        0xc c:/program files (x86)/atmel/avr tools/avr toolchain/bin/../lib/gcc/avr/4.5.1/../../../../avr/lib/avr6\libc.a(eerd_word_atmega2560.o)
                0x00004da8                __eerd_word_m2560
 .text.avr-libc.fplib
                0x00004db4        0xa c:/program files (x86)/atmel/avr tools/avr toolchain/bin/../lib/gcc/avr/4.5.1/../../../../avr/lib/avr6\libc.a(addsf3.o)
                0x00004db4                __subsf3
                0x00004db6                __addsf3
 .text.avr-libc.fplib
                0x00004dbe       0xc0 c:/program files (x86)/atmel/avr tools/avr toolchain/bin/../lib/gcc/avr/4.5.1/../../../../avr/lib/avr6\libc.a(addsf3x.o)
                0x00004dd8                __addsf3x
 .text.avr-libc.fplib
                0x00004e7e        0x4 c:/program files (x86)/atmel/avr tools/avr toolchain/bin/../lib/gcc/avr/4.5.1/../../../../avr/lib/avr6\libc.a(divsf3.o)
                0x00004e7e                __divsf3
 .text.avr-libc
                0x00004e82       0x20 c:/program files (x86)/atmel/avr tools/avr toolchain/bin/../lib/gcc/avr/4.5.1/../../../../avr/lib/avr6\libc.a(eerd_block_atmega2560.o)
                0x00004e82                __eerd_block_m2560
                0x00004e86                __eerd_blraw_m2560
 .text.libgcc   0x00004ea2       0x36 c:/program files (x86)/atmel/avr tools/avr toolchain/bin/../lib/gcc/avr/4.5.1/avr6\libgcc.a(_divmodsi4.o)
                0x00004ea2                __divmodsi4
 .text.libgcc   0x00004ed8       0x44 c:/program files (x86)/atmel/avr tools/avr toolchain/bin/../lib/gcc/avr/4.5.1/avr6\libgcc.a(_udivmodsi4.o)
                0x00004ed8                __udivmodsi4
                0x00004f1c                . = ALIGN (0x2)
 *(.fini9)
 .fini9         0x00004f1c        0x0 c:/program files (x86)/atmel/avr tools/avr toolchain/bin/../lib/gcc/avr/4.5.1/avr6\libgcc.a(_exit.o)
                0x00004f1c                _exit
                0x00004f1c                exit
 *(.fini9)
 *(.fini8)
 *(.fini8)
 *(.fini7)
 *(.fini7)
 *(.fini6)
 *(.fini6)
 *(.fini5)
 *(.fini5)
 *(.fini4)
 *(.fini4)
 *(.fini3)
 *(.fini3)
 *(.fini2)
 *(.fini2)
 *(.fini1)
 *(.fini1)
 *(.fini0)
 .fini0         0x00004f1c        0x2 c:/program files (x86)/atmel/avr tools/avr toolchain/bin/../lib/gcc/avr/4.5.1/avr6\libgcc.a(_exit.o)
 *(.fini0)
                0x00004f1e                _etext = .

.data           0x00800200      0x124 load address 0x00004f1e
                0x00800200                PROVIDE (__data_start, .)
 *(.data)
 .data          0x00800200        0x0 c:/program files (x86)/atmel/avr tools/avr toolchain/bin/../lib/gcc/avr/4.5.1/../../../../avr/lib/avr6/crtm2560.o
 .data          0x00800200        0x0 main.o
 .data          0x00800200        0x0 spi.o
 .data          0x00800200        0x0 mirf.o
 .data          0x00800200        0x3 ir_remote_control.o
                0x00800200                check
 .data          0x00800203        0x0 speed_control.o
 .data          0x00800203       0x14 variables.o
                0x00800203                k_ff_speed_control_left
                0x00800205                k_ff_speed_control_right
                0x00800207                compute_left_vel
                0x00800208                compute_right_vel
                0x00800209                firstSampleRight
                0x0080020a                firstSampleLeft
                0x0080020b                packetId
                0x0080020c                pwm_red
                0x0080020d                pwm_green
                0x0080020e                pwm_blue
                0x0080020f                peripheralChoice
                0x00800210                choosePeripheral
                0x00800211                irEnabled
                0x00800212                checkGlitch
                0x00800213                accelAddress
                0x00800214                prevPosition
                0x00800215                currPosition
                0x00800216                robotPosition
 .data          0x00800217        0x0 ports_io.o
 .data          0x00800217        0x0 twimaster.o
 .data          0x00800217        0x0 usart.o
 .data          0x00800217        0x0 utility.o
 .data          0x00800217        0x0 adc.o
 .data          0x00800217        0x0 motors.o
 .data          0x00800217        0x0 behaviors.o
 .data          0x00800217        0x0 leds.o
 .data          0x00800217        0x0 sensors.o
 .data          0x00800217        0x0 c:/program files (x86)/atmel/avr tools/avr toolchain/bin/../lib/gcc/avr/4.5.1/avr6\libgcc.a(_mulsi3.o)
 .data          0x00800217        0x0 c:/program files (x86)/atmel/avr tools/avr toolchain/bin/../lib/gcc/avr/4.5.1/avr6\libgcc.a(_udivmodhi4.o)
 .data          0x00800217        0x0 c:/program files (x86)/atmel/avr tools/avr toolchain/bin/../lib/gcc/avr/4.5.1/avr6\libgcc.a(_divmodhi4.o)
 .data          0x00800217        0x0 c:/program files (x86)/atmel/avr tools/avr toolchain/bin/../lib/gcc/avr/4.5.1/avr6\libgcc.a(_exit.o)
 .data          0x00800217        0x0 c:/program files (x86)/atmel/avr tools/avr toolchain/bin/../lib/gcc/avr/4.5.1/avr6\libgcc.a(_copy_data.o)
 .data          0x00800217        0x0 c:/program files (x86)/atmel/avr tools/avr toolchain/bin/../lib/gcc/avr/4.5.1/avr6\libgcc.a(_clear_bss.o)
 .data          0x00800217        0x0 c:/program files (x86)/atmel/avr tools/avr toolchain/bin/../lib/gcc/avr/4.5.1/avr6\libgcc.a(_mul_sf.o)
 .data          0x00800217        0x0 c:/program files (x86)/atmel/avr tools/avr toolchain/bin/../lib/gcc/avr/4.5.1/avr6\libgcc.a(_si_to_sf.o)
 .data          0x00800217        0x0 c:/program files (x86)/atmel/avr tools/avr toolchain/bin/../lib/gcc/avr/4.5.1/avr6\libgcc.a(_sf_to_si.o)
 .data          0x00800217        0x8 c:/program files (x86)/atmel/avr tools/avr toolchain/bin/../lib/gcc/avr/4.5.1/avr6\libgcc.a(_thenan_sf.o)
                0x00800217                __thenan_sf
 .data          0x0080021f        0x0 c:/program files (x86)/atmel/avr tools/avr toolchain/bin/../lib/gcc/avr/4.5.1/avr6\libgcc.a(_prologue.o)
 .data          0x0080021f        0x0 c:/program files (x86)/atmel/avr tools/avr toolchain/bin/../lib/gcc/avr/4.5.1/avr6\libgcc.a(_epilogue.o)
 .data          0x0080021f        0x0 c:/program files (x86)/atmel/avr tools/avr toolchain/bin/../lib/gcc/avr/4.5.1/avr6\libgcc.a(_clzsi2.o)
 .data          0x0080021f        0x0 c:/program files (x86)/atmel/avr tools/avr toolchain/bin/../lib/gcc/avr/4.5.1/avr6\libgcc.a(_pack_sf.o)
 .data          0x0080021f        0x0 c:/program files (x86)/atmel/avr tools/avr toolchain/bin/../lib/gcc/avr/4.5.1/avr6\libgcc.a(_unpack_sf.o)
 .data          0x0080021f      0x100 c:/program files (x86)/atmel/avr tools/avr toolchain/bin/../lib/gcc/avr/4.5.1/avr6\libgcc.a(_clz.o)
                0x0080021f                __clz_tab
 .data          0x0080031f        0x4 c:/program files (x86)/atmel/avr tools/avr toolchain/bin/../lib/gcc/avr/4.5.1/../../../../avr/lib/avr6\libc.a(rand.o)
 .data          0x00800323        0x0 c:/program files (x86)/atmel/avr tools/avr toolchain/bin/../lib/gcc/avr/4.5.1/../../../../avr/lib/avr6\libc.a(atan2.o)
 .data          0x00800323        0x0 c:/program files (x86)/atmel/avr tools/avr toolchain/bin/../lib/gcc/avr/4.5.1/../../../../avr/lib/avr6\libc.a(atan.o)
 .data          0x00800323        0x0 c:/program files (x86)/atmel/avr tools/avr toolchain/bin/../lib/gcc/avr/4.5.1/../../../../avr/lib/avr6\libc.a(divsf3x.o)
 .data          0x00800323        0x0 c:/program files (x86)/atmel/avr tools/avr toolchain/bin/../lib/gcc/avr/4.5.1/../../../../avr/lib/avr6\libc.a(fp_inf.o)
 .data          0x00800323        0x0 c:/program files (x86)/atmel/avr tools/avr toolchain/bin/../lib/gcc/avr/4.5.1/../../../../avr/lib/avr6\libc.a(fp_nan.o)
 .data          0x00800323        0x0 c:/program files (x86)/atmel/avr tools/avr toolchain/bin/../lib/gcc/avr/4.5.1/../../../../avr/lib/avr6\libc.a(fp_powser.o)
 .data          0x00800323        0x0 c:/program files (x86)/atmel/avr tools/avr toolchain/bin/../lib/gcc/avr/4.5.1/../../../../avr/lib/avr6\libc.a(fp_pscA.o)
 .data          0x00800323        0x0 c:/program files (x86)/atmel/avr tools/avr toolchain/bin/../lib/gcc/avr/4.5.1/../../../../avr/lib/avr6\libc.a(fp_pscB.o)
 .data          0x00800323        0x0 c:/program files (x86)/atmel/avr tools/avr toolchain/bin/../lib/gcc/avr/4.5.1/../../../../avr/lib/avr6\libc.a(fp_round.o)
 .data          0x00800323        0x0 c:/program files (x86)/atmel/avr tools/avr toolchain/bin/../lib/gcc/avr/4.5.1/../../../../avr/lib/avr6\libc.a(fp_split3.o)
 .data          0x00800323        0x0 c:/program files (x86)/atmel/avr tools/avr toolchain/bin/../lib/gcc/avr/4.5.1/../../../../avr/lib/avr6\libc.a(fp_zero.o)
 .data          0x00800323        0x0 c:/program files (x86)/atmel/avr tools/avr toolchain/bin/../lib/gcc/avr/4.5.1/../../../../avr/lib/avr6\libc.a(inverse.o)
 .data          0x00800323        0x0 c:/program files (x86)/atmel/avr tools/avr toolchain/bin/../lib/gcc/avr/4.5.1/../../../../avr/lib/avr6\libc.a(mulsf3x.o)
 .data          0x00800323        0x0 c:/program files (x86)/atmel/avr tools/avr toolchain/bin/../lib/gcc/avr/4.5.1/../../../../avr/lib/avr6\libc.a(square.o)
 .data          0x00800323        0x0 c:/program files (x86)/atmel/avr tools/avr toolchain/bin/../lib/gcc/avr/4.5.1/../../../../avr/lib/avr6\libc.a(eerd_word_atmega2560.o)
 .data          0x00800323        0x0 c:/program files (x86)/atmel/avr tools/avr toolchain/bin/../lib/gcc/avr/4.5.1/../../../../avr/lib/avr6\libc.a(addsf3.o)
 .data          0x00800323        0x0 c:/program files (x86)/atmel/avr tools/avr toolchain/bin/../lib/gcc/avr/4.5.1/../../../../avr/lib/avr6\libc.a(addsf3x.o)
 .data          0x00800323        0x0 c:/program files (x86)/atmel/avr tools/avr toolchain/bin/../lib/gcc/avr/4.5.1/../../../../avr/lib/avr6\libc.a(divsf3.o)
 .data          0x00800323        0x0 c:/program files (x86)/atmel/avr tools/avr toolchain/bin/../lib/gcc/avr/4.5.1/../../../../avr/lib/avr6\libc.a(eerd_block_atmega2560.o)
 .data          0x00800323        0x0 c:/program files (x86)/atmel/avr tools/avr toolchain/bin/../lib/gcc/avr/4.5.1/avr6\libgcc.a(_divmodsi4.o)
 .data          0x00800323        0x0 c:/program files (x86)/atmel/avr tools/avr toolchain/bin/../lib/gcc/avr/4.5.1/avr6\libgcc.a(_udivmodsi4.o)
 *(.data*)
 *(.rodata)
 *(.rodata*)
 *(.gnu.linkonce.d*)
                0x00800324                . = ALIGN (0x2)
 *fill*         0x00800323        0x1 00
                0x00800324                _edata = .
                0x00800324                PROVIDE (__data_end, .)

.bss            0x00800324      0x133
                0x00800324                PROVIDE (__bss_start, .)
 *(.bss)
 .bss           0x00800324        0x0 c:/program files (x86)/atmel/avr tools/avr toolchain/bin/../lib/gcc/avr/4.5.1/../../../../avr/lib/avr6/crtm2560.o
 .bss           0x00800324        0x0 main.o
 .bss           0x00800324        0x0 spi.o
 .bss           0x00800324        0x0 mirf.o
 .bss           0x00800324        0x5 ir_remote_control.o
                0x00800324                address
                0x00800325                data_ir
 .bss           0x00800329        0x0 speed_control.o
 .bss           0x00800329      0x101 variables.o
                0x00800329                currentAdChannel
                0x0080032a                currentProx
                0x0080032b                currentMotLeftChannel
                0x0080032c                currentMotRightChannel
                0x0080032d                rightMotorPhase
                0x0080032e                leftMotorPhase
                0x0080032f                proximityValue
                0x0080035f                proximityResult
                0x00800377                proximityOffset
                0x0080038f                proximitySum
                0x008003bf                adcSaveDataTo
                0x008003c0                adcSamplingState
                0x008003c1                rightChannelPhase
                0x008003c2                leftChannelPhase
                0x008003c3                batteryLevel
                0x008003c5                measBattery
                0x008003c6                proxUpdated
                0x008003c7                proximityResultLinear
                0x008003d7                left_current_avg
                0x008003d9                right_current_avg
                0x008003db                last_left_current
                0x008003dd                last_right_current
                0x008003df                pwm_right_desired_to_control
                0x008003e1                pwm_left_desired_to_control
                0x008003e3                left_vel_sum
                0x008003e5                right_vel_sum
                0x008003e7                last_left_vel
                0x008003e9                last_right_vel
                0x008003eb                pwm_right
                0x008003ed                pwm_left
                0x008003ef                pwm_right_desired
                0x008003f1                pwm_left_desired
                0x008003f3                pwm_right_speed_controller
                0x008003f5                pwm_left_speed_controller
                0x008003f7                delta_left_speed_sum
                0x008003f9                delta_right_speed_sum
                0x008003fb                pwm_right_working
                0x008003fd                pwm_left_working
                0x008003ff                speedl
                0x00800401                speedr
                0x00800403                rfAddress
                0x00800405                blinkState
                0x00800406                sendAdcValues
                0x00800407                irCommand
                0x00800408                command_received
                0x00800409                colorState
                0x0080040a                behaviorState
                0x0080040b                useAccel
                0x0080040c                accX
                0x0080040e                accY
                0x00800410                accZ
                0x00800412                accOffsetX
                0x00800414                accOffsetY
                0x00800416                accOffsetZ
                0x00800418                accOffsetXSum
                0x0080041a                accOffsetYSum
                0x0080041c                accOffsetZSum
                0x0080041e                currentAngle
                0x00800420                timesInSamePos
                0x00800421                delayCounter
                0x00800423                currentSelector
                0x00800424                calibrationCycle
                0x00800426                hardwareRevision
                0x00800427                obstacleAvoidanceEnabled
                0x00800428                cliffAvoidanceEnabled
                0x00800429                cliffDetectedFlag
 .bss           0x0080042a        0x0 ports_io.o
 .bss           0x0080042a        0x0 twimaster.o
 .bss           0x0080042a        0x0 usart.o
 .bss           0x0080042a        0x0 utility.o
 .bss           0x0080042a        0x0 adc.o
 .bss           0x0080042a        0x0 motors.o
 .bss           0x0080042a        0x0 behaviors.o
 .bss           0x0080042a        0x0 leds.o
 .bss           0x0080042a        0x0 sensors.o
 .bss           0x0080042a        0x0 c:/program files (x86)/atmel/avr tools/avr toolchain/bin/../lib/gcc/avr/4.5.1/avr6\libgcc.a(_mulsi3.o)
 .bss           0x0080042a        0x0 c:/program files (x86)/atmel/avr tools/avr toolchain/bin/../lib/gcc/avr/4.5.1/avr6\libgcc.a(_udivmodhi4.o)
 .bss           0x0080042a        0x0 c:/program files (x86)/atmel/avr tools/avr toolchain/bin/../lib/gcc/avr/4.5.1/avr6\libgcc.a(_divmodhi4.o)
 .bss           0x0080042a        0x0 c:/program files (x86)/atmel/avr tools/avr toolchain/bin/../lib/gcc/avr/4.5.1/avr6\libgcc.a(_exit.o)
 .bss           0x0080042a        0x0 c:/program files (x86)/atmel/avr tools/avr toolchain/bin/../lib/gcc/avr/4.5.1/avr6\libgcc.a(_copy_data.o)
 .bss           0x0080042a        0x0 c:/program files (x86)/atmel/avr tools/avr toolchain/bin/../lib/gcc/avr/4.5.1/avr6\libgcc.a(_clear_bss.o)
 .bss           0x0080042a        0x0 c:/program files (x86)/atmel/avr tools/avr toolchain/bin/../lib/gcc/avr/4.5.1/avr6\libgcc.a(_mul_sf.o)
 .bss           0x0080042a        0x0 c:/program files (x86)/atmel/avr tools/avr toolchain/bin/../lib/gcc/avr/4.5.1/avr6\libgcc.a(_si_to_sf.o)
 .bss           0x0080042a        0x0 c:/program files (x86)/atmel/avr tools/avr toolchain/bin/../lib/gcc/avr/4.5.1/avr6\libgcc.a(_sf_to_si.o)
 .bss           0x0080042a        0x0 c:/program files (x86)/atmel/avr tools/avr toolchain/bin/../lib/gcc/avr/4.5.1/avr6\libgcc.a(_thenan_sf.o)
 .bss           0x0080042a        0x0 c:/program files (x86)/atmel/avr tools/avr toolchain/bin/../lib/gcc/avr/4.5.1/avr6\libgcc.a(_prologue.o)
 .bss           0x0080042a        0x0 c:/program files (x86)/atmel/avr tools/avr toolchain/bin/../lib/gcc/avr/4.5.1/avr6\libgcc.a(_epilogue.o)
 .bss           0x0080042a        0x0 c:/program files (x86)/atmel/avr tools/avr toolchain/bin/../lib/gcc/avr/4.5.1/avr6\libgcc.a(_clzsi2.o)
 .bss           0x0080042a        0x0 c:/program files (x86)/atmel/avr tools/avr toolchain/bin/../lib/gcc/avr/4.5.1/avr6\libgcc.a(_pack_sf.o)
 .bss           0x0080042a        0x0 c:/program files (x86)/atmel/avr tools/avr toolchain/bin/../lib/gcc/avr/4.5.1/avr6\libgcc.a(_unpack_sf.o)
 .bss           0x0080042a        0x0 c:/program files (x86)/atmel/avr tools/avr toolchain/bin/../lib/gcc/avr/4.5.1/avr6\libgcc.a(_clz.o)
 .bss           0x0080042a        0x0 c:/program files (x86)/atmel/avr tools/avr toolchain/bin/../lib/gcc/avr/4.5.1/../../../../avr/lib/avr6\libc.a(rand.o)
 .bss           0x0080042a        0x0 c:/program files (x86)/atmel/avr tools/avr toolchain/bin/../lib/gcc/avr/4.5.1/../../../../avr/lib/avr6\libc.a(atan2.o)
 .bss           0x0080042a        0x0 c:/program files (x86)/atmel/avr tools/avr toolchain/bin/../lib/gcc/avr/4.5.1/../../../../avr/lib/avr6\libc.a(atan.o)
 .bss           0x0080042a        0x0 c:/program files (x86)/atmel/avr tools/avr toolchain/bin/../lib/gcc/avr/4.5.1/../../../../avr/lib/avr6\libc.a(divsf3x.o)
 .bss           0x0080042a        0x0 c:/program files (x86)/atmel/avr tools/avr toolchain/bin/../lib/gcc/avr/4.5.1/../../../../avr/lib/avr6\libc.a(fp_inf.o)
 .bss           0x0080042a        0x0 c:/program files (x86)/atmel/avr tools/avr toolchain/bin/../lib/gcc/avr/4.5.1/../../../../avr/lib/avr6\libc.a(fp_nan.o)
 .bss           0x0080042a        0x0 c:/program files (x86)/atmel/avr tools/avr toolchain/bin/../lib/gcc/avr/4.5.1/../../../../avr/lib/avr6\libc.a(fp_powser.o)
 .bss           0x0080042a        0x0 c:/program files (x86)/atmel/avr tools/avr toolchain/bin/../lib/gcc/avr/4.5.1/../../../../avr/lib/avr6\libc.a(fp_pscA.o)
 .bss           0x0080042a        0x0 c:/program files (x86)/atmel/avr tools/avr toolchain/bin/../lib/gcc/avr/4.5.1/../../../../avr/lib/avr6\libc.a(fp_pscB.o)
 .bss           0x0080042a        0x0 c:/program files (x86)/atmel/avr tools/avr toolchain/bin/../lib/gcc/avr/4.5.1/../../../../avr/lib/avr6\libc.a(fp_round.o)
 .bss           0x0080042a        0x0 c:/program files (x86)/atmel/avr tools/avr toolchain/bin/../lib/gcc/avr/4.5.1/../../../../avr/lib/avr6\libc.a(fp_split3.o)
 .bss           0x0080042a        0x0 c:/program files (x86)/atmel/avr tools/avr toolchain/bin/../lib/gcc/avr/4.5.1/../../../../avr/lib/avr6\libc.a(fp_zero.o)
 .bss           0x0080042a        0x0 c:/program files (x86)/atmel/avr tools/avr toolchain/bin/../lib/gcc/avr/4.5.1/../../../../avr/lib/avr6\libc.a(inverse.o)
 .bss           0x0080042a        0x0 c:/program files (x86)/atmel/avr tools/avr toolchain/bin/../lib/gcc/avr/4.5.1/../../../../avr/lib/avr6\libc.a(mulsf3x.o)
 .bss           0x0080042a        0x0 c:/program files (x86)/atmel/avr tools/avr toolchain/bin/../lib/gcc/avr/4.5.1/../../../../avr/lib/avr6\libc.a(square.o)
 .bss           0x0080042a        0x0 c:/program files (x86)/atmel/avr tools/avr toolchain/bin/../lib/gcc/avr/4.5.1/../../../../avr/lib/avr6\libc.a(eerd_word_atmega2560.o)
 .bss           0x0080042a        0x0 c:/program files (x86)/atmel/avr tools/avr toolchain/bin/../lib/gcc/avr/4.5.1/../../../../avr/lib/avr6\libc.a(addsf3.o)
 .bss           0x0080042a        0x0 c:/program files (x86)/atmel/avr tools/avr toolchain/bin/../lib/gcc/avr/4.5.1/../../../../avr/lib/avr6\libc.a(addsf3x.o)
 .bss           0x0080042a        0x0 c:/program files (x86)/atmel/avr tools/avr toolchain/bin/../lib/gcc/avr/4.5.1/../../../../avr/lib/avr6\libc.a(divsf3.o)
 .bss           0x0080042a        0x0 c:/program files (x86)/atmel/avr tools/avr toolchain/bin/../lib/gcc/avr/4.5.1/../../../../avr/lib/avr6\libc.a(eerd_block_atmega2560.o)
 .bss           0x0080042a        0x0 c:/program files (x86)/atmel/avr tools/avr toolchain/bin/../lib/gcc/avr/4.5.1/avr6\libgcc.a(_divmodsi4.o)
 .bss           0x0080042a        0x0 c:/program files (x86)/atmel/avr tools/avr toolchain/bin/../lib/gcc/avr/4.5.1/avr6\libgcc.a(_udivmodsi4.o)
 *(.bss*)
 *(COMMON)
 COMMON         0x0080042a        0x1 mirf.o
                0x0080042a                PTX
 COMMON         0x0080042b       0x2c variables.o
                0x0080042b                delta_left_speed_current
                0x0080042d                delta_right_speed_prev
                0x0080042f                ackPayload
                0x0080043f                dataLED
                0x00800445                delta_left_speed_prev
                0x00800447                rfData
                0x00800454                delta_right_speed_current
                0x00800456                startCalibration
                0x00800457                PROVIDE (__bss_end, .)
                0x00004f1e                __data_load_start = LOADADDR (.data)
                0x00005042                __data_load_end = (__data_load_start + SIZEOF (.data))

.noinit         0x00800457        0x0
                0x00800457                PROVIDE (__noinit_start, .)
 *(.noinit*)
                0x00800457                PROVIDE (__noinit_end, .)
                0x00800457                _end = .
                0x00800457                PROVIDE (__heap_start, .)

.eeprom         0x00810000        0x0
 *(.eeprom*)
                0x00810000                __eeprom_end = .

.fuse
 *(.fuse)
 *(.lfuse)
 *(.hfuse)
 *(.efuse)

.lock
 *(.lock*)

.signature
 *(.signature*)

.stab           0x00000000     0x24b4
 *(.stab)
 .stab          0x00000000      0x6e4 c:/program files (x86)/atmel/avr tools/avr toolchain/bin/../lib/gcc/avr/4.5.1/../../../../avr/lib/avr6/crtm2560.o
 .stab          0x000006e4      0x2f4 c:/program files (x86)/atmel/avr tools/avr toolchain/bin/../lib/gcc/avr/4.5.1/../../../../avr/lib/avr6\libc.a(atan2.o)
                                0x300 (size before relaxing)
 .stab          0x000009d8      0x210 c:/program files (x86)/atmel/avr tools/avr toolchain/bin/../lib/gcc/avr/4.5.1/../../../../avr/lib/avr6\libc.a(atan.o)
                                0x21c (size before relaxing)
 .stab          0x00000be8      0x510 c:/program files (x86)/atmel/avr tools/avr toolchain/bin/../lib/gcc/avr/4.5.1/../../../../avr/lib/avr6\libc.a(divsf3x.o)
                                0x51c (size before relaxing)
 .stab          0x000010f8       0x78 c:/program files (x86)/atmel/avr tools/avr toolchain/bin/../lib/gcc/avr/4.5.1/../../../../avr/lib/avr6\libc.a(fp_inf.o)
                                 0x84 (size before relaxing)
 .stab          0x00001170       0x54 c:/program files (x86)/atmel/avr tools/avr toolchain/bin/../lib/gcc/avr/4.5.1/../../../../avr/lib/avr6\libc.a(fp_nan.o)
                                 0x60 (size before relaxing)
 .stab          0x000011c4      0x1ec c:/program files (x86)/atmel/avr tools/avr toolchain/bin/../lib/gcc/avr/4.5.1/../../../../avr/lib/avr6\libc.a(fp_powser.o)
                                0x1f8 (size before relaxing)
 .stab          0x000013b0       0x84 c:/program files (x86)/atmel/avr tools/avr toolchain/bin/../lib/gcc/avr/4.5.1/../../../../avr/lib/avr6\libc.a(fp_pscA.o)
                                 0x90 (size before relaxing)
 .stab          0x00001434       0x84 c:/program files (x86)/atmel/avr tools/avr toolchain/bin/../lib/gcc/avr/4.5.1/../../../../avr/lib/avr6\libc.a(fp_pscB.o)
                                 0x90 (size before relaxing)
 .stab          0x000014b8       0xfc c:/program files (x86)/atmel/avr tools/avr toolchain/bin/../lib/gcc/avr/4.5.1/../../../../avr/lib/avr6\libc.a(fp_round.o)
                                0x108 (size before relaxing)
 .stab          0x000015b4      0x1d4 c:/program files (x86)/atmel/avr tools/avr toolchain/bin/../lib/gcc/avr/4.5.1/../../../../avr/lib/avr6\libc.a(fp_split3.o)
                                0x1e0 (size before relaxing)
 .stab          0x00001788       0x90 c:/program files (x86)/atmel/avr tools/avr toolchain/bin/../lib/gcc/avr/4.5.1/../../../../avr/lib/avr6\libc.a(fp_zero.o)
                                 0x9c (size before relaxing)
 .stab          0x00001818       0x84 c:/program files (x86)/atmel/avr tools/avr toolchain/bin/../lib/gcc/avr/4.5.1/../../../../avr/lib/avr6\libc.a(inverse.o)
                                 0x90 (size before relaxing)
 .stab          0x0000189c      0x4d4 c:/program files (x86)/atmel/avr tools/avr toolchain/bin/../lib/gcc/avr/4.5.1/../../../../avr/lib/avr6\libc.a(mulsf3x.o)
                                0x4e0 (size before relaxing)
 .stab          0x00001d70       0x54 c:/program files (x86)/atmel/avr tools/avr toolchain/bin/../lib/gcc/avr/4.5.1/../../../../avr/lib/avr6\libc.a(square.o)
                                 0x60 (size before relaxing)
 .stab          0x00001dc4       0x6c c:/program files (x86)/atmel/avr tools/avr toolchain/bin/../lib/gcc/avr/4.5.1/../../../../avr/lib/avr6\libc.a(eerd_word_atmega2560.o)
                                 0x78 (size before relaxing)
 .stab          0x00001e30       0x78 c:/program files (x86)/atmel/avr tools/avr toolchain/bin/../lib/gcc/avr/4.5.1/../../../../avr/lib/avr6\libc.a(addsf3.o)
                                 0x84 (size before relaxing)
 .stab          0x00001ea8      0x4bc c:/program files (x86)/atmel/avr tools/avr toolchain/bin/../lib/gcc/avr/4.5.1/../../../../avr/lib/avr6\libc.a(addsf3x.o)
                                0x4c8 (size before relaxing)
 .stab          0x00002364       0x48 c:/program files (x86)/atmel/avr tools/avr toolchain/bin/../lib/gcc/avr/4.5.1/../../../../avr/lib/avr6\libc.a(divsf3.o)
                                 0x54 (size before relaxing)
 .stab          0x000023ac      0x108 c:/program files (x86)/atmel/avr tools/avr toolchain/bin/../lib/gcc/avr/4.5.1/../../../../avr/lib/avr6\libc.a(eerd_block_atmega2560.o)
                                0x114 (size before relaxing)

.stabstr        0x00000000      0x7c9
 *(.stabstr)
 .stabstr       0x00000000      0x7c9 c:/program files (x86)/atmel/avr tools/avr toolchain/bin/../lib/gcc/avr/4.5.1/../../../../avr/lib/avr6/crtm2560.o

.stab.excl
 *(.stab.excl)

.stab.exclstr
 *(.stab.exclstr)

.stab.index
 *(.stab.index)

.stab.indexstr
 *(.stab.indexstr)

.comment
 *(.comment)

.debug
 *(.debug)

.line
 *(.line)

.debug_srcinfo
 *(.debug_srcinfo)

.debug_sfnames
 *(.debug_sfnames)

.debug_aranges  0x00000000      0x2b8
 *(.debug_aranges)
 .debug_aranges
                0x00000000       0x20 main.o
 .debug_aranges
                0x00000020       0x20 spi.o
 .debug_aranges
                0x00000040       0x20 mirf.o
 .debug_aranges
                0x00000060       0x20 ir_remote_control.o
 .debug_aranges
                0x00000080       0x20 speed_control.o
 .debug_aranges
                0x000000a0       0x20 ports_io.o
 .debug_aranges
                0x000000c0       0x20 twimaster.o
 .debug_aranges
                0x000000e0       0x20 usart.o
 .debug_aranges
                0x00000100       0x20 utility.o
 .debug_aranges
                0x00000120       0x20 adc.o
 .debug_aranges
                0x00000140       0x20 motors.o
 .debug_aranges
                0x00000160       0x20 behaviors.o
 .debug_aranges
                0x00000180       0x20 leds.o
 .debug_aranges
                0x000001a0       0x20 sensors.o
 .debug_aranges
                0x000001c0       0x20 c:/program files (x86)/atmel/avr tools/avr toolchain/bin/../lib/gcc/avr/4.5.1/avr6\libgcc.a(_mul_sf.o)
 .debug_aranges
                0x000001e0       0x20 c:/program files (x86)/atmel/avr tools/avr toolchain/bin/../lib/gcc/avr/4.5.1/avr6\libgcc.a(_si_to_sf.o)
 .debug_aranges
                0x00000200       0x20 c:/program files (x86)/atmel/avr tools/avr toolchain/bin/../lib/gcc/avr/4.5.1/avr6\libgcc.a(_sf_to_si.o)
 .debug_aranges
                0x00000220       0x20 c:/program files (x86)/atmel/avr tools/avr toolchain/bin/../lib/gcc/avr/4.5.1/avr6\libgcc.a(_clzsi2.o)
 .debug_aranges
                0x00000240       0x20 c:/program files (x86)/atmel/avr tools/avr toolchain/bin/../lib/gcc/avr/4.5.1/avr6\libgcc.a(_pack_sf.o)
 .debug_aranges
                0x00000260       0x20 c:/program files (x86)/atmel/avr tools/avr toolchain/bin/../lib/gcc/avr/4.5.1/avr6\libgcc.a(_unpack_sf.o)
 .debug_aranges
                0x00000280       0x38 c:/program files (x86)/atmel/avr tools/avr toolchain/bin/../lib/gcc/avr/4.5.1/../../../../avr/lib/avr6\libc.a(rand.o)

.debug_pubnames
                0x00000000      0xed7
 *(.debug_pubnames)
 .debug_pubnames
                0x00000000       0x1b main.o
 .debug_pubnames
                0x0000001b       0x6a spi.o
 .debug_pubnames
                0x00000085      0x13a mirf.o
 .debug_pubnames
                0x000001bf       0xd3 ir_remote_control.o
 .debug_pubnames
                0x00000292       0xc7 speed_control.o
 .debug_pubnames
                0x00000359      0x70b variables.o
 .debug_pubnames
                0x00000a64       0x22 ports_io.o
 .debug_pubnames
                0x00000a86       0x9b twimaster.o
 .debug_pubnames
                0x00000b21       0x51 usart.o
 .debug_pubnames
                0x00000b72       0x50 utility.o
 .debug_pubnames
                0x00000bc2       0x2e adc.o
 .debug_pubnames
                0x00000bf0       0x81 motors.o
 .debug_pubnames
                0x00000c71       0x3a behaviors.o
 .debug_pubnames
                0x00000cab       0x6a leds.o
 .debug_pubnames
                0x00000d15       0x90 sensors.o
 .debug_pubnames
                0x00000da5       0x1f c:/program files (x86)/atmel/avr tools/avr toolchain/bin/../lib/gcc/avr/4.5.1/avr6\libgcc.a(_mul_sf.o)
 .debug_pubnames
                0x00000dc4       0x22 c:/program files (x86)/atmel/avr tools/avr toolchain/bin/../lib/gcc/avr/4.5.1/avr6\libgcc.a(_si_to_sf.o)
 .debug_pubnames
                0x00000de6       0x20 c:/program files (x86)/atmel/avr tools/avr toolchain/bin/../lib/gcc/avr/4.5.1/avr6\libgcc.a(_sf_to_si.o)
 .debug_pubnames
                0x00000e06       0x22 c:/program files (x86)/atmel/avr tools/avr toolchain/bin/../lib/gcc/avr/4.5.1/avr6\libgcc.a(_thenan_sf.o)
 .debug_pubnames
                0x00000e28       0x1f c:/program files (x86)/atmel/avr tools/avr toolchain/bin/../lib/gcc/avr/4.5.1/avr6\libgcc.a(_clzsi2.o)
 .debug_pubnames
                0x00000e47       0x1f c:/program files (x86)/atmel/avr tools/avr toolchain/bin/../lib/gcc/avr/4.5.1/avr6\libgcc.a(_pack_sf.o)
 .debug_pubnames
                0x00000e66       0x21 c:/program files (x86)/atmel/avr tools/avr toolchain/bin/../lib/gcc/avr/4.5.1/avr6\libgcc.a(_unpack_sf.o)
 .debug_pubnames
                0x00000e87       0x20 c:/program files (x86)/atmel/avr tools/avr toolchain/bin/../lib/gcc/avr/4.5.1/avr6\libgcc.a(_clz.o)
 .debug_pubnames
                0x00000ea7       0x30 c:/program files (x86)/atmel/avr tools/avr toolchain/bin/../lib/gcc/avr/4.5.1/../../../../avr/lib/avr6\libc.a(rand.o)

.debug_info     0x00000000     0x415f
 *(.debug_info)
 .debug_info    0x00000000      0x291 main.o
 .debug_info    0x00000291      0x15f spi.o
 .debug_info    0x000003f0      0x9bb mirf.o
 .debug_info    0x00000dab      0x3a6 ir_remote_control.o
 .debug_info    0x00001151      0x26e speed_control.o
 .debug_info    0x000013bf      0x750 variables.o
 .debug_info    0x00001b0f       0x98 ports_io.o
 .debug_info    0x00001ba7      0x1fc twimaster.o
 .debug_info    0x00001da3      0x1d8 usart.o
 .debug_info    0x00001f7b      0x1c0 utility.o
 .debug_info    0x0000213b      0x417 adc.o
 .debug_info    0x00002552      0x259 motors.o
 .debug_info    0x000027ab      0x167 behaviors.o
 .debug_info    0x00002912      0x17f leds.o
 .debug_info    0x00002a91      0x4bb sensors.o
 .debug_info    0x00002f4c      0x429 c:/program files (x86)/atmel/avr tools/avr toolchain/bin/../lib/gcc/avr/4.5.1/avr6\libgcc.a(_mul_sf.o)
 .debug_info    0x00003375      0x207 c:/program files (x86)/atmel/avr tools/avr toolchain/bin/../lib/gcc/avr/4.5.1/avr6\libgcc.a(_si_to_sf.o)
 .debug_info    0x0000357c      0x2b0 c:/program files (x86)/atmel/avr tools/avr toolchain/bin/../lib/gcc/avr/4.5.1/avr6\libgcc.a(_sf_to_si.o)
 .debug_info    0x0000382c      0x12c c:/program files (x86)/atmel/avr tools/avr toolchain/bin/../lib/gcc/avr/4.5.1/avr6\libgcc.a(_thenan_sf.o)
 .debug_info    0x00003958      0x10c c:/program files (x86)/atmel/avr tools/avr toolchain/bin/../lib/gcc/avr/4.5.1/avr6\libgcc.a(_clzsi2.o)
 .debug_info    0x00003a64      0x2ec c:/program files (x86)/atmel/avr tools/avr toolchain/bin/../lib/gcc/avr/4.5.1/avr6\libgcc.a(_pack_sf.o)
 .debug_info    0x00003d50      0x251 c:/program files (x86)/atmel/avr tools/avr toolchain/bin/../lib/gcc/avr/4.5.1/avr6\libgcc.a(_unpack_sf.o)
 .debug_info    0x00003fa1       0x9e c:/program files (x86)/atmel/avr tools/avr toolchain/bin/../lib/gcc/avr/4.5.1/avr6\libgcc.a(_clz.o)
 .debug_info    0x0000403f      0x120 c:/program files (x86)/atmel/avr tools/avr toolchain/bin/../lib/gcc/avr/4.5.1/../../../../avr/lib/avr6\libc.a(rand.o)
 *(.gnu.linkonce.wi.*)

.debug_abbrev   0x00000000     0x165d
 *(.debug_abbrev)
 .debug_abbrev  0x00000000       0x5f main.o
 .debug_abbrev  0x0000005f       0xbd spi.o
 .debug_abbrev  0x0000011c      0x268 mirf.o
 .debug_abbrev  0x00000384      0x121 ir_remote_control.o
 .debug_abbrev  0x000004a5       0x7d speed_control.o
 .debug_abbrev  0x00000522       0x54 variables.o
 .debug_abbrev  0x00000576       0x5d ports_io.o
 .debug_abbrev  0x000005d3      0x139 twimaster.o
 .debug_abbrev  0x0000070c       0x97 usart.o
 .debug_abbrev  0x000007a3       0xd4 utility.o
 .debug_abbrev  0x00000877       0x9c adc.o
 .debug_abbrev  0x00000913       0x85 motors.o
 .debug_abbrev  0x00000998       0xaf behaviors.o
 .debug_abbrev  0x00000a47       0x81 leds.o
 .debug_abbrev  0x00000ac8      0x117 sensors.o
 .debug_abbrev  0x00000bdf      0x20c c:/program files (x86)/atmel/avr tools/avr toolchain/bin/../lib/gcc/avr/4.5.1/avr6\libgcc.a(_mul_sf.o)
 .debug_abbrev  0x00000deb      0x148 c:/program files (x86)/atmel/avr tools/avr toolchain/bin/../lib/gcc/avr/4.5.1/avr6\libgcc.a(_si_to_sf.o)
 .debug_abbrev  0x00000f33      0x17f c:/program files (x86)/atmel/avr tools/avr toolchain/bin/../lib/gcc/avr/4.5.1/avr6\libgcc.a(_sf_to_si.o)
 .debug_abbrev  0x000010b2       0xad c:/program files (x86)/atmel/avr tools/avr toolchain/bin/../lib/gcc/avr/4.5.1/avr6\libgcc.a(_thenan_sf.o)
 .debug_abbrev  0x0000115f       0xc2 c:/program files (x86)/atmel/avr tools/avr toolchain/bin/../lib/gcc/avr/4.5.1/avr6\libgcc.a(_clzsi2.o)
 .debug_abbrev  0x00001221      0x1b3 c:/program files (x86)/atmel/avr tools/avr toolchain/bin/../lib/gcc/avr/4.5.1/avr6\libgcc.a(_pack_sf.o)
 .debug_abbrev  0x000013d4      0x154 c:/program files (x86)/atmel/avr tools/avr toolchain/bin/../lib/gcc/avr/4.5.1/avr6\libgcc.a(_unpack_sf.o)
 .debug_abbrev  0x00001528       0x68 c:/program files (x86)/atmel/avr tools/avr toolchain/bin/../lib/gcc/avr/4.5.1/avr6\libgcc.a(_clz.o)
 .debug_abbrev  0x00001590       0xcd c:/program files (x86)/atmel/avr tools/avr toolchain/bin/../lib/gcc/avr/4.5.1/../../../../avr/lib/avr6\libc.a(rand.o)

.debug_line     0x00000000     0x4a98
 *(.debug_line)
 .debug_line    0x00000000      0x422 main.o
 .debug_line    0x00000422      0x18c spi.o
 .debug_line    0x000005ae      0xbe3 mirf.o
 .debug_line    0x00001191      0x673 ir_remote_control.o
 .debug_line    0x00001804      0x673 speed_control.o
 .debug_line    0x00001e77       0x50 variables.o
 .debug_line    0x00001ec7      0x1e6 ports_io.o
 .debug_line    0x000020ad      0x366 twimaster.o
 .debug_line    0x00002413      0x4df usart.o
 .debug_line    0x000028f2      0x367 utility.o
 .debug_line    0x00002c59      0x55f adc.o
 .debug_line    0x000031b8      0x422 motors.o
 .debug_line    0x000035da      0x1e9 behaviors.o
 .debug_line    0x000037c3      0x1cc leds.o
 .debug_line    0x0000398f      0x635 sensors.o
 .debug_line    0x00003fc4      0x233 c:/program files (x86)/atmel/avr tools/avr toolchain/bin/../lib/gcc/avr/4.5.1/avr6\libgcc.a(_mul_sf.o)
 .debug_line    0x000041f7      0x137 c:/program files (x86)/atmel/avr tools/avr toolchain/bin/../lib/gcc/avr/4.5.1/avr6\libgcc.a(_si_to_sf.o)
 .debug_line    0x0000432e      0x11b c:/program files (x86)/atmel/avr tools/avr toolchain/bin/../lib/gcc/avr/4.5.1/avr6\libgcc.a(_sf_to_si.o)
 .debug_line    0x00004449       0xa2 c:/program files (x86)/atmel/avr tools/avr toolchain/bin/../lib/gcc/avr/4.5.1/avr6\libgcc.a(_thenan_sf.o)
 .debug_line    0x000044eb       0xc6 c:/program files (x86)/atmel/avr tools/avr toolchain/bin/../lib/gcc/avr/4.5.1/avr6\libgcc.a(_clzsi2.o)
 .debug_line    0x000045b1      0x19c c:/program files (x86)/atmel/avr tools/avr toolchain/bin/../lib/gcc/avr/4.5.1/avr6\libgcc.a(_pack_sf.o)
 .debug_line    0x0000474d      0x15d c:/program files (x86)/atmel/avr tools/avr toolchain/bin/../lib/gcc/avr/4.5.1/avr6\libgcc.a(_unpack_sf.o)
 .debug_line    0x000048aa       0x9d c:/program files (x86)/atmel/avr tools/avr toolchain/bin/../lib/gcc/avr/4.5.1/avr6\libgcc.a(_clz.o)
 .debug_line    0x00004947      0x151 c:/program files (x86)/atmel/avr tools/avr toolchain/bin/../lib/gcc/avr/4.5.1/../../../../avr/lib/avr6\libc.a(rand.o)

.debug_frame    0x00000000      0x690
 *(.debug_frame)
 .debug_frame   0x00000000       0x20 main.o
 .debug_frame   0x00000020       0x60 spi.o
 .debug_frame   0x00000080      0x100 mirf.o
 .debug_frame   0x00000180       0x80 ir_remote_control.o
 .debug_frame   0x00000200       0x60 speed_control.o
 .debug_frame   0x00000260       0x20 ports_io.o
 .debug_frame   0x00000280       0xa0 twimaster.o
 .debug_frame   0x00000320       0x50 usart.o
 .debug_frame   0x00000370       0x50 utility.o
 .debug_frame   0x000003c0       0x30 adc.o
 .debug_frame   0x000003f0       0x80 motors.o
 .debug_frame   0x00000470       0x30 behaviors.o
 .debug_frame   0x000004a0       0x60 leds.o
 .debug_frame   0x00000500       0x80 sensors.o
 .debug_frame   0x00000580       0x20 c:/program files (x86)/atmel/avr tools/avr toolchain/bin/../lib/gcc/avr/4.5.1/avr6\libgcc.a(_mul_sf.o)
 .debug_frame   0x000005a0       0x20 c:/program files (x86)/atmel/avr tools/avr toolchain/bin/../lib/gcc/avr/4.5.1/avr6\libgcc.a(_si_to_sf.o)
 .debug_frame   0x000005c0       0x20 c:/program files (x86)/atmel/avr tools/avr toolchain/bin/../lib/gcc/avr/4.5.1/avr6\libgcc.a(_sf_to_si.o)
 .debug_frame   0x000005e0       0x20 c:/program files (x86)/atmel/avr tools/avr toolchain/bin/../lib/gcc/avr/4.5.1/avr6\libgcc.a(_clzsi2.o)
 .debug_frame   0x00000600       0x20 c:/program files (x86)/atmel/avr tools/avr toolchain/bin/../lib/gcc/avr/4.5.1/avr6\libgcc.a(_pack_sf.o)
 .debug_frame   0x00000620       0x20 c:/program files (x86)/atmel/avr tools/avr toolchain/bin/../lib/gcc/avr/4.5.1/avr6\libgcc.a(_unpack_sf.o)
 .debug_frame   0x00000640       0x50 c:/program files (x86)/atmel/avr tools/avr toolchain/bin/../lib/gcc/avr/4.5.1/../../../../avr/lib/avr6\libc.a(rand.o)

.debug_str      0x00000000      0xeaf
 *(.debug_str)
 .debug_str     0x00000000      0x1f9 main.o
                                0x232 (size before relaxing)
 .debug_str     0x000001f9       0x61 spi.o
                                0x132 (size before relaxing)
 .debug_str     0x0000025a      0x1c0 mirf.o
                                0x2fa (size before relaxing)
 .debug_str     0x0000041a       0xfa ir_remote_control.o
                                0x27d (size before relaxing)
 .debug_str     0x00000514      0x1b2 speed_control.o
                                0x2a9 (size before relaxing)
 .debug_str     0x000006c6      0x25b variables.o
                                0x65f (size before relaxing)
 .debug_str     0x00000921       0x1a ports_io.o
                                 0xfa (size before relaxing)
 .debug_str     0x0000093b       0x79 twimaster.o
                                0x15e (size before relaxing)
 .debug_str     0x000009b4       0x53 usart.o
                                0x193 (size before relaxing)
 .debug_str     0x00000a07       0x49 utility.o
                                0x16f (size before relaxing)
 .debug_str     0x00000a50       0x1d adc.o
                                0x2eb (size before relaxing)
 .debug_str     0x00000a6d       0x5f motors.o
                                0x225 (size before relaxing)
 .debug_str     0x00000acc       0x62 behaviors.o
                                0x154 (size before relaxing)
 .debug_str     0x00000b2e       0x4e leds.o
                                0x152 (size before relaxing)
 .debug_str     0x00000b7c       0x7e sensors.o
                                0x26f (size before relaxing)
 .debug_str     0x00000bfa      0x186 c:/program files (x86)/atmel/avr tools/avr toolchain/bin/../lib/gcc/avr/4.5.1/avr6\libgcc.a(_mul_sf.o)
                                0x1e7 (size before relaxing)
 .debug_str     0x00000d80       0x1e c:/program files (x86)/atmel/avr tools/avr toolchain/bin/../lib/gcc/avr/4.5.1/avr6\libgcc.a(_si_to_sf.o)
                                0x1a3 (size before relaxing)
 .debug_str     0x00000d9e        0xa c:/program files (x86)/atmel/avr tools/avr toolchain/bin/../lib/gcc/avr/4.5.1/avr6\libgcc.a(_sf_to_si.o)
                                0x1c6 (size before relaxing)
 .debug_str     0x00000000      0x12b c:/program files (x86)/atmel/avr tools/avr toolchain/bin/../lib/gcc/avr/4.5.1/avr6\libgcc.a(_thenan_sf.o)
 .debug_str     0x00000da8       0x7d c:/program files (x86)/atmel/avr tools/avr toolchain/bin/../lib/gcc/avr/4.5.1/avr6\libgcc.a(_clzsi2.o)
                                0x105 (size before relaxing)
 .debug_str     0x00000e25       0x10 c:/program files (x86)/atmel/avr tools/avr toolchain/bin/../lib/gcc/avr/4.5.1/avr6\libgcc.a(_pack_sf.o)
                                0x1c5 (size before relaxing)
 .debug_str     0x00000e35        0xb c:/program files (x86)/atmel/avr tools/avr toolchain/bin/../lib/gcc/avr/4.5.1/avr6\libgcc.a(_unpack_sf.o)
                                0x1a7 (size before relaxing)
 .debug_str     0x00000000       0xe8 c:/program files (x86)/atmel/avr tools/avr toolchain/bin/../lib/gcc/avr/4.5.1/avr6\libgcc.a(_clz.o)
 .debug_str     0x00000e40       0x6f c:/program files (x86)/atmel/avr tools/avr toolchain/bin/../lib/gcc/avr/4.5.1/../../../../avr/lib/avr6\libc.a(rand.o)
                                 0xa8 (size before relaxing)

.debug_loc      0x00000000     0x14d6
 *(.debug_loc)
 .debug_loc     0x00000000       0x8d spi.o
 .debug_loc     0x0000008d      0x3e7 mirf.o
 .debug_loc     0x00000474       0x4a ir_remote_control.o
 .debug_loc     0x000004be       0xa0 speed_control.o
 .debug_loc     0x0000055e      0x11a twimaster.o
 .debug_loc     0x00000678      0x18c usart.o
 .debug_loc     0x00000804       0x4b utility.o
 .debug_loc     0x0000084f       0x78 adc.o
 .debug_loc     0x000008c7      0x2cc behaviors.o
 .debug_loc     0x00000b93       0x39 leds.o
 .debug_loc     0x00000bcc      0x38c sensors.o
 .debug_loc     0x00000f58      0x12a c:/program files (x86)/atmel/avr tools/avr toolchain/bin/../lib/gcc/avr/4.5.1/avr6\libgcc.a(_mul_sf.o)
 .debug_loc     0x00001082       0xac c:/program files (x86)/atmel/avr tools/avr toolchain/bin/../lib/gcc/avr/4.5.1/avr6\libgcc.a(_si_to_sf.o)
 .debug_loc     0x0000112e       0x7e c:/program files (x86)/atmel/avr tools/avr toolchain/bin/../lib/gcc/avr/4.5.1/avr6\libgcc.a(_sf_to_si.o)
 .debug_loc     0x000011ac       0x94 c:/program files (x86)/atmel/avr tools/avr toolchain/bin/../lib/gcc/avr/4.5.1/avr6\libgcc.a(_clzsi2.o)
 .debug_loc     0x00001240       0xd6 c:/program files (x86)/atmel/avr tools/avr toolchain/bin/../lib/gcc/avr/4.5.1/avr6\libgcc.a(_pack_sf.o)
 .debug_loc     0x00001316       0xac c:/program files (x86)/atmel/avr tools/avr toolchain/bin/../lib/gcc/avr/4.5.1/avr6\libgcc.a(_unpack_sf.o)
 .debug_loc     0x000013c2      0x114 c:/program files (x86)/atmel/avr tools/avr toolchain/bin/../lib/gcc/avr/4.5.1/../../../../avr/lib/avr6\libc.a(rand.o)

.debug_macinfo
 *(.debug_macinfo)
OUTPUT(Elisa3-avr-studio.elf elf32-avr)
LOAD linker stubs

.debug_pubtypes
                0x00000000      0x20d
 .debug_pubtypes
                0x00000000       0x1f main.o
 .debug_pubtypes
                0x0000001f       0x1e spi.o
 .debug_pubtypes
                0x0000003d       0x2b mirf.o
 .debug_pubtypes
                0x00000068       0x2b ir_remote_control.o
 .debug_pubtypes
                0x00000093       0x12 speed_control.o
 .debug_pubtypes
                0x000000a5       0x12 variables.o
 .debug_pubtypes
                0x000000b7       0x1e ports_io.o
 .debug_pubtypes
                0x000000d5       0x2b twimaster.o
 .debug_pubtypes
                0x00000100       0x2b usart.o
 .debug_pubtypes
                0x0000012b       0x2b utility.o
 .debug_pubtypes
                0x00000156       0x2b adc.o
 .debug_pubtypes
                0x00000181       0x2b motors.o
 .debug_pubtypes
                0x000001ac       0x12 behaviors.o
 .debug_pubtypes
                0x000001be       0x2b leds.o
 .debug_pubtypes
                0x000001e9       0x12 sensors.o
 .debug_pubtypes
                0x000001fb       0x12 c:/program files (x86)/atmel/avr tools/avr toolchain/bin/../lib/gcc/avr/4.5.1/../../../../avr/lib/avr6\libc.a(rand.o)

.debug_ranges   0x00000000      0x158
 .debug_ranges  0x00000000       0x30 mirf.o
 .debug_ranges  0x00000030       0x40 twimaster.o
 .debug_ranges  0x00000070       0x28 usart.o
 .debug_ranges  0x00000098       0x18 utility.o
 .debug_ranges  0x000000b0       0x30 sensors.o
 .debug_ranges  0x000000e0       0x50 c:/program files (x86)/atmel/avr tools/avr toolchain/bin/../lib/gcc/avr/4.5.1/avr6\libgcc.a(_mul_sf.o)
 .debug_ranges  0x00000130       0x28 c:/program files (x86)/atmel/avr tools/avr toolchain/bin/../lib/gcc/avr/4.5.1/../../../../avr/lib/avr6\libc.a(rand.o)
