Archive member included because of file (symbol)

c:/program files (x86)/atmel/avr tools/avr toolchain/bin/../lib/gcc/avr/4.5.1/avr6\libgcc.a(_mulsi3.o)
                              behaviors.o (__mulsi3)
c:/program files (x86)/atmel/avr tools/avr toolchain/bin/../lib/gcc/avr/4.5.1/avr6\libgcc.a(_udivmodhi4.o)
                              mirf.o (__udivmodhi4)
c:/program files (x86)/atmel/avr tools/avr toolchain/bin/../lib/gcc/avr/4.5.1/avr6\libgcc.a(_divmodhi4.o)
                              main.o (__divmodhi4)
c:/program files (x86)/atmel/avr tools/avr toolchain/bin/../lib/gcc/avr/4.5.1/avr6\libgcc.a(_exit.o)
                              c:/program files (x86)/atmel/avr tools/avr toolchain/bin/../lib/gcc/avr/4.5.1/../../../../avr/lib/avr6/crtm2560.o (exit)
c:/program files (x86)/atmel/avr tools/avr toolchain/bin/../lib/gcc/avr/4.5.1/avr6\libgcc.a(_copy_data.o)
                              ir_remote_control.o (__do_copy_data)
c:/program files (x86)/atmel/avr tools/avr toolchain/bin/../lib/gcc/avr/4.5.1/avr6\libgcc.a(_clear_bss.o)
                              mirf.o (__do_clear_bss)
c:/program files (x86)/atmel/avr tools/avr toolchain/bin/../lib/gcc/avr/4.5.1/avr6\libgcc.a(_mul_sf.o)
                              sensors.o (__mulsf3)
c:/program files (x86)/atmel/avr tools/avr toolchain/bin/../lib/gcc/avr/4.5.1/avr6\libgcc.a(_si_to_sf.o)
                              sensors.o (__floatsisf)
c:/program files (x86)/atmel/avr tools/avr toolchain/bin/../lib/gcc/avr/4.5.1/avr6\libgcc.a(_sf_to_si.o)
                              sensors.o (__fixsfsi)
c:/program files (x86)/atmel/avr tools/avr toolchain/bin/../lib/gcc/avr/4.5.1/avr6\libgcc.a(_thenan_sf.o)
                              c:/program files (x86)/atmel/avr tools/avr toolchain/bin/../lib/gcc/avr/4.5.1/avr6\libgcc.a(_mul_sf.o) (__thenan_sf)
c:/program files (x86)/atmel/avr tools/avr toolchain/bin/../lib/gcc/avr/4.5.1/avr6\libgcc.a(_prologue.o)
                              c:/program files (x86)/atmel/avr tools/avr toolchain/bin/../lib/gcc/avr/4.5.1/avr6\libgcc.a(_mul_sf.o) (__prologue_saves__)
c:/program files (x86)/atmel/avr tools/avr toolchain/bin/../lib/gcc/avr/4.5.1/avr6\libgcc.a(_epilogue.o)
                              c:/program files (x86)/atmel/avr tools/avr toolchain/bin/../lib/gcc/avr/4.5.1/avr6\libgcc.a(_mul_sf.o) (__epilogue_restores__)
c:/program files (x86)/atmel/avr tools/avr toolchain/bin/../lib/gcc/avr/4.5.1/avr6\libgcc.a(_clzsi2.o)
                              c:/program files (x86)/atmel/avr tools/avr toolchain/bin/../lib/gcc/avr/4.5.1/avr6\libgcc.a(_si_to_sf.o) (__clzsi2)
c:/program files (x86)/atmel/avr tools/avr toolchain/bin/../lib/gcc/avr/4.5.1/avr6\libgcc.a(_pack_sf.o)
                              c:/program files (x86)/atmel/avr tools/avr toolchain/bin/../lib/gcc/avr/4.5.1/avr6\libgcc.a(_mul_sf.o) (__pack_f)
c:/program files (x86)/atmel/avr tools/avr toolchain/bin/../lib/gcc/avr/4.5.1/avr6\libgcc.a(_unpack_sf.o)
                              c:/program files (x86)/atmel/avr tools/avr toolchain/bin/../lib/gcc/avr/4.5.1/avr6\libgcc.a(_mul_sf.o) (__unpack_f)
c:/program files (x86)/atmel/avr tools/avr toolchain/bin/../lib/gcc/avr/4.5.1/avr6\libgcc.a(_clz.o)
                              c:/program files (x86)/atmel/avr tools/avr toolchain/bin/../lib/gcc/avr/4.5.1/avr6\libgcc.a(_clzsi2.o) (__clz_tab)
c:/program files (x86)/atmel/avr tools/avr toolchain/bin/../lib/gcc/avr/4.5.1/../../../../avr/lib/avr6\libc.a(rand.o)
                              main.o (rand)
c:/program files (x86)/atmel/avr tools/avr toolchain/bin/../lib/gcc/avr/4.5.1/../../../../avr/lib/avr6\libc.a(atan2.o)
                              sensors.o (atan2)
c:/program files (x86)/atmel/avr tools/avr toolchain/bin/../lib/gcc/avr/4.5.1/../../../../avr/lib/avr6\libc.a(atan.o)
                              c:/program files (x86)/atmel/avr tools/avr toolchain/bin/../lib/gcc/avr/4.5.1/../../../../avr/lib/avr6\libc.a(atan2.o) (atan)
c:/program files (x86)/atmel/avr tools/avr toolchain/bin/../lib/gcc/avr/4.5.1/../../../../avr/lib/avr6\libc.a(divsf3x.o)
                              c:/program files (x86)/atmel/avr tools/avr toolchain/bin/../lib/gcc/avr/4.5.1/../../../../avr/lib/avr6\libc.a(atan2.o) (__divsf3_pse)
c:/program files (x86)/atmel/avr tools/avr toolchain/bin/../lib/gcc/avr/4.5.1/../../../../avr/lib/avr6\libc.a(fp_inf.o)
                              c:/program files (x86)/atmel/avr tools/avr toolchain/bin/../lib/gcc/avr/4.5.1/../../../../avr/lib/avr6\libc.a(divsf3x.o) (__fp_inf)
c:/program files (x86)/atmel/avr tools/avr toolchain/bin/../lib/gcc/avr/4.5.1/../../../../avr/lib/avr6\libc.a(fp_nan.o)
                              c:/program files (x86)/atmel/avr tools/avr toolchain/bin/../lib/gcc/avr/4.5.1/../../../../avr/lib/avr6\libc.a(atan2.o) (__fp_nan)
c:/program files (x86)/atmel/avr tools/avr toolchain/bin/../lib/gcc/avr/4.5.1/../../../../avr/lib/avr6\libc.a(fp_powser.o)
                              c:/program files (x86)/atmel/avr tools/avr toolchain/bin/../lib/gcc/avr/4.5.1/../../../../avr/lib/avr6\libc.a(atan.o) (__fp_powser)
c:/program files (x86)/atmel/avr tools/avr toolchain/bin/../lib/gcc/avr/4.5.1/../../../../avr/lib/avr6\libc.a(fp_pscA.o)
                              c:/program files (x86)/atmel/avr tools/avr toolchain/bin/../lib/gcc/avr/4.5.1/../../../../avr/lib/avr6\libc.a(atan2.o) (__fp_pscA)
c:/program files (x86)/atmel/avr tools/avr toolchain/bin/../lib/gcc/avr/4.5.1/../../../../avr/lib/avr6\libc.a(fp_pscB.o)
                              c:/program files (x86)/atmel/avr tools/avr toolchain/bin/../lib/gcc/avr/4.5.1/../../../../avr/lib/avr6\libc.a(atan2.o) (__fp_pscB)
c:/program files (x86)/atmel/avr tools/avr toolchain/bin/../lib/gcc/avr/4.5.1/../../../../avr/lib/avr6\libc.a(fp_round.o)
                              c:/program files (x86)/atmel/avr tools/avr toolchain/bin/../lib/gcc/avr/4.5.1/../../../../avr/lib/avr6\libc.a(atan2.o) (__fp_round)
c:/program files (x86)/atmel/avr tools/avr toolchain/bin/../lib/gcc/avr/4.5.1/../../../../avr/lib/avr6\libc.a(fp_split3.o)
                              c:/program files (x86)/atmel/avr tools/avr toolchain/bin/../lib/gcc/avr/4.5.1/../../../../avr/lib/avr6\libc.a(atan2.o) (__fp_split3)
c:/program files (x86)/atmel/avr tools/avr toolchain/bin/../lib/gcc/avr/4.5.1/../../../../avr/lib/avr6\libc.a(fp_zero.o)
                              c:/program files (x86)/atmel/avr tools/avr toolchain/bin/../lib/gcc/avr/4.5.1/../../../../avr/lib/avr6\libc.a(atan2.o) (__fp_zero)
c:/program files (x86)/atmel/avr tools/avr toolchain/bin/../lib/gcc/avr/4.5.1/../../../../avr/lib/avr6\libc.a(inverse.o)
                              c:/program files (x86)/atmel/avr tools/avr toolchain/bin/../lib/gcc/avr/4.5.1/../../../../avr/lib/avr6\libc.a(atan.o) (inverse)
c:/program files (x86)/atmel/avr tools/avr toolchain/bin/../lib/gcc/avr/4.5.1/../../../../avr/lib/avr6\libc.a(mulsf3x.o)
                              c:/program files (x86)/atmel/avr tools/avr toolchain/bin/../lib/gcc/avr/4.5.1/../../../../avr/lib/avr6\libc.a(atan.o) (__mulsf3x)
c:/program files (x86)/atmel/avr tools/avr toolchain/bin/../lib/gcc/avr/4.5.1/../../../../avr/lib/avr6\libc.a(square.o)
                              c:/program files (x86)/atmel/avr tools/avr toolchain/bin/../lib/gcc/avr/4.5.1/../../../../avr/lib/avr6\libc.a(atan.o) (square)
c:/program files (x86)/atmel/avr tools/avr toolchain/bin/../lib/gcc/avr/4.5.1/../../../../avr/lib/avr6\libc.a(eerd_word_atmega2560.o)
                              utility.o (__eerd_word_m2560)
c:/program files (x86)/atmel/avr tools/avr toolchain/bin/../lib/gcc/avr/4.5.1/../../../../avr/lib/avr6\libc.a(addsf3.o)
                              c:/program files (x86)/atmel/avr tools/avr toolchain/bin/../lib/gcc/avr/4.5.1/../../../../avr/lib/avr6\libc.a(atan2.o) (__addsf3)
c:/program files (x86)/atmel/avr tools/avr toolchain/bin/../lib/gcc/avr/4.5.1/../../../../avr/lib/avr6\libc.a(addsf3x.o)
                              c:/program files (x86)/atmel/avr tools/avr toolchain/bin/../lib/gcc/avr/4.5.1/../../../../avr/lib/avr6\libc.a(atan.o) (__addsf3x)
c:/program files (x86)/atmel/avr tools/avr toolchain/bin/../lib/gcc/avr/4.5.1/../../../../avr/lib/avr6\libc.a(divsf3.o)
                              c:/program files (x86)/atmel/avr tools/avr toolchain/bin/../lib/gcc/avr/4.5.1/../../../../avr/lib/avr6\libc.a(inverse.o) (__divsf3)
c:/program files (x86)/atmel/avr tools/avr toolchain/bin/../lib/gcc/avr/4.5.1/../../../../avr/lib/avr6\libc.a(eerd_block_atmega2560.o)
                              c:/program files (x86)/atmel/avr tools/avr toolchain/bin/../lib/gcc/avr/4.5.1/../../../../avr/lib/avr6\libc.a(eerd_word_atmega2560.o) (__eerd_blraw_m2560)
c:/program files (x86)/atmel/avr tools/avr toolchain/bin/../lib/gcc/avr/4.5.1/avr6\libgcc.a(_divmodsi4.o)
                              c:/program files (x86)/atmel/avr tools/avr toolchain/bin/../lib/gcc/avr/4.5.1/../../../../avr/lib/avr6\libc.a(rand.o) (__divmodsi4)
c:/program files (x86)/atmel/avr tools/avr toolchain/bin/../lib/gcc/avr/4.5.1/avr6\libgcc.a(_udivmodsi4.o)
                              c:/program files (x86)/atmel/avr tools/avr toolchain/bin/../lib/gcc/avr/4.5.1/avr6\libgcc.a(_divmodsi4.o) (__udivmodsi4)

Allocating common symbols
Common symbol       size              file

PTX                 0x1               mirf.o
delta_left_speed_current
                    0x2               variables.o
delta_right_speed_prev
                    0x2               variables.o
ackPayload          0x10              variables.o
dataLED             0x6               variables.o
delta_left_speed_prev
                    0x2               variables.o
rfData              0xd               variables.o
delta_right_speed_current
                    0x2               variables.o
startCalibration    0x1               variables.o

Memory Configuration

Name             Origin             Length             Attributes
text             0x00000000         0x00100000         xr
data             0x00800200         0x0000fe00         rw !x
eeprom           0x00810000         0x00010000         rw !x
fuse             0x00820000         0x00000400         rw !x
lock             0x00830000         0x00000400         rw !x
signature        0x00840000         0x00000400         rw !x
*default*        0x00000000         0xffffffff

Linker script and memory map

Address of section .data set to 0x800200
LOAD c:/program files (x86)/atmel/avr tools/avr toolchain/bin/../lib/gcc/avr/4.5.1/../../../../avr/lib/avr6/crtm2560.o
LOAD main.o
LOAD spi.o
LOAD mirf.o
LOAD ir_remote_control.o
LOAD speed_control.o
LOAD variables.o
LOAD ports_io.o
LOAD twimaster.o
LOAD usart.o
LOAD utility.o
LOAD adc.o
LOAD motors.o
LOAD behaviors.o
LOAD leds.o
LOAD sensors.o
LOAD c:/program files (x86)/atmel/avr tools/avr toolchain/bin/../lib/gcc/avr/4.5.1/avr6\libgcc.a
LOAD c:/program files (x86)/atmel/avr tools/avr toolchain/bin/../lib/gcc/avr/4.5.1/../../../../avr/lib/avr6\libc.a
LOAD c:/program files (x86)/atmel/avr tools/avr toolchain/bin/../lib/gcc/avr/4.5.1/avr6\libgcc.a

.hash
 *(.hash)

.dynsym
 *(.dynsym)

.dynstr
 *(.dynstr)

.gnu.version
 *(.gnu.version)

.gnu.version_d
 *(.gnu.version_d)

.gnu.version_r
 *(.gnu.version_r)

.rel.init
 *(.rel.init)

.rela.init
 *(.rela.init)

.rel.text
 *(.rel.text)
 *(.rel.text.*)
 *(.rel.gnu.linkonce.t*)

.rela.text
 *(.rela.text)
 *(.rela.text.*)
 *(.rela.gnu.linkonce.t*)

.rel.fini
 *(.rel.fini)

.rela.fini
 *(.rela.fini)

.rel.rodata
 *(.rel.rodata)
 *(.rel.rodata.*)
 *(.rel.gnu.linkonce.r*)

.rela.rodata
 *(.rela.rodata)
 *(.rela.rodata.*)
 *(.rela.gnu.linkonce.r*)

.rel.data
 *(.rel.data)
 *(.rel.data.*)
 *(.rel.gnu.linkonce.d*)

.rela.data
 *(.rela.data)
 *(.rela.data.*)
 *(.rela.gnu.linkonce.d*)

.rel.ctors
 *(.rel.ctors)

.rela.ctors
 *(.rela.ctors)

.rel.dtors
 *(.rel.dtors)

.rela.dtors
 *(.rela.dtors)

.rel.got
 *(.rel.got)

.rela.got
 *(.rela.got)

.rel.bss
 *(.rel.bss)

.rela.bss
 *(.rela.bss)

.rel.plt
 *(.rel.plt)

.rela.plt
 *(.rela.plt)

.text           0x00000000     0x522c
 *(.vectors)
 .vectors       0x00000000       0xe4 c:/program files (x86)/atmel/avr tools/avr toolchain/bin/../lib/gcc/avr/4.5.1/../../../../avr/lib/avr6/crtm2560.o
                0x00000000                __vector_default
                0x00000000                __vectors
 *(.vectors)
 *(.progmem.gcc*)
 .progmem.gcc_sw_table
                0x000000e4       0x6a ir_remote_control.o
 .progmem.gcc_fplib
                0x0000014e       0x2d c:/program files (x86)/atmel/avr tools/avr toolchain/bin/../lib/gcc/avr/4.5.1/../../../../avr/lib/avr6\libc.a(atan.o)
 *(.progmem*)
                0x0000017c                . = ALIGN (0x2)
 *fill*         0x0000017b        0x1 00
                0x0000017c                __trampolines_start = .
 *(.trampolines)
 .trampolines   0x0000017c        0x0 linker stubs
 *(.trampolines*)
                0x0000017c                __trampolines_end = .
 *(.jumptables)
 *(.jumptables*)
 *(.lowtext)
 *(.lowtext*)
                0x0000017c                __ctors_start = .
 *(.ctors)
                0x0000017c                __ctors_end = .
                0x0000017c                __dtors_start = .
 *(.dtors)
                0x0000017c                __dtors_end = .
 SORT(*)(.ctors)
 SORT(*)(.dtors)
 *(.init0)
 .init0         0x0000017c        0x0 c:/program files (x86)/atmel/avr tools/avr toolchain/bin/../lib/gcc/avr/4.5.1/../../../../avr/lib/avr6/crtm2560.o
                0x0000017c                __init
 *(.init0)
 *(.init1)
 *(.init1)
 *(.init2)
 .init2         0x0000017c       0x10 c:/program files (x86)/atmel/avr tools/avr toolchain/bin/../lib/gcc/avr/4.5.1/../../../../avr/lib/avr6/crtm2560.o
 *(.init2)
 *(.init3)
 *(.init3)
 *(.init4)
 .init4         0x0000018c       0x16 c:/program files (x86)/atmel/avr tools/avr toolchain/bin/../lib/gcc/avr/4.5.1/avr6\libgcc.a(_copy_data.o)
                0x0000018c                __do_copy_data
 .init4         0x000001a2       0x10 c:/program files (x86)/atmel/avr tools/avr toolchain/bin/../lib/gcc/avr/4.5.1/avr6\libgcc.a(_clear_bss.o)
                0x000001a2                __do_clear_bss
 *(.init4)
 *(.init5)
 *(.init5)
 *(.init6)
 *(.init6)
 *(.init7)
 *(.init7)
 *(.init8)
 *(.init8)
 *(.init9)
 .init9         0x000001b2        0x8 c:/program files (x86)/atmel/avr tools/avr toolchain/bin/../lib/gcc/avr/4.5.1/../../../../avr/lib/avr6/crtm2560.o
 *(.init9)
 *(.text)
 .text          0x000001ba        0x4 c:/program files (x86)/atmel/avr tools/avr toolchain/bin/../lib/gcc/avr/4.5.1/../../../../avr/lib/avr6/crtm2560.o
                0x000001ba                __vector_38
                0x000001ba                __vector_22
                0x000001ba                __vector_28
                0x000001ba                __vector_1
                0x000001ba                __vector_34
                0x000001ba                __vector_24
                0x000001ba                __vector_12
                0x000001ba                __vector_55
                0x000001ba                __vector_46
                0x000001ba                __bad_interrupt
                0x000001ba                __vector_6
                0x000001ba                __vector_31
                0x000001ba                __vector_39
                0x000001ba                __vector_3
                0x000001ba                __vector_23
                0x000001ba                __vector_30
                0x000001ba                __vector_11
                0x000001ba                __vector_54
                0x000001ba                __vector_17
                0x000001ba                __vector_19
                0x000001ba                __vector_56
                0x000001ba                __vector_7
                0x000001ba                __vector_49
                0x000001ba                __vector_41
                0x000001ba                __vector_27
                0x000001ba                __vector_5
                0x000001ba                __vector_47
                0x000001ba                __vector_52
                0x000001ba                __vector_37
                0x000001ba                __vector_4
                0x000001ba                __vector_44
                0x000001ba                __vector_51
                0x000001ba                __vector_9
                0x000001ba                __vector_2
                0x000001ba                __vector_21
                0x000001ba                __vector_36
                0x000001ba                __vector_40
                0x000001ba                __vector_8
                0x000001ba                __vector_26
                0x000001ba                __vector_48
                0x000001ba                __vector_14
                0x000001ba                __vector_53
                0x000001ba                __vector_50
                0x000001ba                __vector_16
                0x000001ba                __vector_18
                0x000001ba                __vector_20
 .text          0x000001be      0x226 main.o
                0x000001be                main
 .text          0x000003e4       0x6a spi.o
                0x000003e4                initSPI
                0x000003fc                closeSPI
                0x00000402                SPI_ReadWrite_Block
                0x00000426                SPI_Write_Block
                0x00000442                SPI_Write_Byte
 .text          0x0000044e      0xa5e mirf.o
                0x0000044e                mirf_config
                0x00000554                mirf_init
                0x0000055e                mirf_set_RADDR
                0x00000580                mirf_set_TADDR
                0x0000059e                mirf_data_ready
                0x000005b8                rx_fifo_is_empty
                0x000005e8                flush_rx_fifo
                0x000005f4                mirf_get_data
                0x00000624                mirf_config_register
                0x0000064c                mirf_read_register
                0x0000067e                mirf_write_register
                0x000006b2                mirf_send
                0x0000070e                writeAckPayload
                0x00000768                flushTxFifo
                0x00000774                handleRFCommands
 .text          0x00000eac      0x716 ir_remote_control.o
                0x00000eac                init_ir_remote_control
                0x00000ee2                __vector_10
                0x00000f4a                __vector_13
                0x00001198                ir_remote_get_check
                0x0000119e                ir_remote_get_address
                0x000011a4                ir_remote_get_data
                0x000011aa                handleIRRemoteCommands
 .text          0x000015c2      0x8aa speed_control.o
                0x000015c2                init_speed_control
                0x000015c4                start_vertical_speed_control_left
                0x0000184e                start_vertical_speed_control_right
                0x00001ad8                start_horizontal_speed_control_right
                0x00001ca2                start_horizontal_speed_control_left
 .text          0x00001e6c        0x0 variables.o
 .text          0x00001e6c       0x96 ports_io.o
                0x00001e6c                initPortsIO
 .text          0x00001f02      0x15c twimaster.o
                0x00001f02                i2c_close
                0x00001f0c                i2c_init
                0x00001f1c                i2c_start
                0x00001f68                i2c_start_wait
                0x00001fb6                i2c_rep_start
                0x00002002                i2c_stop
                0x00002012                i2c_write
                0x00002036                i2c_readAck
                0x0000204a                i2c_readNak
 .text          0x0000205e      0x126 usart.o
                0x0000205e                initUsart0
                0x00002088                initUsart1
                0x000020b2                closeUsart
                0x000020c0                usart0Transmit
                0x000020da                usart1Transmit
                0x000020f4                usart0InputBufferEmpty
                0x00002102                usart0Receive
                0x00002122                __vector_25
 .text          0x00002184      0x23e utility.o
                0x00002184                getSelector
                0x000021ce                initPeripherals
                0x00002248                __vector_15
                0x0000225c                sleep
                0x000023a8                getTime100MicroSec
                0x000023ba                readBatteryLevel
 .text          0x000023c2      0x5aa adc.o
                0x000023c2                initAdc
                0x00002408                __vector_29
 .text          0x0000296c      0x73e motors.o
                0x0000296c                initMotors
                0x00002a28                handleMotorsWithNoController
                0x00002b58                handleMotorsWithSpeedController
                0x00002cca                setLeftSpeed
                0x00002d3e                setRightSpeed
                0x00002db2                __vector_45
                0x00002ee0                __vector_42
                0x00002f0c                __vector_43
                0x00002f38                __vector_35
                0x00003052                __vector_32
                0x0000307e                __vector_33
 .text          0x000030aa      0x436 behaviors.o
                0x000030aa                initBehaviors
                0x000030b8                obstacleAvoidance
                0x00003474                cliffDetected
                0x000034c4                enableObstacleAvoidance
                0x000034cc                disableObstacleAvoidance
                0x000034d2                enableCliffAvoidance
                0x000034da                disableCliffAvoidance
 .text          0x000034e0      0x290 leds.o
                0x000034e0                initRGBleds
                0x00003524                toggleBlueLed
                0x0000355a                updateRedLed
                0x00003582                updateGreenLed
                0x000035aa                updateBlueLed
                0x000035d2                setGreenLed
                0x0000370c                turnOffGreenLeds
                0x0000373e                turnOnGreenLeds
 .text          0x00003770      0xda4 sensors.o
                0x00003770                initAccelerometer
                0x00003808                initMMA7455L
                0x00003830                initADXL345
                0x00003890                readAccelXY
                0x000039ca                readAccelXYZ
                0x00003b4a                calibrateSensors
                0x00004268                readAccelXYZ_1
                0x000042ea                readAccelXYZ_2
                0x00004442                computeAngle
 .text          0x00004514        0x0 c:/program files (x86)/atmel/avr tools/avr toolchain/bin/../lib/gcc/avr/4.5.1/avr6\libgcc.a(_mulsi3.o)
 .text          0x00004514        0x0 c:/program files (x86)/atmel/avr tools/avr toolchain/bin/../lib/gcc/avr/4.5.1/avr6\libgcc.a(_udivmodhi4.o)
 .text          0x00004514        0x0 c:/program files (x86)/atmel/avr tools/avr toolchain/bin/../lib/gcc/avr/4.5.1/avr6\libgcc.a(_divmodhi4.o)
 .text          0x00004514        0x0 c:/program files (x86)/atmel/avr tools/avr toolchain/bin/../lib/gcc/avr/4.5.1/avr6\libgcc.a(_exit.o)
 .text          0x00004514        0x0 c:/program files (x86)/atmel/avr tools/avr toolchain/bin/../lib/gcc/avr/4.5.1/avr6\libgcc.a(_copy_data.o)
 .text          0x00004514        0x0 c:/program files (x86)/atmel/avr tools/avr toolchain/bin/../lib/gcc/avr/4.5.1/avr6\libgcc.a(_clear_bss.o)
 .text          0x00004514      0x1fe c:/program files (x86)/atmel/avr tools/avr toolchain/bin/../lib/gcc/avr/4.5.1/avr6\libgcc.a(_mul_sf.o)
                0x00004514                __mulsf3
 .text          0x00004712       0xbc c:/program files (x86)/atmel/avr tools/avr toolchain/bin/../lib/gcc/avr/4.5.1/avr6\libgcc.a(_si_to_sf.o)
                0x00004712                __floatsisf
 .text          0x000047ce       0xa6 c:/program files (x86)/atmel/avr tools/avr toolchain/bin/../lib/gcc/avr/4.5.1/avr6\libgcc.a(_sf_to_si.o)
                0x000047ce                __fixsfsi
 .text          0x00004874        0x0 c:/program files (x86)/atmel/avr tools/avr toolchain/bin/../lib/gcc/avr/4.5.1/avr6\libgcc.a(_thenan_sf.o)
 .text          0x00004874        0x0 c:/program files (x86)/atmel/avr tools/avr toolchain/bin/../lib/gcc/avr/4.5.1/avr6\libgcc.a(_prologue.o)
 .text          0x00004874        0x0 c:/program files (x86)/atmel/avr tools/avr toolchain/bin/../lib/gcc/avr/4.5.1/avr6\libgcc.a(_epilogue.o)
 .text          0x00004874       0x9a c:/program files (x86)/atmel/avr tools/avr toolchain/bin/../lib/gcc/avr/4.5.1/avr6\libgcc.a(_clzsi2.o)
                0x00004874                __clzsi2
 .text          0x0000490e      0x1c0 c:/program files (x86)/atmel/avr tools/avr toolchain/bin/../lib/gcc/avr/4.5.1/avr6\libgcc.a(_pack_sf.o)
                0x0000490e                __pack_f
 .text          0x00004ace       0xe0 c:/program files (x86)/atmel/avr tools/avr toolchain/bin/../lib/gcc/avr/4.5.1/avr6\libgcc.a(_unpack_sf.o)
                0x00004ace                __unpack_f
 .text          0x00004bae        0x0 c:/program files (x86)/atmel/avr tools/avr toolchain/bin/../lib/gcc/avr/4.5.1/avr6\libgcc.a(_clz.o)
 .text          0x00004bae        0x0 c:/program files (x86)/atmel/avr tools/avr toolchain/bin/../lib/gcc/avr/4.5.1/../../../../avr/lib/avr6\libc.a(rand.o)
 .text          0x00004bae        0x0 c:/program files (x86)/atmel/avr tools/avr toolchain/bin/../lib/gcc/avr/4.5.1/../../../../avr/lib/avr6\libc.a(atan2.o)
 .text          0x00004bae        0x0 c:/program files (x86)/atmel/avr tools/avr toolchain/bin/../lib/gcc/avr/4.5.1/../../../../avr/lib/avr6\libc.a(atan.o)
 .text          0x00004bae        0x0 c:/program files (x86)/atmel/avr tools/avr toolchain/bin/../lib/gcc/avr/4.5.1/../../../../avr/lib/avr6\libc.a(divsf3x.o)
 .text          0x00004bae        0x0 c:/program files (x86)/atmel/avr tools/avr toolchain/bin/../lib/gcc/avr/4.5.1/../../../../avr/lib/avr6\libc.a(fp_inf.o)
 .text          0x00004bae        0x0 c:/program files (x86)/atmel/avr tools/avr toolchain/bin/../lib/gcc/avr/4.5.1/../../../../avr/lib/avr6\libc.a(fp_nan.o)
 .text          0x00004bae        0x0 c:/program files (x86)/atmel/avr tools/avr toolchain/bin/../lib/gcc/avr/4.5.1/../../../../avr/lib/avr6\libc.a(fp_powser.o)
 .text          0x00004bae        0x0 c:/program files (x86)/atmel/avr tools/avr toolchain/bin/../lib/gcc/avr/4.5.1/../../../../avr/lib/avr6\libc.a(fp_pscA.o)
 .text          0x00004bae        0x0 c:/program files (x86)/atmel/avr tools/avr toolchain/bin/../lib/gcc/avr/4.5.1/../../../../avr/lib/avr6\libc.a(fp_pscB.o)
 .text          0x00004bae        0x0 c:/program files (x86)/atmel/avr tools/avr toolchain/bin/../lib/gcc/avr/4.5.1/../../../../avr/lib/avr6\libc.a(fp_round.o)
 .text          0x00004bae        0x0 c:/program files (x86)/atmel/avr tools/avr toolchain/bin/../lib/gcc/avr/4.5.1/../../../../avr/lib/avr6\libc.a(fp_split3.o)
 .text          0x00004bae        0x0 c:/program files (x86)/atmel/avr tools/avr toolchain/bin/../lib/gcc/avr/4.5.1/../../../../avr/lib/avr6\libc.a(fp_zero.o)
 .text          0x00004bae        0x0 c:/program files (x86)/atmel/avr tools/avr toolchain/bin/../lib/gcc/avr/4.5.1/../../../../avr/lib/avr6\libc.a(inverse.o)
 .text          0x00004bae        0x0 c:/program files (x86)/atmel/avr tools/avr toolchain/bin/../lib/gcc/avr/4.5.1/../../../../avr/lib/avr6\libc.a(mulsf3x.o)
 .text          0x00004bae        0x0 c:/program files (x86)/atmel/avr tools/avr toolchain/bin/../lib/gcc/avr/4.5.1/../../../../avr/lib/avr6\libc.a(square.o)
 .text          0x00004bae        0x0 c:/program files (x86)/atmel/avr tools/avr toolchain/bin/../lib/gcc/avr/4.5.1/../../../../avr/lib/avr6\libc.a(eerd_word_atmega2560.o)
 .text          0x00004bae        0x0 c:/program files (x86)/atmel/avr tools/avr toolchain/bin/../lib/gcc/avr/4.5.1/../../../../avr/lib/avr6\libc.a(addsf3.o)
 .text          0x00004bae        0x0 c:/program files (x86)/atmel/avr tools/avr toolchain/bin/../lib/gcc/avr/4.5.1/../../../../avr/lib/avr6\libc.a(addsf3x.o)
 .text          0x00004bae        0x0 c:/program files (x86)/atmel/avr tools/avr toolchain/bin/../lib/gcc/avr/4.5.1/../../../../avr/lib/avr6\libc.a(divsf3.o)
 .text          0x00004bae        0x0 c:/program files (x86)/atmel/avr tools/avr toolchain/bin/../lib/gcc/avr/4.5.1/../../../../avr/lib/avr6\libc.a(eerd_block_atmega2560.o)
 .text          0x00004bae        0x0 c:/program files (x86)/atmel/avr tools/avr toolchain/bin/../lib/gcc/avr/4.5.1/avr6\libgcc.a(_divmodsi4.o)
 .text          0x00004bae        0x0 c:/program files (x86)/atmel/avr tools/avr toolchain/bin/../lib/gcc/avr/4.5.1/avr6\libgcc.a(_udivmodsi4.o)
                0x00004bae                . = ALIGN (0x2)
 *(.text.*)
 .text.libgcc   0x00004bae       0x3e c:/program files (x86)/atmel/avr tools/avr toolchain/bin/../lib/gcc/avr/4.5.1/avr6\libgcc.a(_mulsi3.o)
                0x00004bae                __mulsi3
 .text.libgcc   0x00004bec       0x28 c:/program files (x86)/atmel/avr tools/avr toolchain/bin/../lib/gcc/avr/4.5.1/avr6\libgcc.a(_udivmodhi4.o)
                0x00004bec                __udivmodhi4
 .text.libgcc   0x00004c14       0x26 c:/program files (x86)/atmel/avr tools/avr toolchain/bin/../lib/gcc/avr/4.5.1/avr6\libgcc.a(_divmodhi4.o)
                0x00004c14                _div
                0x00004c14                __divmodhi4
 .text.libgcc   0x00004c3a        0x0 c:/program files (x86)/atmel/avr tools/avr toolchain/bin/../lib/gcc/avr/4.5.1/avr6\libgcc.a(_exit.o)
 .text.libgcc   0x00004c3a        0x0 c:/program files (x86)/atmel/avr tools/avr toolchain/bin/../lib/gcc/avr/4.5.1/avr6\libgcc.a(_copy_data.o)
 .text.libgcc   0x00004c3a        0x0 c:/program files (x86)/atmel/avr tools/avr toolchain/bin/../lib/gcc/avr/4.5.1/avr6\libgcc.a(_clear_bss.o)
 .text.libgcc   0x00004c3a       0x38 c:/program files (x86)/atmel/avr tools/avr toolchain/bin/../lib/gcc/avr/4.5.1/avr6\libgcc.a(_prologue.o)
                0x00004c3a                __prologue_saves__
 .text.libgcc   0x00004c72       0x36 c:/program files (x86)/atmel/avr tools/avr toolchain/bin/../lib/gcc/avr/4.5.1/avr6\libgcc.a(_epilogue.o)
                0x00004c72                __epilogue_restores__
 .text.avr-libc
                0x00004ca8       0xbc c:/program files (x86)/atmel/avr tools/avr toolchain/bin/../lib/gcc/avr/4.5.1/../../../../avr/lib/avr6\libc.a(rand.o)
                0x00004d3e                rand_r
                0x00004d44                rand
                0x00004d4e                srand
 .text.avr-libc.fplib
                0x00004d64       0x74 c:/program files (x86)/atmel/avr tools/avr toolchain/bin/../lib/gcc/avr/4.5.1/../../../../avr/lib/avr6\libc.a(atan2.o)
                0x00004d82                atan2
 .text.avr-libc.fplib
                0x00004dd8       0x50 c:/program files (x86)/atmel/avr tools/avr toolchain/bin/../lib/gcc/avr/4.5.1/../../../../avr/lib/avr6\libc.a(atan.o)
                0x00004dd8                atan
 .text.avr-libc.fplib
                0x00004e28       0xcc c:/program files (x86)/atmel/avr tools/avr toolchain/bin/../lib/gcc/avr/4.5.1/../../../../avr/lib/avr6\libc.a(divsf3x.o)
                0x00004e3e                __divsf3x
                0x00004e42                __divsf3_pse
 .text.avr-libc.fplib
                0x00004ef4        0xc c:/program files (x86)/atmel/avr tools/avr toolchain/bin/../lib/gcc/avr/4.5.1/../../../../avr/lib/avr6\libc.a(fp_inf.o)
                0x00004ef4                __fp_inf
 .text.avr-libc.fplib
                0x00004f00        0x6 c:/program files (x86)/atmel/avr tools/avr toolchain/bin/../lib/gcc/avr/4.5.1/../../../../avr/lib/avr6\libc.a(fp_nan.o)
                0x00004f00                __fp_nan
 .text.avr-libc.fplib
                0x00004f06       0x4a c:/program files (x86)/atmel/avr tools/avr toolchain/bin/../lib/gcc/avr/4.5.1/../../../../avr/lib/avr6\libc.a(fp_powser.o)
                0x00004f06                __fp_powser
 .text.avr-libc.fplib
                0x00004f50        0xe c:/program files (x86)/atmel/avr tools/avr toolchain/bin/../lib/gcc/avr/4.5.1/../../../../avr/lib/avr6\libc.a(fp_pscA.o)
                0x00004f50                __fp_pscA
 .text.avr-libc.fplib
                0x00004f5e        0xe c:/program files (x86)/atmel/avr tools/avr toolchain/bin/../lib/gcc/avr/4.5.1/../../../../avr/lib/avr6\libc.a(fp_pscB.o)
                0x00004f5e                __fp_pscB
 .text.avr-libc.fplib
                0x00004f6c       0x22 c:/program files (x86)/atmel/avr tools/avr toolchain/bin/../lib/gcc/avr/4.5.1/../../../../avr/lib/avr6\libc.a(fp_round.o)
                0x00004f6c                __fp_round
 .text.avr-libc.fplib
                0x00004f8e       0x44 c:/program files (x86)/atmel/avr tools/avr toolchain/bin/../lib/gcc/avr/4.5.1/../../../../avr/lib/avr6\libc.a(fp_split3.o)
                0x00004f8e                __fp_split3
                0x00004f9e                __fp_splitA
 .text.avr-libc.fplib
                0x00004fd2        0xe c:/program files (x86)/atmel/avr tools/avr toolchain/bin/../lib/gcc/avr/4.5.1/../../../../avr/lib/avr6\libc.a(fp_zero.o)
                0x00004fd2                __fp_zero
                0x00004fd4                __fp_szero
 .text.avr-libc.fplib
                0x00004fe0        0xe c:/program files (x86)/atmel/avr tools/avr toolchain/bin/../lib/gcc/avr/4.5.1/../../../../avr/lib/avr6\libc.a(inverse.o)
                0x00004fe0                inverse
 .text.avr-libc.fplib
                0x00004fee       0xc2 c:/program files (x86)/atmel/avr tools/avr toolchain/bin/../lib/gcc/avr/4.5.1/../../../../avr/lib/avr6\libc.a(mulsf3x.o)
                0x00005002                __mulsf3x
                0x00005006                __mulsf3_pse
 .text.avr-libc.fplib
                0x000050b0        0x6 c:/program files (x86)/atmel/avr tools/avr toolchain/bin/../lib/gcc/avr/4.5.1/../../../../avr/lib/avr6\libc.a(square.o)
                0x000050b0                square
 .text.avr-libc
                0x000050b6        0xc c:/program files (x86)/atmel/avr tools/avr toolchain/bin/../lib/gcc/avr/4.5.1/../../../../avr/lib/avr6\libc.a(eerd_word_atmega2560.o)
                0x000050b6                __eerd_word_m2560
 .text.avr-libc.fplib
                0x000050c2        0xa c:/program files (x86)/atmel/avr tools/avr toolchain/bin/../lib/gcc/avr/4.5.1/../../../../avr/lib/avr6\libc.a(addsf3.o)
                0x000050c2                __subsf3
                0x000050c4                __addsf3
 .text.avr-libc.fplib
                0x000050cc       0xc0 c:/program files (x86)/atmel/avr tools/avr toolchain/bin/../lib/gcc/avr/4.5.1/../../../../avr/lib/avr6\libc.a(addsf3x.o)
                0x000050e6                __addsf3x
 .text.avr-libc.fplib
                0x0000518c        0x4 c:/program files (x86)/atmel/avr tools/avr toolchain/bin/../lib/gcc/avr/4.5.1/../../../../avr/lib/avr6\libc.a(divsf3.o)
                0x0000518c                __divsf3
 .text.avr-libc
                0x00005190       0x20 c:/program files (x86)/atmel/avr tools/avr toolchain/bin/../lib/gcc/avr/4.5.1/../../../../avr/lib/avr6\libc.a(eerd_block_atmega2560.o)
                0x00005190                __eerd_block_m2560
                0x00005194                __eerd_blraw_m2560
 .text.libgcc   0x000051b0       0x36 c:/program files (x86)/atmel/avr tools/avr toolchain/bin/../lib/gcc/avr/4.5.1/avr6\libgcc.a(_divmodsi4.o)
                0x000051b0                __divmodsi4
 .text.libgcc   0x000051e6       0x44 c:/program files (x86)/atmel/avr tools/avr toolchain/bin/../lib/gcc/avr/4.5.1/avr6\libgcc.a(_udivmodsi4.o)
                0x000051e6                __udivmodsi4
                0x0000522a                . = ALIGN (0x2)
 *(.fini9)
 .fini9         0x0000522a        0x0 c:/program files (x86)/atmel/avr tools/avr toolchain/bin/../lib/gcc/avr/4.5.1/avr6\libgcc.a(_exit.o)
                0x0000522a                _exit
                0x0000522a                exit
 *(.fini9)
 *(.fini8)
 *(.fini8)
 *(.fini7)
 *(.fini7)
 *(.fini6)
 *(.fini6)
 *(.fini5)
 *(.fini5)
 *(.fini4)
 *(.fini4)
 *(.fini3)
 *(.fini3)
 *(.fini2)
 *(.fini2)
 *(.fini1)
 *(.fini1)
 *(.fini0)
 .fini0         0x0000522a        0x2 c:/program files (x86)/atmel/avr tools/avr toolchain/bin/../lib/gcc/avr/4.5.1/avr6\libgcc.a(_exit.o)
 *(.fini0)
                0x0000522c                _etext = .

.data           0x00800200      0x124 load address 0x0000522c
                0x00800200                PROVIDE (__data_start, .)
 *(.data)
 .data          0x00800200        0x0 c:/program files (x86)/atmel/avr tools/avr toolchain/bin/../lib/gcc/avr/4.5.1/../../../../avr/lib/avr6/crtm2560.o
 .data          0x00800200        0x0 main.o
 .data          0x00800200        0x0 spi.o
 .data          0x00800200        0x0 mirf.o
 .data          0x00800200        0x3 ir_remote_control.o
                0x00800200                check
 .data          0x00800203        0x0 speed_control.o
 .data          0x00800203       0x14 variables.o
                0x00800203                k_ff_speed_control_left
                0x00800205                k_ff_speed_control_right
                0x00800207                compute_left_vel
                0x00800208                compute_right_vel
                0x00800209                firstSampleRight
                0x0080020a                firstSampleLeft
                0x0080020b                packetId
                0x0080020c                pwm_red
                0x0080020d                pwm_green
                0x0080020e                pwm_blue
                0x0080020f                peripheralChoice
                0x00800210                choosePeripheral
                0x00800211                irEnabled
                0x00800212                checkGlitch
                0x00800213                accelAddress
                0x00800214                prevPosition
                0x00800215                currPosition
                0x00800216                robotPosition
 .data          0x00800217        0x0 ports_io.o
 .data          0x00800217        0x0 twimaster.o
 .data          0x00800217        0x0 usart.o
 .data          0x00800217        0x0 utility.o
 .data          0x00800217        0x0 adc.o
 .data          0x00800217        0x0 motors.o
 .data          0x00800217        0x0 behaviors.o
 .data          0x00800217        0x0 leds.o
 .data          0x00800217        0x0 sensors.o
 .data          0x00800217        0x0 c:/program files (x86)/atmel/avr tools/avr toolchain/bin/../lib/gcc/avr/4.5.1/avr6\libgcc.a(_mulsi3.o)
 .data          0x00800217        0x0 c:/program files (x86)/atmel/avr tools/avr toolchain/bin/../lib/gcc/avr/4.5.1/avr6\libgcc.a(_udivmodhi4.o)
 .data          0x00800217        0x0 c:/program files (x86)/atmel/avr tools/avr toolchain/bin/../lib/gcc/avr/4.5.1/avr6\libgcc.a(_divmodhi4.o)
 .data          0x00800217        0x0 c:/program files (x86)/atmel/avr tools/avr toolchain/bin/../lib/gcc/avr/4.5.1/avr6\libgcc.a(_exit.o)
 .data          0x00800217        0x0 c:/program files (x86)/atmel/avr tools/avr toolchain/bin/../lib/gcc/avr/4.5.1/avr6\libgcc.a(_copy_data.o)
 .data          0x00800217        0x0 c:/program files (x86)/atmel/avr tools/avr toolchain/bin/../lib/gcc/avr/4.5.1/avr6\libgcc.a(_clear_bss.o)
 .data          0x00800217        0x0 c:/program files (x86)/atmel/avr tools/avr toolchain/bin/../lib/gcc/avr/4.5.1/avr6\libgcc.a(_mul_sf.o)
 .data          0x00800217        0x0 c:/program files (x86)/atmel/avr tools/avr toolchain/bin/../lib/gcc/avr/4.5.1/avr6\libgcc.a(_si_to_sf.o)
 .data          0x00800217        0x0 c:/program files (x86)/atmel/avr tools/avr toolchain/bin/../lib/gcc/avr/4.5.1/avr6\libgcc.a(_sf_to_si.o)
 .data          0x00800217        0x8 c:/program files (x86)/atmel/avr tools/avr toolchain/bin/../lib/gcc/avr/4.5.1/avr6\libgcc.a(_thenan_sf.o)
                0x00800217                __thenan_sf
 .data          0x0080021f        0x0 c:/program files (x86)/atmel/avr tools/avr toolchain/bin/../lib/gcc/avr/4.5.1/avr6\libgcc.a(_prologue.o)
 .data          0x0080021f        0x0 c:/program files (x86)/atmel/avr tools/avr toolchain/bin/../lib/gcc/avr/4.5.1/avr6\libgcc.a(_epilogue.o)
 .data          0x0080021f        0x0 c:/program files (x86)/atmel/avr tools/avr toolchain/bin/../lib/gcc/avr/4.5.1/avr6\libgcc.a(_clzsi2.o)
 .data          0x0080021f        0x0 c:/program files (x86)/atmel/avr tools/avr toolchain/bin/../lib/gcc/avr/4.5.1/avr6\libgcc.a(_pack_sf.o)
 .data          0x0080021f        0x0 c:/program files (x86)/atmel/avr tools/avr toolchain/bin/../lib/gcc/avr/4.5.1/avr6\libgcc.a(_unpack_sf.o)
 .data          0x0080021f      0x100 c:/program files (x86)/atmel/avr tools/avr toolchain/bin/../lib/gcc/avr/4.5.1/avr6\libgcc.a(_clz.o)
                0x0080021f                __clz_tab
 .data          0x0080031f        0x4 c:/program files (x86)/atmel/avr tools/avr toolchain/bin/../lib/gcc/avr/4.5.1/../../../../avr/lib/avr6\libc.a(rand.o)
 .data          0x00800323        0x0 c:/program files (x86)/atmel/avr tools/avr toolchain/bin/../lib/gcc/avr/4.5.1/../../../../avr/lib/avr6\libc.a(atan2.o)
 .data          0x00800323        0x0 c:/program files (x86)/atmel/avr tools/avr toolchain/bin/../lib/gcc/avr/4.5.1/../../../../avr/lib/avr6\libc.a(atan.o)
 .data          0x00800323        0x0 c:/program files (x86)/atmel/avr tools/avr toolchain/bin/../lib/gcc/avr/4.5.1/../../../../avr/lib/avr6\libc.a(divsf3x.o)
 .data          0x00800323        0x0 c:/program files (x86)/atmel/avr tools/avr toolchain/bin/../lib/gcc/avr/4.5.1/../../../../avr/lib/avr6\libc.a(fp_inf.o)
 .data          0x00800323        0x0 c:/program files (x86)/atmel/avr tools/avr toolchain/bin/../lib/gcc/avr/4.5.1/../../../../avr/lib/avr6\libc.a(fp_nan.o)
 .data          0x00800323        0x0 c:/program files (x86)/atmel/avr tools/avr toolchain/bin/../lib/gcc/avr/4.5.1/../../../../avr/lib/avr6\libc.a(fp_powser.o)
 .data          0x00800323        0x0 c:/program files (x86)/atmel/avr tools/avr toolchain/bin/../lib/gcc/avr/4.5.1/../../../../avr/lib/avr6\libc.a(fp_pscA.o)
 .data          0x00800323        0x0 c:/program files (x86)/atmel/avr tools/avr toolchain/bin/../lib/gcc/avr/4.5.1/../../../../avr/lib/avr6\libc.a(fp_pscB.o)
 .data          0x00800323        0x0 c:/program files (x86)/atmel/avr tools/avr toolchain/bin/../lib/gcc/avr/4.5.1/../../../../avr/lib/avr6\libc.a(fp_round.o)
 .data          0x00800323        0x0 c:/program files (x86)/atmel/avr tools/avr toolchain/bin/../lib/gcc/avr/4.5.1/../../../../avr/lib/avr6\libc.a(fp_split3.o)
 .data          0x00800323        0x0 c:/program files (x86)/atmel/avr tools/avr toolchain/bin/../lib/gcc/avr/4.5.1/../../../../avr/lib/avr6\libc.a(fp_zero.o)
 .data          0x00800323        0x0 c:/program files (x86)/atmel/avr tools/avr toolchain/bin/../lib/gcc/avr/4.5.1/../../../../avr/lib/avr6\libc.a(inverse.o)
 .data          0x00800323        0x0 c:/program files (x86)/atmel/avr tools/avr toolchain/bin/../lib/gcc/avr/4.5.1/../../../../avr/lib/avr6\libc.a(mulsf3x.o)
 .data          0x00800323        0x0 c:/program files (x86)/atmel/avr tools/avr toolchain/bin/../lib/gcc/avr/4.5.1/../../../../avr/lib/avr6\libc.a(square.o)
 .data          0x00800323        0x0 c:/program files (x86)/atmel/avr tools/avr toolchain/bin/../lib/gcc/avr/4.5.1/../../../../avr/lib/avr6\libc.a(eerd_word_atmega2560.o)
 .data          0x00800323        0x0 c:/program files (x86)/atmel/avr tools/avr toolchain/bin/../lib/gcc/avr/4.5.1/../../../../avr/lib/avr6\libc.a(addsf3.o)
 .data          0x00800323        0x0 c:/program files (x86)/atmel/avr tools/avr toolchain/bin/../lib/gcc/avr/4.5.1/../../../../avr/lib/avr6\libc.a(addsf3x.o)
 .data          0x00800323        0x0 c:/program files (x86)/atmel/avr tools/avr toolchain/bin/../lib/gcc/avr/4.5.1/../../../../avr/lib/avr6\libc.a(divsf3.o)
 .data          0x00800323        0x0 c:/program files (x86)/atmel/avr tools/avr toolchain/bin/../lib/gcc/avr/4.5.1/../../../../avr/lib/avr6\libc.a(eerd_block_atmega2560.o)
 .data          0x00800323        0x0 c:/program files (x86)/atmel/avr tools/avr toolchain/bin/../lib/gcc/avr/4.5.1/avr6\libgcc.a(_divmodsi4.o)
 .data          0x00800323        0x0 c:/program files (x86)/atmel/avr tools/avr toolchain/bin/../lib/gcc/avr/4.5.1/avr6\libgcc.a(_udivmodsi4.o)
 *(.data*)
 *(.rodata)
 *(.rodata*)
 *(.gnu.linkonce.d*)
                0x00800324                . = ALIGN (0x2)
 *fill*         0x00800323        0x1 00
                0x00800324                _edata = .
                0x00800324                PROVIDE (__data_end, .)

.bss            0x00800324      0x240
                0x00800324                PROVIDE (__bss_start, .)
 *(.bss)
 .bss           0x00800324        0x0 c:/program files (x86)/atmel/avr tools/avr toolchain/bin/../lib/gcc/avr/4.5.1/../../../../avr/lib/avr6/crtm2560.o
 .bss           0x00800324        0x0 main.o
 .bss           0x00800324        0x0 spi.o
 .bss           0x00800324        0x0 mirf.o
 .bss           0x00800324        0x5 ir_remote_control.o
                0x00800324                address
                0x00800325                data_ir
 .bss           0x00800329        0x0 speed_control.o
 .bss           0x00800329      0x20e variables.o
                0x00800329                currentAdChannel
                0x0080032a                currentProx
                0x0080032b                currentMotLeftChannel
                0x0080032c                currentMotRightChannel
                0x0080032d                rightMotorPhase
                0x0080032e                leftMotorPhase
                0x0080032f                proximityValue
                0x0080035f                proximityResult
                0x00800377                proximityOffset
                0x0080038f                proximitySum
                0x008003bf                adcSaveDataTo
                0x008003c0                adcSamplingState
                0x008003c1                rightChannelPhase
                0x008003c2                leftChannelPhase
                0x008003c3                batteryLevel
                0x008003c5                measBattery
                0x008003c6                proxUpdated
                0x008003c7                proximityResultLinear
                0x008003d7                left_current_avg
                0x008003d9                right_current_avg
                0x008003db                last_left_current
                0x008003dd                last_right_current
                0x008003df                pwm_right_desired_to_control
                0x008003e1                pwm_left_desired_to_control
                0x008003e3                left_vel_sum
                0x008003e5                right_vel_sum
                0x008003e7                last_left_vel
                0x008003e9                last_right_vel
                0x008003eb                pwm_right
                0x008003ed                pwm_left
                0x008003ef                pwm_right_desired
                0x008003f1                pwm_left_desired
                0x008003f3                pwm_right_speed_controller
                0x008003f5                pwm_left_speed_controller
                0x008003f7                delta_left_speed_sum
                0x008003f9                delta_right_speed_sum
                0x008003fb                pwm_right_working
                0x008003fd                pwm_left_working
                0x008003ff                speedl
                0x00800401                speedr
                0x00800403                rfAddress
                0x00800405                blinkState
                0x00800406                sendAdcValues
                0x00800407                commError
                0x00800408                byteCount
                0x0080040a                uartBuff
                0x0080050a                nextByteIndex
                0x0080050b                currByteIndex
                0x0080050c                irCommand
                0x0080050d                command_received
                0x0080050e                colorState
                0x0080050f                behaviorState
                0x00800510                useAccel
                0x00800511                accX
                0x00800513                accY
                0x00800515                accZ
                0x00800517                accOffsetX
                0x00800519                accOffsetY
                0x0080051b                accOffsetZ
                0x0080051d                accOffsetXSum
                0x0080051f                accOffsetYSum
                0x00800521                accOffsetZSum
                0x00800523                currentAngle
                0x00800525                timesInSamePos
                0x00800526                accBuff
                0x0080052c                clockTick
                0x00800530                currentSelector
                0x00800531                calibrationCycle
                0x00800533                hardwareRevision
                0x00800534                obstacleAvoidanceEnabled
                0x00800535                cliffAvoidanceEnabled
                0x00800536                cliffDetectedFlag
 .bss           0x00800537        0x0 ports_io.o
 .bss           0x00800537        0x0 twimaster.o
 .bss           0x00800537        0x0 usart.o
 .bss           0x00800537        0x0 utility.o
 .bss           0x00800537        0x0 adc.o
 .bss           0x00800537        0x0 motors.o
 .bss           0x00800537        0x0 behaviors.o
 .bss           0x00800537        0x0 leds.o
 .bss           0x00800537        0x0 sensors.o
 .bss           0x00800537        0x0 c:/program files (x86)/atmel/avr tools/avr toolchain/bin/../lib/gcc/avr/4.5.1/avr6\libgcc.a(_mulsi3.o)
 .bss           0x00800537        0x0 c:/program files (x86)/atmel/avr tools/avr toolchain/bin/../lib/gcc/avr/4.5.1/avr6\libgcc.a(_udivmodhi4.o)
 .bss           0x00800537        0x0 c:/program files (x86)/atmel/avr tools/avr toolchain/bin/../lib/gcc/avr/4.5.1/avr6\libgcc.a(_divmodhi4.o)
 .bss           0x00800537        0x0 c:/program files (x86)/atmel/avr tools/avr toolchain/bin/../lib/gcc/avr/4.5.1/avr6\libgcc.a(_exit.o)
 .bss           0x00800537        0x0 c:/program files (x86)/atmel/avr tools/avr toolchain/bin/../lib/gcc/avr/4.5.1/avr6\libgcc.a(_copy_data.o)
 .bss           0x00800537        0x0 c:/program files (x86)/atmel/avr tools/avr toolchain/bin/../lib/gcc/avr/4.5.1/avr6\libgcc.a(_clear_bss.o)
 .bss           0x00800537        0x0 c:/program files (x86)/atmel/avr tools/avr toolchain/bin/../lib/gcc/avr/4.5.1/avr6\libgcc.a(_mul_sf.o)
 .bss           0x00800537        0x0 c:/program files (x86)/atmel/avr tools/avr toolchain/bin/../lib/gcc/avr/4.5.1/avr6\libgcc.a(_si_to_sf.o)
 .bss           0x00800537        0x0 c:/program files (x86)/atmel/avr tools/avr toolchain/bin/../lib/gcc/avr/4.5.1/avr6\libgcc.a(_sf_to_si.o)
 .bss           0x00800537        0x0 c:/program files (x86)/atmel/avr tools/avr toolchain/bin/../lib/gcc/avr/4.5.1/avr6\libgcc.a(_thenan_sf.o)
 .bss           0x00800537        0x0 c:/program files (x86)/atmel/avr tools/avr toolchain/bin/../lib/gcc/avr/4.5.1/avr6\libgcc.a(_prologue.o)
 .bss           0x00800537        0x0 c:/program files (x86)/atmel/avr tools/avr toolchain/bin/../lib/gcc/avr/4.5.1/avr6\libgcc.a(_epilogue.o)
 .bss           0x00800537        0x0 c:/program files (x86)/atmel/avr tools/avr toolchain/bin/../lib/gcc/avr/4.5.1/avr6\libgcc.a(_clzsi2.o)
 .bss           0x00800537        0x0 c:/program files (x86)/atmel/avr tools/avr toolchain/bin/../lib/gcc/avr/4.5.1/avr6\libgcc.a(_pack_sf.o)
 .bss           0x00800537        0x0 c:/program files (x86)/atmel/avr tools/avr toolchain/bin/../lib/gcc/avr/4.5.1/avr6\libgcc.a(_unpack_sf.o)
 .bss           0x00800537        0x0 c:/program files (x86)/atmel/avr tools/avr toolchain/bin/../lib/gcc/avr/4.5.1/avr6\libgcc.a(_clz.o)
 .bss           0x00800537        0x0 c:/program files (x86)/atmel/avr tools/avr toolchain/bin/../lib/gcc/avr/4.5.1/../../../../avr/lib/avr6\libc.a(rand.o)
 .bss           0x00800537        0x0 c:/program files (x86)/atmel/avr tools/avr toolchain/bin/../lib/gcc/avr/4.5.1/../../../../avr/lib/avr6\libc.a(atan2.o)
 .bss           0x00800537        0x0 c:/program files (x86)/atmel/avr tools/avr toolchain/bin/../lib/gcc/avr/4.5.1/../../../../avr/lib/avr6\libc.a(atan.o)
 .bss           0x00800537        0x0 c:/program files (x86)/atmel/avr tools/avr toolchain/bin/../lib/gcc/avr/4.5.1/../../../../avr/lib/avr6\libc.a(divsf3x.o)
 .bss           0x00800537        0x0 c:/program files (x86)/atmel/avr tools/avr toolchain/bin/../lib/gcc/avr/4.5.1/../../../../avr/lib/avr6\libc.a(fp_inf.o)
 .bss           0x00800537        0x0 c:/program files (x86)/atmel/avr tools/avr toolchain/bin/../lib/gcc/avr/4.5.1/../../../../avr/lib/avr6\libc.a(fp_nan.o)
 .bss           0x00800537        0x0 c:/program files (x86)/atmel/avr tools/avr toolchain/bin/../lib/gcc/avr/4.5.1/../../../../avr/lib/avr6\libc.a(fp_powser.o)
 .bss           0x00800537        0x0 c:/program files (x86)/atmel/avr tools/avr toolchain/bin/../lib/gcc/avr/4.5.1/../../../../avr/lib/avr6\libc.a(fp_pscA.o)
 .bss           0x00800537        0x0 c:/program files (x86)/atmel/avr tools/avr toolchain/bin/../lib/gcc/avr/4.5.1/../../../../avr/lib/avr6\libc.a(fp_pscB.o)
 .bss           0x00800537        0x0 c:/program files (x86)/atmel/avr tools/avr toolchain/bin/../lib/gcc/avr/4.5.1/../../../../avr/lib/avr6\libc.a(fp_round.o)
 .bss           0x00800537        0x0 c:/program files (x86)/atmel/avr tools/avr toolchain/bin/../lib/gcc/avr/4.5.1/../../../../avr/lib/avr6\libc.a(fp_split3.o)
 .bss           0x00800537        0x0 c:/program files (x86)/atmel/avr tools/avr toolchain/bin/../lib/gcc/avr/4.5.1/../../../../avr/lib/avr6\libc.a(fp_zero.o)
 .bss           0x00800537        0x0 c:/program files (x86)/atmel/avr tools/avr toolchain/bin/../lib/gcc/avr/4.5.1/../../../../avr/lib/avr6\libc.a(inverse.o)
 .bss           0x00800537        0x0 c:/program files (x86)/atmel/avr tools/avr toolchain/bin/../lib/gcc/avr/4.5.1/../../../../avr/lib/avr6\libc.a(mulsf3x.o)
 .bss           0x00800537        0x0 c:/program files (x86)/atmel/avr tools/avr toolchain/bin/../lib/gcc/avr/4.5.1/../../../../avr/lib/avr6\libc.a(square.o)
 .bss           0x00800537        0x0 c:/program files (x86)/atmel/avr tools/avr toolchain/bin/../lib/gcc/avr/4.5.1/../../../../avr/lib/avr6\libc.a(eerd_word_atmega2560.o)
 .bss           0x00800537        0x0 c:/program files (x86)/atmel/avr tools/avr toolchain/bin/../lib/gcc/avr/4.5.1/../../../../avr/lib/avr6\libc.a(addsf3.o)
 .bss           0x00800537        0x0 c:/program files (x86)/atmel/avr tools/avr toolchain/bin/../lib/gcc/avr/4.5.1/../../../../avr/lib/avr6\libc.a(addsf3x.o)
 .bss           0x00800537        0x0 c:/program files (x86)/atmel/avr tools/avr toolchain/bin/../lib/gcc/avr/4.5.1/../../../../avr/lib/avr6\libc.a(divsf3.o)
 .bss           0x00800537        0x0 c:/program files (x86)/atmel/avr tools/avr toolchain/bin/../lib/gcc/avr/4.5.1/../../../../avr/lib/avr6\libc.a(eerd_block_atmega2560.o)
 .bss           0x00800537        0x0 c:/program files (x86)/atmel/avr tools/avr toolchain/bin/../lib/gcc/avr/4.5.1/avr6\libgcc.a(_divmodsi4.o)
 .bss           0x00800537        0x0 c:/program files (x86)/atmel/avr tools/avr toolchain/bin/../lib/gcc/avr/4.5.1/avr6\libgcc.a(_udivmodsi4.o)
 *(.bss*)
 *(COMMON)
 COMMON         0x00800537        0x1 mirf.o
                0x00800537                PTX
 COMMON         0x00800538       0x2c variables.o
                0x00800538                delta_left_speed_current
                0x0080053a                delta_right_speed_prev
                0x0080053c                ackPayload
                0x0080054c                dataLED
                0x00800552                delta_left_speed_prev
                0x00800554                rfData
                0x00800561                delta_right_speed_current
                0x00800563                startCalibration
                0x00800564                PROVIDE (__bss_end, .)
                0x0000522c                __data_load_start = LOADADDR (.data)
                0x00005350                __data_load_end = (__data_load_start + SIZEOF (.data))

.noinit         0x00800564        0x0
                0x00800564                PROVIDE (__noinit_start, .)
 *(.noinit*)
                0x00800564                PROVIDE (__noinit_end, .)
                0x00800564                _end = .
                0x00800564                PROVIDE (__heap_start, .)

.eeprom         0x00810000        0x0
 *(.eeprom*)
                0x00810000                __eeprom_end = .

.fuse
 *(.fuse)
 *(.lfuse)
 *(.hfuse)
 *(.efuse)

.lock
 *(.lock*)

.signature
 *(.signature*)

.stab           0x00000000     0x24b4
 *(.stab)
 .stab          0x00000000      0x6e4 c:/program files (x86)/atmel/avr tools/avr toolchain/bin/../lib/gcc/avr/4.5.1/../../../../avr/lib/avr6/crtm2560.o
 .stab          0x000006e4      0x2f4 c:/program files (x86)/atmel/avr tools/avr toolchain/bin/../lib/gcc/avr/4.5.1/../../../../avr/lib/avr6\libc.a(atan2.o)
                                0x300 (size before relaxing)
 .stab          0x000009d8      0x210 c:/program files (x86)/atmel/avr tools/avr toolchain/bin/../lib/gcc/avr/4.5.1/../../../../avr/lib/avr6\libc.a(atan.o)
                                0x21c (size before relaxing)
 .stab          0x00000be8      0x510 c:/program files (x86)/atmel/avr tools/avr toolchain/bin/../lib/gcc/avr/4.5.1/../../../../avr/lib/avr6\libc.a(divsf3x.o)
                                0x51c (size before relaxing)
 .stab          0x000010f8       0x78 c:/program files (x86)/atmel/avr tools/avr toolchain/bin/../lib/gcc/avr/4.5.1/../../../../avr/lib/avr6\libc.a(fp_inf.o)
                                 0x84 (size before relaxing)
 .stab          0x00001170       0x54 c:/program files (x86)/atmel/avr tools/avr toolchain/bin/../lib/gcc/avr/4.5.1/../../../../avr/lib/avr6\libc.a(fp_nan.o)
                                 0x60 (size before relaxing)
 .stab          0x000011c4      0x1ec c:/program files (x86)/atmel/avr tools/avr toolchain/bin/../lib/gcc/avr/4.5.1/../../../../avr/lib/avr6\libc.a(fp_powser.o)
                                0x1f8 (size before relaxing)
 .stab          0x000013b0       0x84 c:/program files (x86)/atmel/avr tools/avr toolchain/bin/../lib/gcc/avr/4.5.1/../../../../avr/lib/avr6\libc.a(fp_pscA.o)
                                 0x90 (size before relaxing)
 .stab          0x00001434       0x84 c:/program files (x86)/atmel/avr tools/avr toolchain/bin/../lib/gcc/avr/4.5.1/../../../../avr/lib/avr6\libc.a(fp_pscB.o)
                                 0x90 (size before relaxing)
 .stab          0x000014b8       0xfc c:/program files (x86)/atmel/avr tools/avr toolchain/bin/../lib/gcc/avr/4.5.1/../../../../avr/lib/avr6\libc.a(fp_round.o)
                                0x108 (size before relaxing)
 .stab          0x000015b4      0x1d4 c:/program files (x86)/atmel/avr tools/avr toolchain/bin/../lib/gcc/avr/4.5.1/../../../../avr/lib/avr6\libc.a(fp_split3.o)
                                0x1e0 (size before relaxing)
 .stab          0x00001788       0x90 c:/program files (x86)/atmel/avr tools/avr toolchain/bin/../lib/gcc/avr/4.5.1/../../../../avr/lib/avr6\libc.a(fp_zero.o)
                                 0x9c (size before relaxing)
 .stab          0x00001818       0x84 c:/program files (x86)/atmel/avr tools/avr toolchain/bin/../lib/gcc/avr/4.5.1/../../../../avr/lib/avr6\libc.a(inverse.o)
                                 0x90 (size before relaxing)
 .stab          0x0000189c      0x4d4 c:/program files (x86)/atmel/avr tools/avr toolchain/bin/../lib/gcc/avr/4.5.1/../../../../avr/lib/avr6\libc.a(mulsf3x.o)
                                0x4e0 (size before relaxing)
 .stab          0x00001d70       0x54 c:/program files (x86)/atmel/avr tools/avr toolchain/bin/../lib/gcc/avr/4.5.1/../../../../avr/lib/avr6\libc.a(square.o)
                                 0x60 (size before relaxing)
 .stab          0x00001dc4       0x6c c:/program files (x86)/atmel/avr tools/avr toolchain/bin/../lib/gcc/avr/4.5.1/../../../../avr/lib/avr6\libc.a(eerd_word_atmega2560.o)
                                 0x78 (size before relaxing)
 .stab          0x00001e30       0x78 c:/program files (x86)/atmel/avr tools/avr toolchain/bin/../lib/gcc/avr/4.5.1/../../../../avr/lib/avr6\libc.a(addsf3.o)
                                 0x84 (size before relaxing)
 .stab          0x00001ea8      0x4bc c:/program files (x86)/atmel/avr tools/avr toolchain/bin/../lib/gcc/avr/4.5.1/../../../../avr/lib/avr6\libc.a(addsf3x.o)
                                0x4c8 (size before relaxing)
 .stab          0x00002364       0x48 c:/program files (x86)/atmel/avr tools/avr toolchain/bin/../lib/gcc/avr/4.5.1/../../../../avr/lib/avr6\libc.a(divsf3.o)
                                 0x54 (size before relaxing)
 .stab          0x000023ac      0x108 c:/program files (x86)/atmel/avr tools/avr toolchain/bin/../lib/gcc/avr/4.5.1/../../../../avr/lib/avr6\libc.a(eerd_block_atmega2560.o)
                                0x114 (size before relaxing)

.stabstr        0x00000000      0x7c9
 *(.stabstr)
 .stabstr       0x00000000      0x7c9 c:/program files (x86)/atmel/avr tools/avr toolchain/bin/../lib/gcc/avr/4.5.1/../../../../avr/lib/avr6/crtm2560.o

.stab.excl
 *(.stab.excl)

.stab.exclstr
 *(.stab.exclstr)

.stab.index
 *(.stab.index)

.stab.indexstr
 *(.stab.indexstr)

.comment
 *(.comment)

.debug
 *(.debug)

.line
 *(.line)

.debug_srcinfo
 *(.debug_srcinfo)

.debug_sfnames
 *(.debug_sfnames)

.debug_aranges  0x00000000      0x2b8
 *(.debug_aranges)
 .debug_aranges
                0x00000000       0x20 main.o
 .debug_aranges
                0x00000020       0x20 spi.o
 .debug_aranges
                0x00000040       0x20 mirf.o
 .debug_aranges
                0x00000060       0x20 ir_remote_control.o
 .debug_aranges
                0x00000080       0x20 speed_control.o
 .debug_aranges
                0x000000a0       0x20 ports_io.o
 .debug_aranges
                0x000000c0       0x20 twimaster.o
 .debug_aranges
                0x000000e0       0x20 usart.o
 .debug_aranges
                0x00000100       0x20 utility.o
 .debug_aranges
                0x00000120       0x20 adc.o
 .debug_aranges
                0x00000140       0x20 motors.o
 .debug_aranges
                0x00000160       0x20 behaviors.o
 .debug_aranges
                0x00000180       0x20 leds.o
 .debug_aranges
                0x000001a0       0x20 sensors.o
 .debug_aranges
                0x000001c0       0x20 c:/program files (x86)/atmel/avr tools/avr toolchain/bin/../lib/gcc/avr/4.5.1/avr6\libgcc.a(_mul_sf.o)
 .debug_aranges
                0x000001e0       0x20 c:/program files (x86)/atmel/avr tools/avr toolchain/bin/../lib/gcc/avr/4.5.1/avr6\libgcc.a(_si_to_sf.o)
 .debug_aranges
                0x00000200       0x20 c:/program files (x86)/atmel/avr tools/avr toolchain/bin/../lib/gcc/avr/4.5.1/avr6\libgcc.a(_sf_to_si.o)
 .debug_aranges
                0x00000220       0x20 c:/program files (x86)/atmel/avr tools/avr toolchain/bin/../lib/gcc/avr/4.5.1/avr6\libgcc.a(_clzsi2.o)
 .debug_aranges
                0x00000240       0x20 c:/program files (x86)/atmel/avr tools/avr toolchain/bin/../lib/gcc/avr/4.5.1/avr6\libgcc.a(_pack_sf.o)
 .debug_aranges
                0x00000260       0x20 c:/program files (x86)/atmel/avr tools/avr toolchain/bin/../lib/gcc/avr/4.5.1/avr6\libgcc.a(_unpack_sf.o)
 .debug_aranges
                0x00000280       0x38 c:/program files (x86)/atmel/avr tools/avr toolchain/bin/../lib/gcc/avr/4.5.1/../../../../avr/lib/avr6\libc.a(rand.o)

.debug_pubnames
                0x00000000     0x10ef
 *(.debug_pubnames)
 .debug_pubnames
                0x00000000       0x1b main.o
 .debug_pubnames
                0x0000001b       0x6a spi.o
 .debug_pubnames
                0x00000085      0x13a mirf.o
 .debug_pubnames
                0x000001bf       0xd3 ir_remote_control.o
 .debug_pubnames
                0x00000292       0xc7 speed_control.o
 .debug_pubnames
                0x00000359      0x761 variables.o
 .debug_pubnames
                0x00000aba       0x22 ports_io.o
 .debug_pubnames
                0x00000adc       0x9b twimaster.o
 .debug_pubnames
                0x00000b77       0xa2 usart.o
 .debug_pubnames
                0x00000c19       0x7c utility.o
 .debug_pubnames
                0x00000c95       0x2e adc.o
 .debug_pubnames
                0x00000cc3       0xe9 motors.o
 .debug_pubnames
                0x00000dac       0xb8 behaviors.o
 .debug_pubnames
                0x00000e64       0xa3 leds.o
 .debug_pubnames
                0x00000f07       0xb6 sensors.o
 .debug_pubnames
                0x00000fbd       0x1f c:/program files (x86)/atmel/avr tools/avr toolchain/bin/../lib/gcc/avr/4.5.1/avr6\libgcc.a(_mul_sf.o)
 .debug_pubnames
                0x00000fdc       0x22 c:/program files (x86)/atmel/avr tools/avr toolchain/bin/../lib/gcc/avr/4.5.1/avr6\libgcc.a(_si_to_sf.o)
 .debug_pubnames
                0x00000ffe       0x20 c:/program files (x86)/atmel/avr tools/avr toolchain/bin/../lib/gcc/avr/4.5.1/avr6\libgcc.a(_sf_to_si.o)
 .debug_pubnames
                0x0000101e       0x22 c:/program files (x86)/atmel/avr tools/avr toolchain/bin/../lib/gcc/avr/4.5.1/avr6\libgcc.a(_thenan_sf.o)
 .debug_pubnames
                0x00001040       0x1f c:/program files (x86)/atmel/avr tools/avr toolchain/bin/../lib/gcc/avr/4.5.1/avr6\libgcc.a(_clzsi2.o)
 .debug_pubnames
                0x0000105f       0x1f c:/program files (x86)/atmel/avr tools/avr toolchain/bin/../lib/gcc/avr/4.5.1/avr6\libgcc.a(_pack_sf.o)
 .debug_pubnames
                0x0000107e       0x21 c:/program files (x86)/atmel/avr tools/avr toolchain/bin/../lib/gcc/avr/4.5.1/avr6\libgcc.a(_unpack_sf.o)
 .debug_pubnames
                0x0000109f       0x20 c:/program files (x86)/atmel/avr tools/avr toolchain/bin/../lib/gcc/avr/4.5.1/avr6\libgcc.a(_clz.o)
 .debug_pubnames
                0x000010bf       0x30 c:/program files (x86)/atmel/avr tools/avr toolchain/bin/../lib/gcc/avr/4.5.1/../../../../avr/lib/avr6\libc.a(rand.o)

.debug_info     0x00000000     0x4456
 *(.debug_info)
 .debug_info    0x00000000      0x123 main.o
 .debug_info    0x00000123      0x15f spi.o
 .debug_info    0x00000282      0x9bb mirf.o
 .debug_info    0x00000c3d      0x3a6 ir_remote_control.o
 .debug_info    0x00000fe3      0x26e speed_control.o
 .debug_info    0x00001251      0x7dc variables.o
 .debug_info    0x00001a2d       0x98 ports_io.o
 .debug_info    0x00001ac5      0x1fc twimaster.o
 .debug_info    0x00001cc1      0x1fc usart.o
 .debug_info    0x00001ebd      0x220 utility.o
 .debug_info    0x000020dd      0x417 adc.o
 .debug_info    0x000024f4      0x443 motors.o
 .debug_info    0x00002937      0x20a behaviors.o
 .debug_info    0x00002b41      0x1dd leds.o
 .debug_info    0x00002d1e      0x525 sensors.o
 .debug_info    0x00003243      0x429 c:/program files (x86)/atmel/avr tools/avr toolchain/bin/../lib/gcc/avr/4.5.1/avr6\libgcc.a(_mul_sf.o)
 .debug_info    0x0000366c      0x207 c:/program files (x86)/atmel/avr tools/avr toolchain/bin/../lib/gcc/avr/4.5.1/avr6\libgcc.a(_si_to_sf.o)
 .debug_info    0x00003873      0x2b0 c:/program files (x86)/atmel/avr tools/avr toolchain/bin/../lib/gcc/avr/4.5.1/avr6\libgcc.a(_sf_to_si.o)
 .debug_info    0x00003b23      0x12c c:/program files (x86)/atmel/avr tools/avr toolchain/bin/../lib/gcc/avr/4.5.1/avr6\libgcc.a(_thenan_sf.o)
 .debug_info    0x00003c4f      0x10c c:/program files (x86)/atmel/avr tools/avr toolchain/bin/../lib/gcc/avr/4.5.1/avr6\libgcc.a(_clzsi2.o)
 .debug_info    0x00003d5b      0x2ec c:/program files (x86)/atmel/avr tools/avr toolchain/bin/../lib/gcc/avr/4.5.1/avr6\libgcc.a(_pack_sf.o)
 .debug_info    0x00004047      0x251 c:/program files (x86)/atmel/avr tools/avr toolchain/bin/../lib/gcc/avr/4.5.1/avr6\libgcc.a(_unpack_sf.o)
 .debug_info    0x00004298       0x9e c:/program files (x86)/atmel/avr tools/avr toolchain/bin/../lib/gcc/avr/4.5.1/avr6\libgcc.a(_clz.o)
 .debug_info    0x00004336      0x120 c:/program files (x86)/atmel/avr tools/avr toolchain/bin/../lib/gcc/avr/4.5.1/../../../../avr/lib/avr6\libc.a(rand.o)
 *(.gnu.linkonce.wi.*)

.debug_abbrev   0x00000000     0x1758
 *(.debug_abbrev)
 .debug_abbrev  0x00000000       0x70 main.o
 .debug_abbrev  0x00000070       0xbd spi.o
 .debug_abbrev  0x0000012d      0x268 mirf.o
 .debug_abbrev  0x00000395      0x121 ir_remote_control.o
 .debug_abbrev  0x000004b6       0x7d speed_control.o
 .debug_abbrev  0x00000533       0x54 variables.o
 .debug_abbrev  0x00000587       0x5d ports_io.o
 .debug_abbrev  0x000005e4      0x139 twimaster.o
 .debug_abbrev  0x0000071d      0x10a usart.o
 .debug_abbrev  0x00000827       0xe7 utility.o
 .debug_abbrev  0x0000090e       0x9c adc.o
 .debug_abbrev  0x000009aa       0xab motors.o
 .debug_abbrev  0x00000a55       0xcf behaviors.o
 .debug_abbrev  0x00000b24       0x90 leds.o
 .debug_abbrev  0x00000bb4      0x126 sensors.o
 .debug_abbrev  0x00000cda      0x20c c:/program files (x86)/atmel/avr tools/avr toolchain/bin/../lib/gcc/avr/4.5.1/avr6\libgcc.a(_mul_sf.o)
 .debug_abbrev  0x00000ee6      0x148 c:/program files (x86)/atmel/avr tools/avr toolchain/bin/../lib/gcc/avr/4.5.1/avr6\libgcc.a(_si_to_sf.o)
 .debug_abbrev  0x0000102e      0x17f c:/program files (x86)/atmel/avr tools/avr toolchain/bin/../lib/gcc/avr/4.5.1/avr6\libgcc.a(_sf_to_si.o)
 .debug_abbrev  0x000011ad       0xad c:/program files (x86)/atmel/avr tools/avr toolchain/bin/../lib/gcc/avr/4.5.1/avr6\libgcc.a(_thenan_sf.o)
 .debug_abbrev  0x0000125a       0xc2 c:/program files (x86)/atmel/avr tools/avr toolchain/bin/../lib/gcc/avr/4.5.1/avr6\libgcc.a(_clzsi2.o)
 .debug_abbrev  0x0000131c      0x1b3 c:/program files (x86)/atmel/avr tools/avr toolchain/bin/../lib/gcc/avr/4.5.1/avr6\libgcc.a(_pack_sf.o)
 .debug_abbrev  0x000014cf      0x154 c:/program files (x86)/atmel/avr tools/avr toolchain/bin/../lib/gcc/avr/4.5.1/avr6\libgcc.a(_unpack_sf.o)
 .debug_abbrev  0x00001623       0x68 c:/program files (x86)/atmel/avr tools/avr toolchain/bin/../lib/gcc/avr/4.5.1/avr6\libgcc.a(_clz.o)
 .debug_abbrev  0x0000168b       0xcd c:/program files (x86)/atmel/avr tools/avr toolchain/bin/../lib/gcc/avr/4.5.1/../../../../avr/lib/avr6\libc.a(rand.o)

.debug_line     0x00000000     0x4dfd
 *(.debug_line)
 .debug_line    0x00000000      0x301 main.o
 .debug_line    0x00000301      0x18c spi.o
 .debug_line    0x0000048d      0xbe3 mirf.o
 .debug_line    0x00001070      0x69b ir_remote_control.o
 .debug_line    0x0000170b      0x673 speed_control.o
 .debug_line    0x00001d7e       0x50 variables.o
 .debug_line    0x00001dce      0x1e6 ports_io.o
 .debug_line    0x00001fb4      0x366 twimaster.o
 .debug_line    0x0000231a      0x24f usart.o
 .debug_line    0x00002569      0x3e7 utility.o
 .debug_line    0x00002950      0x577 adc.o
 .debug_line    0x00002ec7      0x6fa motors.o
 .debug_line    0x000035c1      0x2d3 behaviors.o
 .debug_line    0x00003894      0x364 leds.o
 .debug_line    0x00003bf8      0x731 sensors.o
 .debug_line    0x00004329      0x233 c:/program files (x86)/atmel/avr tools/avr toolchain/bin/../lib/gcc/avr/4.5.1/avr6\libgcc.a(_mul_sf.o)
 .debug_line    0x0000455c      0x137 c:/program files (x86)/atmel/avr tools/avr toolchain/bin/../lib/gcc/avr/4.5.1/avr6\libgcc.a(_si_to_sf.o)
 .debug_line    0x00004693      0x11b c:/program files (x86)/atmel/avr tools/avr toolchain/bin/../lib/gcc/avr/4.5.1/avr6\libgcc.a(_sf_to_si.o)
 .debug_line    0x000047ae       0xa2 c:/program files (x86)/atmel/avr tools/avr toolchain/bin/../lib/gcc/avr/4.5.1/avr6\libgcc.a(_thenan_sf.o)
 .debug_line    0x00004850       0xc6 c:/program files (x86)/atmel/avr tools/avr toolchain/bin/../lib/gcc/avr/4.5.1/avr6\libgcc.a(_clzsi2.o)
 .debug_line    0x00004916      0x19c c:/program files (x86)/atmel/avr tools/avr toolchain/bin/../lib/gcc/avr/4.5.1/avr6\libgcc.a(_pack_sf.o)
 .debug_line    0x00004ab2      0x15d c:/program files (x86)/atmel/avr tools/avr toolchain/bin/../lib/gcc/avr/4.5.1/avr6\libgcc.a(_unpack_sf.o)
 .debug_line    0x00004c0f       0x9d c:/program files (x86)/atmel/avr tools/avr toolchain/bin/../lib/gcc/avr/4.5.1/avr6\libgcc.a(_clz.o)
 .debug_line    0x00004cac      0x151 c:/program files (x86)/atmel/avr tools/avr toolchain/bin/../lib/gcc/avr/4.5.1/../../../../avr/lib/avr6\libc.a(rand.o)

.debug_frame    0x00000000      0x7d0
 *(.debug_frame)
 .debug_frame   0x00000000       0x20 main.o
 .debug_frame   0x00000020       0x60 spi.o
 .debug_frame   0x00000080      0x100 mirf.o
 .debug_frame   0x00000180       0x80 ir_remote_control.o
 .debug_frame   0x00000200       0x60 speed_control.o
 .debug_frame   0x00000260       0x20 ports_io.o
 .debug_frame   0x00000280       0xa0 twimaster.o
 .debug_frame   0x00000320       0x90 usart.o
 .debug_frame   0x000003b0       0x70 utility.o
 .debug_frame   0x00000420       0x30 adc.o
 .debug_frame   0x00000450       0xc0 motors.o
 .debug_frame   0x00000510       0x80 behaviors.o
 .debug_frame   0x00000590       0x90 leds.o
 .debug_frame   0x00000620       0xa0 sensors.o
 .debug_frame   0x000006c0       0x20 c:/program files (x86)/atmel/avr tools/avr toolchain/bin/../lib/gcc/avr/4.5.1/avr6\libgcc.a(_mul_sf.o)
 .debug_frame   0x000006e0       0x20 c:/program files (x86)/atmel/avr tools/avr toolchain/bin/../lib/gcc/avr/4.5.1/avr6\libgcc.a(_si_to_sf.o)
 .debug_frame   0x00000700       0x20 c:/program files (x86)/atmel/avr tools/avr toolchain/bin/../lib/gcc/avr/4.5.1/avr6\libgcc.a(_sf_to_si.o)
 .debug_frame   0x00000720       0x20 c:/program files (x86)/atmel/avr tools/avr toolchain/bin/../lib/gcc/avr/4.5.1/avr6\libgcc.a(_clzsi2.o)
 .debug_frame   0x00000740       0x20 c:/program files (x86)/atmel/avr tools/avr toolchain/bin/../lib/gcc/avr/4.5.1/avr6\libgcc.a(_pack_sf.o)
 .debug_frame   0x00000760       0x20 c:/program files (x86)/atmel/avr tools/avr toolchain/bin/../lib/gcc/avr/4.5.1/avr6\libgcc.a(_unpack_sf.o)
 .debug_frame   0x00000780       0x50 c:/program files (x86)/atmel/avr tools/avr toolchain/bin/../lib/gcc/avr/4.5.1/../../../../avr/lib/avr6\libc.a(rand.o)

.debug_str      0x00000000     0x107c
 *(.debug_str)
 .debug_str     0x00000000       0xf4 main.o
                                0x12d (size before relaxing)
 .debug_str     0x000000f4       0x59 spi.o
                                0x132 (size before relaxing)
 .debug_str     0x0000014d      0x1ea mirf.o
                                0x2fa (size before relaxing)
 .debug_str     0x00000337      0x103 ir_remote_control.o
                                0x27d (size before relaxing)
 .debug_str     0x0000043a      0x1d9 speed_control.o
                                0x2a9 (size before relaxing)
 .debug_str     0x00000613      0x36b variables.o
                                0x69d (size before relaxing)
 .debug_str     0x0000097e       0x1a ports_io.o
                                 0xfa (size before relaxing)
 .debug_str     0x00000998       0x79 twimaster.o
                                0x15e (size before relaxing)
 .debug_str     0x00000a11       0x86 usart.o
                                0x18a (size before relaxing)
 .debug_str     0x00000a97       0x6d utility.o
                                0x1a9 (size before relaxing)
 .debug_str     0x00000b04       0x1d adc.o
                                0x2e8 (size before relaxing)
 .debug_str     0x00000b21       0xb7 motors.o
                                0x353 (size before relaxing)
 .debug_str     0x00000bd8       0xcc behaviors.o
                                0x1f6 (size before relaxing)
 .debug_str     0x00000ca4       0x87 leds.o
                                0x18b (size before relaxing)
 .debug_str     0x00000d2b       0x9c sensors.o
                                0x295 (size before relaxing)
 .debug_str     0x00000dc7      0x186 c:/program files (x86)/atmel/avr tools/avr toolchain/bin/../lib/gcc/avr/4.5.1/avr6\libgcc.a(_mul_sf.o)
                                0x1e7 (size before relaxing)
 .debug_str     0x00000f4d       0x1e c:/program files (x86)/atmel/avr tools/avr toolchain/bin/../lib/gcc/avr/4.5.1/avr6\libgcc.a(_si_to_sf.o)
                                0x1a3 (size before relaxing)
 .debug_str     0x00000f6b        0xa c:/program files (x86)/atmel/avr tools/avr toolchain/bin/../lib/gcc/avr/4.5.1/avr6\libgcc.a(_sf_to_si.o)
                                0x1c6 (size before relaxing)
 .debug_str     0x00000000      0x12b c:/program files (x86)/atmel/avr tools/avr toolchain/bin/../lib/gcc/avr/4.5.1/avr6\libgcc.a(_thenan_sf.o)
 .debug_str     0x00000f75       0x7d c:/program files (x86)/atmel/avr tools/avr toolchain/bin/../lib/gcc/avr/4.5.1/avr6\libgcc.a(_clzsi2.o)
                                0x105 (size before relaxing)
 .debug_str     0x00000ff2       0x10 c:/program files (x86)/atmel/avr tools/avr toolchain/bin/../lib/gcc/avr/4.5.1/avr6\libgcc.a(_pack_sf.o)
                                0x1c5 (size before relaxing)
 .debug_str     0x00001002        0xb c:/program files (x86)/atmel/avr tools/avr toolchain/bin/../lib/gcc/avr/4.5.1/avr6\libgcc.a(_unpack_sf.o)
                                0x1a7 (size before relaxing)
 .debug_str     0x00000000       0xe8 c:/program files (x86)/atmel/avr tools/avr toolchain/bin/../lib/gcc/avr/4.5.1/avr6\libgcc.a(_clz.o)
 .debug_str     0x0000100d       0x6f c:/program files (x86)/atmel/avr tools/avr toolchain/bin/../lib/gcc/avr/4.5.1/../../../../avr/lib/avr6\libc.a(rand.o)
                                 0xa8 (size before relaxing)

.debug_loc      0x00000000     0x15fc
 *(.debug_loc)
 .debug_loc     0x00000000       0xc0 main.o
 .debug_loc     0x000000c0       0x8d spi.o
 .debug_loc     0x0000014d      0x3e7 mirf.o
 .debug_loc     0x00000534       0x4a ir_remote_control.o
 .debug_loc     0x0000057e       0xa0 speed_control.o
 .debug_loc     0x0000061e      0x11a twimaster.o
 .debug_loc     0x00000738       0x52 usart.o
 .debug_loc     0x0000078a       0x4b utility.o
 .debug_loc     0x000007d5       0x78 adc.o
 .debug_loc     0x0000084d       0x3c motors.o
 .debug_loc     0x00000889      0x2cc behaviors.o
 .debug_loc     0x00000b55       0xf1 leds.o
 .debug_loc     0x00000c46      0x438 sensors.o
 .debug_loc     0x0000107e      0x12a c:/program files (x86)/atmel/avr tools/avr toolchain/bin/../lib/gcc/avr/4.5.1/avr6\libgcc.a(_mul_sf.o)
 .debug_loc     0x000011a8       0xac c:/program files (x86)/atmel/avr tools/avr toolchain/bin/../lib/gcc/avr/4.5.1/avr6\libgcc.a(_si_to_sf.o)
 .debug_loc     0x00001254       0x7e c:/program files (x86)/atmel/avr tools/avr toolchain/bin/../lib/gcc/avr/4.5.1/avr6\libgcc.a(_sf_to_si.o)
 .debug_loc     0x000012d2       0x94 c:/program files (x86)/atmel/avr tools/avr toolchain/bin/../lib/gcc/avr/4.5.1/avr6\libgcc.a(_clzsi2.o)
 .debug_loc     0x00001366       0xd6 c:/program files (x86)/atmel/avr tools/avr toolchain/bin/../lib/gcc/avr/4.5.1/avr6\libgcc.a(_pack_sf.o)
 .debug_loc     0x0000143c       0xac c:/program files (x86)/atmel/avr tools/avr toolchain/bin/../lib/gcc/avr/4.5.1/avr6\libgcc.a(_unpack_sf.o)
 .debug_loc     0x000014e8      0x114 c:/program files (x86)/atmel/avr tools/avr toolchain/bin/../lib/gcc/avr/4.5.1/../../../../avr/lib/avr6\libc.a(rand.o)

.debug_macinfo
 *(.debug_macinfo)
OUTPUT(Elisa3-avr-studio.elf elf32-avr)
LOAD linker stubs

.debug_pubtypes
                0x00000000      0x20c
 .debug_pubtypes
                0x00000000       0x1e main.o
 .debug_pubtypes
                0x0000001e       0x1e spi.o
 .debug_pubtypes
                0x0000003c       0x2b mirf.o
 .debug_pubtypes
                0x00000067       0x2b ir_remote_control.o
 .debug_pubtypes
                0x00000092       0x12 speed_control.o
 .debug_pubtypes
                0x000000a4       0x12 variables.o
 .debug_pubtypes
                0x000000b6       0x1e ports_io.o
 .debug_pubtypes
                0x000000d4       0x2b twimaster.o
 .debug_pubtypes
                0x000000ff       0x1e usart.o
 .debug_pubtypes
                0x0000011d       0x2b utility.o
 .debug_pubtypes
                0x00000148       0x2b adc.o
 .debug_pubtypes
                0x00000173       0x2b motors.o
 .debug_pubtypes
                0x0000019e       0x1f behaviors.o
 .debug_pubtypes
                0x000001bd       0x2b leds.o
 .debug_pubtypes
                0x000001e8       0x12 sensors.o
 .debug_pubtypes
                0x000001fa       0x12 c:/program files (x86)/atmel/avr tools/avr toolchain/bin/../lib/gcc/avr/4.5.1/../../../../avr/lib/avr6\libc.a(rand.o)

.debug_ranges   0x00000000      0x130
 .debug_ranges  0x00000000       0x30 mirf.o
 .debug_ranges  0x00000030       0x40 twimaster.o
 .debug_ranges  0x00000070       0x18 utility.o
 .debug_ranges  0x00000088       0x30 sensors.o
 .debug_ranges  0x000000b8       0x50 c:/program files (x86)/atmel/avr tools/avr toolchain/bin/../lib/gcc/avr/4.5.1/avr6\libgcc.a(_mul_sf.o)
 .debug_ranges  0x00000108       0x28 c:/program files (x86)/atmel/avr tools/avr toolchain/bin/../lib/gcc/avr/4.5.1/../../../../avr/lib/avr6\libc.a(rand.o)
