Archive member included because of file (symbol)

c:/programmi/atmel/avr tools/avr toolchain/bin/../lib/gcc/avr/4.5.1/avr6\libgcc.a(_mulsi3.o)
                              speed_control.o (__mulsi3)
c:/programmi/atmel/avr tools/avr toolchain/bin/../lib/gcc/avr/4.5.1/avr6\libgcc.a(_udivmodhi4.o)
                              main.o (__udivmodhi4)
c:/programmi/atmel/avr tools/avr toolchain/bin/../lib/gcc/avr/4.5.1/avr6\libgcc.a(_divmodhi4.o)
                              main.o (__divmodhi4)
c:/programmi/atmel/avr tools/avr toolchain/bin/../lib/gcc/avr/4.5.1/avr6\libgcc.a(_divmodsi4.o)
                              speed_control.o (__divmodsi4)
c:/programmi/atmel/avr tools/avr toolchain/bin/../lib/gcc/avr/4.5.1/avr6\libgcc.a(_exit.o)
                              c:/programmi/atmel/avr tools/avr toolchain/bin/../lib/gcc/avr/4.5.1/../../../../avr/lib/avr6/crtm2560.o (exit)
c:/programmi/atmel/avr tools/avr toolchain/bin/../lib/gcc/avr/4.5.1/avr6\libgcc.a(_copy_data.o)
                              main.o (__do_copy_data)
c:/programmi/atmel/avr tools/avr toolchain/bin/../lib/gcc/avr/4.5.1/avr6\libgcc.a(_clear_bss.o)
                              mirf.o (__do_clear_bss)
c:/programmi/atmel/avr tools/avr toolchain/bin/../lib/gcc/avr/4.5.1/avr6\libgcc.a(_fixunssfsi.o)
                              main.o (__fixunssfsi)
c:/programmi/atmel/avr tools/avr toolchain/bin/../lib/gcc/avr/4.5.1/avr6\libgcc.a(_addsub_sf.o)
                              c:/programmi/atmel/avr tools/avr toolchain/bin/../lib/gcc/avr/4.5.1/avr6\libgcc.a(_fixunssfsi.o) (__subsf3)
c:/programmi/atmel/avr tools/avr toolchain/bin/../lib/gcc/avr/4.5.1/avr6\libgcc.a(_mul_sf.o)
                              main.o (__mulsf3)
c:/programmi/atmel/avr tools/avr toolchain/bin/../lib/gcc/avr/4.5.1/avr6\libgcc.a(_div_sf.o)
                              main.o (__divsf3)
c:/programmi/atmel/avr tools/avr toolchain/bin/../lib/gcc/avr/4.5.1/avr6\libgcc.a(_ge_sf.o)
                              c:/programmi/atmel/avr tools/avr toolchain/bin/../lib/gcc/avr/4.5.1/avr6\libgcc.a(_fixunssfsi.o) (__gesf2)
c:/programmi/atmel/avr tools/avr toolchain/bin/../lib/gcc/avr/4.5.1/avr6\libgcc.a(_si_to_sf.o)
                              main.o (__floatsisf)
c:/programmi/atmel/avr tools/avr toolchain/bin/../lib/gcc/avr/4.5.1/avr6\libgcc.a(_sf_to_si.o)
                              main.o (__fixsfsi)
c:/programmi/atmel/avr tools/avr toolchain/bin/../lib/gcc/avr/4.5.1/avr6\libgcc.a(_thenan_sf.o)
                              c:/programmi/atmel/avr tools/avr toolchain/bin/../lib/gcc/avr/4.5.1/avr6\libgcc.a(_addsub_sf.o) (__thenan_sf)
c:/programmi/atmel/avr tools/avr toolchain/bin/../lib/gcc/avr/4.5.1/avr6\libgcc.a(_usi_to_sf.o)
                              main.o (__floatunsisf)
c:/programmi/atmel/avr tools/avr toolchain/bin/../lib/gcc/avr/4.5.1/avr6\libgcc.a(_udivmodsi4.o)
                              c:/programmi/atmel/avr tools/avr toolchain/bin/../lib/gcc/avr/4.5.1/avr6\libgcc.a(_divmodsi4.o) (__udivmodsi4)
c:/programmi/atmel/avr tools/avr toolchain/bin/../lib/gcc/avr/4.5.1/avr6\libgcc.a(_prologue.o)
                              c:/programmi/atmel/avr tools/avr toolchain/bin/../lib/gcc/avr/4.5.1/avr6\libgcc.a(_addsub_sf.o) (__prologue_saves__)
c:/programmi/atmel/avr tools/avr toolchain/bin/../lib/gcc/avr/4.5.1/avr6\libgcc.a(_epilogue.o)
                              c:/programmi/atmel/avr tools/avr toolchain/bin/../lib/gcc/avr/4.5.1/avr6\libgcc.a(_addsub_sf.o) (__epilogue_restores__)
c:/programmi/atmel/avr tools/avr toolchain/bin/../lib/gcc/avr/4.5.1/avr6\libgcc.a(_clzsi2.o)
                              c:/programmi/atmel/avr tools/avr toolchain/bin/../lib/gcc/avr/4.5.1/avr6\libgcc.a(_si_to_sf.o) (__clzsi2)
c:/programmi/atmel/avr tools/avr toolchain/bin/../lib/gcc/avr/4.5.1/avr6\libgcc.a(_pack_sf.o)
                              c:/programmi/atmel/avr tools/avr toolchain/bin/../lib/gcc/avr/4.5.1/avr6\libgcc.a(_addsub_sf.o) (__pack_f)
c:/programmi/atmel/avr tools/avr toolchain/bin/../lib/gcc/avr/4.5.1/avr6\libgcc.a(_unpack_sf.o)
                              c:/programmi/atmel/avr tools/avr toolchain/bin/../lib/gcc/avr/4.5.1/avr6\libgcc.a(_addsub_sf.o) (__unpack_f)
c:/programmi/atmel/avr tools/avr toolchain/bin/../lib/gcc/avr/4.5.1/avr6\libgcc.a(_fpcmp_parts_sf.o)
                              c:/programmi/atmel/avr tools/avr toolchain/bin/../lib/gcc/avr/4.5.1/avr6\libgcc.a(_ge_sf.o) (__fpcmp_parts_f)
c:/programmi/atmel/avr tools/avr toolchain/bin/../lib/gcc/avr/4.5.1/avr6\libgcc.a(_clz.o)
                              c:/programmi/atmel/avr tools/avr toolchain/bin/../lib/gcc/avr/4.5.1/avr6\libgcc.a(_clzsi2.o) (__clz_tab)
c:/programmi/atmel/avr tools/avr toolchain/bin/../lib/gcc/avr/4.5.1/../../../../avr/lib/avr6\libc.a(atan2.o)
                              main.o (atan2)
c:/programmi/atmel/avr tools/avr toolchain/bin/../lib/gcc/avr/4.5.1/../../../../avr/lib/avr6\libc.a(atan.o)
                              c:/programmi/atmel/avr tools/avr toolchain/bin/../lib/gcc/avr/4.5.1/../../../../avr/lib/avr6\libc.a(atan2.o) (atan)
c:/programmi/atmel/avr tools/avr toolchain/bin/../lib/gcc/avr/4.5.1/../../../../avr/lib/avr6\libc.a(divsf3x.o)
                              c:/programmi/atmel/avr tools/avr toolchain/bin/../lib/gcc/avr/4.5.1/../../../../avr/lib/avr6\libc.a(atan2.o) (__divsf3_pse)
c:/programmi/atmel/avr tools/avr toolchain/bin/../lib/gcc/avr/4.5.1/../../../../avr/lib/avr6\libc.a(fp_inf.o)
                              c:/programmi/atmel/avr tools/avr toolchain/bin/../lib/gcc/avr/4.5.1/../../../../avr/lib/avr6\libc.a(divsf3x.o) (__fp_inf)
c:/programmi/atmel/avr tools/avr toolchain/bin/../lib/gcc/avr/4.5.1/../../../../avr/lib/avr6\libc.a(fp_nan.o)
                              c:/programmi/atmel/avr tools/avr toolchain/bin/../lib/gcc/avr/4.5.1/../../../../avr/lib/avr6\libc.a(atan2.o) (__fp_nan)
c:/programmi/atmel/avr tools/avr toolchain/bin/../lib/gcc/avr/4.5.1/../../../../avr/lib/avr6\libc.a(fp_powser.o)
                              c:/programmi/atmel/avr tools/avr toolchain/bin/../lib/gcc/avr/4.5.1/../../../../avr/lib/avr6\libc.a(atan.o) (__fp_powser)
c:/programmi/atmel/avr tools/avr toolchain/bin/../lib/gcc/avr/4.5.1/../../../../avr/lib/avr6\libc.a(fp_pscA.o)
                              c:/programmi/atmel/avr tools/avr toolchain/bin/../lib/gcc/avr/4.5.1/../../../../avr/lib/avr6\libc.a(atan2.o) (__fp_pscA)
c:/programmi/atmel/avr tools/avr toolchain/bin/../lib/gcc/avr/4.5.1/../../../../avr/lib/avr6\libc.a(fp_pscB.o)
                              c:/programmi/atmel/avr tools/avr toolchain/bin/../lib/gcc/avr/4.5.1/../../../../avr/lib/avr6\libc.a(atan2.o) (__fp_pscB)
c:/programmi/atmel/avr tools/avr toolchain/bin/../lib/gcc/avr/4.5.1/../../../../avr/lib/avr6\libc.a(fp_round.o)
                              c:/programmi/atmel/avr tools/avr toolchain/bin/../lib/gcc/avr/4.5.1/../../../../avr/lib/avr6\libc.a(atan2.o) (__fp_round)
c:/programmi/atmel/avr tools/avr toolchain/bin/../lib/gcc/avr/4.5.1/../../../../avr/lib/avr6\libc.a(fp_split3.o)
                              c:/programmi/atmel/avr tools/avr toolchain/bin/../lib/gcc/avr/4.5.1/../../../../avr/lib/avr6\libc.a(atan2.o) (__fp_split3)
c:/programmi/atmel/avr tools/avr toolchain/bin/../lib/gcc/avr/4.5.1/../../../../avr/lib/avr6\libc.a(fp_zero.o)
                              c:/programmi/atmel/avr tools/avr toolchain/bin/../lib/gcc/avr/4.5.1/../../../../avr/lib/avr6\libc.a(atan2.o) (__fp_zero)
c:/programmi/atmel/avr tools/avr toolchain/bin/../lib/gcc/avr/4.5.1/../../../../avr/lib/avr6\libc.a(inverse.o)
                              c:/programmi/atmel/avr tools/avr toolchain/bin/../lib/gcc/avr/4.5.1/../../../../avr/lib/avr6\libc.a(atan.o) (inverse)
c:/programmi/atmel/avr tools/avr toolchain/bin/../lib/gcc/avr/4.5.1/../../../../avr/lib/avr6\libc.a(mulsf3x.o)
                              c:/programmi/atmel/avr tools/avr toolchain/bin/../lib/gcc/avr/4.5.1/../../../../avr/lib/avr6\libc.a(atan.o) (__mulsf3x)
c:/programmi/atmel/avr tools/avr toolchain/bin/../lib/gcc/avr/4.5.1/../../../../avr/lib/avr6\libc.a(square.o)
                              c:/programmi/atmel/avr tools/avr toolchain/bin/../lib/gcc/avr/4.5.1/../../../../avr/lib/avr6\libc.a(atan.o) (square)
c:/programmi/atmel/avr tools/avr toolchain/bin/../lib/gcc/avr/4.5.1/../../../../avr/lib/avr6\libc.a(addsf3x.o)
                              c:/programmi/atmel/avr tools/avr toolchain/bin/../lib/gcc/avr/4.5.1/../../../../avr/lib/avr6\libc.a(atan.o) (__addsf3x)

Allocating common symbols
Common symbol       size              file

PTX                 0x1               mirf.o
ackPayload          0x10              variables.o
dataLED             0x6               variables.o
rfData              0x6               variables.o
delta_left_speeds   0x8               variables.o
delta_right_speeds  0x8               variables.o

Memory Configuration

Name             Origin             Length             Attributes
text             0x00000000         0x00100000         xr
data             0x00800200         0x0000fe00         rw !x
eeprom           0x00810000         0x00010000         rw !x
fuse             0x00820000         0x00000400         rw !x
lock             0x00830000         0x00000400         rw !x
signature        0x00840000         0x00000400         rw !x
*default*        0x00000000         0xffffffff

Linker script and memory map

Address of section .data set to 0x800200
LOAD c:/programmi/atmel/avr tools/avr toolchain/bin/../lib/gcc/avr/4.5.1/../../../../avr/lib/avr6/crtm2560.o
LOAD main.o
LOAD spi.o
LOAD mirf.o
LOAD e_remote_control.o
LOAD speed_control.o
LOAD variables.o
LOAD ports_io.o
LOAD twimaster.o
LOAD usart.o
LOAD c:/programmi/atmel/avr tools/avr toolchain/bin/../lib/gcc/avr/4.5.1/avr6\libgcc.a
LOAD c:/programmi/atmel/avr tools/avr toolchain/bin/../lib/gcc/avr/4.5.1/../../../../avr/lib/avr6\libc.a
LOAD c:/programmi/atmel/avr tools/avr toolchain/bin/../lib/gcc/avr/4.5.1/avr6\libgcc.a

.hash
 *(.hash)

.dynsym
 *(.dynsym)

.dynstr
 *(.dynstr)

.gnu.version
 *(.gnu.version)

.gnu.version_d
 *(.gnu.version_d)

.gnu.version_r
 *(.gnu.version_r)

.rel.init
 *(.rel.init)

.rela.init
 *(.rela.init)

.rel.text
 *(.rel.text)
 *(.rel.text.*)
 *(.rel.gnu.linkonce.t*)

.rela.text
 *(.rela.text)
 *(.rela.text.*)
 *(.rela.gnu.linkonce.t*)

.rel.fini
 *(.rel.fini)

.rela.fini
 *(.rela.fini)

.rel.rodata
 *(.rel.rodata)
 *(.rel.rodata.*)
 *(.rel.gnu.linkonce.r*)

.rela.rodata
 *(.rela.rodata)
 *(.rela.rodata.*)
 *(.rela.gnu.linkonce.r*)

.rel.data
 *(.rel.data)
 *(.rel.data.*)
 *(.rel.gnu.linkonce.d*)

.rela.data
 *(.rela.data)
 *(.rela.data.*)
 *(.rela.gnu.linkonce.d*)

.rel.ctors
 *(.rel.ctors)

.rela.ctors
 *(.rela.ctors)

.rel.dtors
 *(.rel.dtors)

.rela.dtors
 *(.rela.dtors)

.rel.got
 *(.rel.got)

.rela.got
 *(.rela.got)

.rel.bss
 *(.rel.bss)

.rela.bss
 *(.rela.bss)

.rel.plt
 *(.rel.plt)

.rela.plt
 *(.rela.plt)

.text           0x00000000     0x549a
 *(.vectors)
 .vectors       0x00000000       0xe4 c:/programmi/atmel/avr tools/avr toolchain/bin/../lib/gcc/avr/4.5.1/../../../../avr/lib/avr6/crtm2560.o
                0x00000000                __vector_default
                0x00000000                __vectors
 *(.vectors)
 *(.progmem.gcc*)
 .progmem.gcc_sw_table
                0x000000e4       0x6a main.o
 .progmem.gcc_fplib
                0x0000014e       0x2d c:/programmi/atmel/avr tools/avr toolchain/bin/../lib/gcc/avr/4.5.1/../../../../avr/lib/avr6\libc.a(atan.o)
 *(.progmem*)
                0x0000017c                . = ALIGN (0x2)
 *fill*         0x0000017b        0x1 00
                0x0000017c                __trampolines_start = .
 *(.trampolines)
 .trampolines   0x0000017c        0x0 linker stubs
 *(.trampolines*)
                0x0000017c                __trampolines_end = .
 *(.jumptables)
 *(.jumptables*)
 *(.lowtext)
 *(.lowtext*)
                0x0000017c                __ctors_start = .
 *(.ctors)
                0x0000017c                __ctors_end = .
                0x0000017c                __dtors_start = .
 *(.dtors)
                0x0000017c                __dtors_end = .
 SORT(*)(.ctors)
 SORT(*)(.dtors)
 *(.init0)
 .init0         0x0000017c        0x0 c:/programmi/atmel/avr tools/avr toolchain/bin/../lib/gcc/avr/4.5.1/../../../../avr/lib/avr6/crtm2560.o
                0x0000017c                __init
 *(.init0)
 *(.init1)
 *(.init1)
 *(.init2)
 .init2         0x0000017c       0x10 c:/programmi/atmel/avr tools/avr toolchain/bin/../lib/gcc/avr/4.5.1/../../../../avr/lib/avr6/crtm2560.o
 *(.init2)
 *(.init3)
 *(.init3)
 *(.init4)
 .init4         0x0000018c       0x16 c:/programmi/atmel/avr tools/avr toolchain/bin/../lib/gcc/avr/4.5.1/avr6\libgcc.a(_copy_data.o)
                0x0000018c                __do_copy_data
 .init4         0x000001a2       0x10 c:/programmi/atmel/avr tools/avr toolchain/bin/../lib/gcc/avr/4.5.1/avr6\libgcc.a(_clear_bss.o)
                0x000001a2                __do_clear_bss
 *(.init4)
 *(.init5)
 *(.init5)
 *(.init6)
 *(.init6)
 *(.init7)
 *(.init7)
 *(.init8)
 *(.init8)
 *(.init9)
 .init9         0x000001b2        0x8 c:/programmi/atmel/avr tools/avr toolchain/bin/../lib/gcc/avr/4.5.1/../../../../avr/lib/avr6/crtm2560.o
 *(.init9)
 *(.text)
 .text          0x000001ba        0x4 c:/programmi/atmel/avr tools/avr toolchain/bin/../lib/gcc/avr/4.5.1/../../../../avr/lib/avr6/crtm2560.o
                0x000001ba                __vector_38
                0x000001ba                __vector_22
                0x000001ba                __vector_28
                0x000001ba                __vector_1
                0x000001ba                __vector_34
                0x000001ba                __vector_24
                0x000001ba                __vector_12
                0x000001ba                __vector_55
                0x000001ba                __vector_46
                0x000001ba                __bad_interrupt
                0x000001ba                __vector_6
                0x000001ba                __vector_31
                0x000001ba                __vector_39
                0x000001ba                __vector_3
                0x000001ba                __vector_23
                0x000001ba                __vector_30
                0x000001ba                __vector_11
                0x000001ba                __vector_54
                0x000001ba                __vector_17
                0x000001ba                __vector_19
                0x000001ba                __vector_56
                0x000001ba                __vector_7
                0x000001ba                __vector_49
                0x000001ba                __vector_41
                0x000001ba                __vector_27
                0x000001ba                __vector_5
                0x000001ba                __vector_47
                0x000001ba                __vector_52
                0x000001ba                __vector_37
                0x000001ba                __vector_4
                0x000001ba                __vector_44
                0x000001ba                __vector_51
                0x000001ba                __vector_9
                0x000001ba                __vector_2
                0x000001ba                __vector_21
                0x000001ba                __vector_15
                0x000001ba                __vector_36
                0x000001ba                __vector_40
                0x000001ba                __vector_8
                0x000001ba                __vector_26
                0x000001ba                __vector_48
                0x000001ba                __vector_14
                0x000001ba                __vector_53
                0x000001ba                __vector_50
                0x000001ba                __vector_16
                0x000001ba                __vector_18
                0x000001ba                __vector_20
 .text          0x000001be     0x2d62 main.o
                0x000001be                myAbs
                0x000001ca                initAdc
                0x00000202                __vector_29
                0x0000052a                initPwm
                0x000005f8                __vector_45
                0x000006a2                __vector_42
                0x000006c6                __vector_43
                0x000006ea                __vector_35
                0x00000790                __vector_32
                0x000007b4                __vector_33
                0x000007d8                readAccelXYZ
                0x00000910                readAccelXY
                0x00000a1a                initMMA7455L
                0x00000a42                initADXL345
                0x00000aa2                initI2C
                0x00000b3a                calibrateAccelerometer
                0x00000bee                computeAngle
                0x00000c66                initPeripherals
                0x00000d5e                toggleBlueLed
                0x00000d94                updateRedLed
                0x00000dbc                updateGreenLed
                0x00000de4                updateBlueLed
                0x00000e0c                sendValues
                0x00000e14                getSelector
                0x00000e5e                obstacleAvoidance
                0x000010c2                cliffAvoidance
                0x000011c6                main
 .text          0x00002f20       0x64 spi.o
                0x00002f20                initSPI
                0x00002f38                SPI_ReadWrite_Block
                0x00002f5c                SPI_Write_Block
                0x00002f78                SPI_Write_Byte
 .text          0x00002f84      0x322 mirf.o
                0x00002f84                mirf_config
                0x00003086                mirf_init
                0x00003090                mirf_set_RADDR
                0x000030b2                mirf_set_TADDR
                0x000030d0                mirf_data_ready
                0x000030ea                rx_fifo_is_empty
                0x0000311a                flush_rx_fifo
                0x00003126                mirf_get_data
                0x00003156                mirf_config_register
                0x0000317e                mirf_read_register
                0x000031b0                mirf_write_register
                0x000031e4                mirf_send
                0x00003240                writeAckPayload
                0x0000329a                flushTxFifo
 .text          0x000032a6      0x2e4 e_remote_control.o
                0x000032a6                e_init_remote_control
                0x000032c6                __vector_10
                0x0000332e                e_get_check
                0x00003334                e_get_address
                0x0000333a                e_get_data
                0x00003340                __vector_13
 .text          0x0000358a      0x5e2 speed_control.o
                0x0000358a                init_speed_control
                0x0000358c                start_vertical_speed_control
                0x0000358e                start_orizzontal_speed_control
 .text          0x00003b6c        0x0 variables.o
 .text          0x00003b6c       0x44 ports_io.o
                0x00003b6c                initPortsIO
 .text          0x00003bb0      0x152 twimaster.o
                0x00003bb0                i2c_init
                0x00003bc0                i2c_start
                0x00003c0c                i2c_start_wait
                0x00003c5a                i2c_rep_start
                0x00003ca6                i2c_stop
                0x00003cb6                i2c_write
                0x00003cda                i2c_readAck
                0x00003cee                i2c_readNak
 .text          0x00003d02      0x47a usart.o
                0x00003d02                initUsart
                0x00003d2c                usartTransmit
                0x00003d3a                __vector_25
 .text          0x0000417c        0x0 c:/programmi/atmel/avr tools/avr toolchain/bin/../lib/gcc/avr/4.5.1/avr6\libgcc.a(_mulsi3.o)
 .text          0x0000417c        0x0 c:/programmi/atmel/avr tools/avr toolchain/bin/../lib/gcc/avr/4.5.1/avr6\libgcc.a(_udivmodhi4.o)
 .text          0x0000417c        0x0 c:/programmi/atmel/avr tools/avr toolchain/bin/../lib/gcc/avr/4.5.1/avr6\libgcc.a(_divmodhi4.o)
 .text          0x0000417c        0x0 c:/programmi/atmel/avr tools/avr toolchain/bin/../lib/gcc/avr/4.5.1/avr6\libgcc.a(_divmodsi4.o)
 .text          0x0000417c        0x0 c:/programmi/atmel/avr tools/avr toolchain/bin/../lib/gcc/avr/4.5.1/avr6\libgcc.a(_exit.o)
 .text          0x0000417c        0x0 c:/programmi/atmel/avr tools/avr toolchain/bin/../lib/gcc/avr/4.5.1/avr6\libgcc.a(_copy_data.o)
 .text          0x0000417c        0x0 c:/programmi/atmel/avr tools/avr toolchain/bin/../lib/gcc/avr/4.5.1/avr6\libgcc.a(_clear_bss.o)
 .text          0x0000417c       0x4c c:/programmi/atmel/avr tools/avr toolchain/bin/../lib/gcc/avr/4.5.1/avr6\libgcc.a(_fixunssfsi.o)
                0x0000417c                __fixunssfsi
 .text          0x000041c8      0x348 c:/programmi/atmel/avr tools/avr toolchain/bin/../lib/gcc/avr/4.5.1/avr6\libgcc.a(_addsub_sf.o)
                0x00004454                __subsf3
                0x000044b6                __addsf3
 .text          0x00004510      0x1fe c:/programmi/atmel/avr tools/avr toolchain/bin/../lib/gcc/avr/4.5.1/avr6\libgcc.a(_mul_sf.o)
                0x00004510                __mulsf3
 .text          0x0000470e      0x16a c:/programmi/atmel/avr tools/avr toolchain/bin/../lib/gcc/avr/4.5.1/avr6\libgcc.a(_div_sf.o)
                0x0000470e                __divsf3
 .text          0x00004878       0x6c c:/programmi/atmel/avr tools/avr toolchain/bin/../lib/gcc/avr/4.5.1/avr6\libgcc.a(_ge_sf.o)
                0x00004878                __gesf2
 .text          0x000048e4       0xbc c:/programmi/atmel/avr tools/avr toolchain/bin/../lib/gcc/avr/4.5.1/avr6\libgcc.a(_si_to_sf.o)
                0x000048e4                __floatsisf
 .text          0x000049a0       0xa6 c:/programmi/atmel/avr tools/avr toolchain/bin/../lib/gcc/avr/4.5.1/avr6\libgcc.a(_sf_to_si.o)
                0x000049a0                __fixsfsi
 .text          0x00004a46        0x0 c:/programmi/atmel/avr tools/avr toolchain/bin/../lib/gcc/avr/4.5.1/avr6\libgcc.a(_thenan_sf.o)
 .text          0x00004a46       0xe6 c:/programmi/atmel/avr tools/avr toolchain/bin/../lib/gcc/avr/4.5.1/avr6\libgcc.a(_usi_to_sf.o)
                0x00004a46                __floatunsisf
 .text          0x00004b2c        0x0 c:/programmi/atmel/avr tools/avr toolchain/bin/../lib/gcc/avr/4.5.1/avr6\libgcc.a(_udivmodsi4.o)
 .text          0x00004b2c        0x0 c:/programmi/atmel/avr tools/avr toolchain/bin/../lib/gcc/avr/4.5.1/avr6\libgcc.a(_prologue.o)
 .text          0x00004b2c        0x0 c:/programmi/atmel/avr tools/avr toolchain/bin/../lib/gcc/avr/4.5.1/avr6\libgcc.a(_epilogue.o)
 .text          0x00004b2c       0x9a c:/programmi/atmel/avr tools/avr toolchain/bin/../lib/gcc/avr/4.5.1/avr6\libgcc.a(_clzsi2.o)
                0x00004b2c                __clzsi2
 .text          0x00004bc6      0x1c0 c:/programmi/atmel/avr tools/avr toolchain/bin/../lib/gcc/avr/4.5.1/avr6\libgcc.a(_pack_sf.o)
                0x00004bc6                __pack_f
 .text          0x00004d86       0xe0 c:/programmi/atmel/avr tools/avr toolchain/bin/../lib/gcc/avr/4.5.1/avr6\libgcc.a(_unpack_sf.o)
                0x00004d86                __unpack_f
 .text          0x00004e66       0xac c:/programmi/atmel/avr tools/avr toolchain/bin/../lib/gcc/avr/4.5.1/avr6\libgcc.a(_fpcmp_parts_sf.o)
                0x00004e66                __fpcmp_parts_f
 .text          0x00004f12        0x0 c:/programmi/atmel/avr tools/avr toolchain/bin/../lib/gcc/avr/4.5.1/avr6\libgcc.a(_clz.o)
 .text          0x00004f12        0x0 c:/programmi/atmel/avr tools/avr toolchain/bin/../lib/gcc/avr/4.5.1/../../../../avr/lib/avr6\libc.a(atan2.o)
 .text          0x00004f12        0x0 c:/programmi/atmel/avr tools/avr toolchain/bin/../lib/gcc/avr/4.5.1/../../../../avr/lib/avr6\libc.a(atan.o)
 .text          0x00004f12        0x0 c:/programmi/atmel/avr tools/avr toolchain/bin/../lib/gcc/avr/4.5.1/../../../../avr/lib/avr6\libc.a(divsf3x.o)
 .text          0x00004f12        0x0 c:/programmi/atmel/avr tools/avr toolchain/bin/../lib/gcc/avr/4.5.1/../../../../avr/lib/avr6\libc.a(fp_inf.o)
 .text          0x00004f12        0x0 c:/programmi/atmel/avr tools/avr toolchain/bin/../lib/gcc/avr/4.5.1/../../../../avr/lib/avr6\libc.a(fp_nan.o)
 .text          0x00004f12        0x0 c:/programmi/atmel/avr tools/avr toolchain/bin/../lib/gcc/avr/4.5.1/../../../../avr/lib/avr6\libc.a(fp_powser.o)
 .text          0x00004f12        0x0 c:/programmi/atmel/avr tools/avr toolchain/bin/../lib/gcc/avr/4.5.1/../../../../avr/lib/avr6\libc.a(fp_pscA.o)
 .text          0x00004f12        0x0 c:/programmi/atmel/avr tools/avr toolchain/bin/../lib/gcc/avr/4.5.1/../../../../avr/lib/avr6\libc.a(fp_pscB.o)
 .text          0x00004f12        0x0 c:/programmi/atmel/avr tools/avr toolchain/bin/../lib/gcc/avr/4.5.1/../../../../avr/lib/avr6\libc.a(fp_round.o)
 .text          0x00004f12        0x0 c:/programmi/atmel/avr tools/avr toolchain/bin/../lib/gcc/avr/4.5.1/../../../../avr/lib/avr6\libc.a(fp_split3.o)
 .text          0x00004f12        0x0 c:/programmi/atmel/avr tools/avr toolchain/bin/../lib/gcc/avr/4.5.1/../../../../avr/lib/avr6\libc.a(fp_zero.o)
 .text          0x00004f12        0x0 c:/programmi/atmel/avr tools/avr toolchain/bin/../lib/gcc/avr/4.5.1/../../../../avr/lib/avr6\libc.a(inverse.o)
 .text          0x00004f12        0x0 c:/programmi/atmel/avr tools/avr toolchain/bin/../lib/gcc/avr/4.5.1/../../../../avr/lib/avr6\libc.a(mulsf3x.o)
 .text          0x00004f12        0x0 c:/programmi/atmel/avr tools/avr toolchain/bin/../lib/gcc/avr/4.5.1/../../../../avr/lib/avr6\libc.a(square.o)
 .text          0x00004f12        0x0 c:/programmi/atmel/avr tools/avr toolchain/bin/../lib/gcc/avr/4.5.1/../../../../avr/lib/avr6\libc.a(addsf3x.o)
                0x00004f12                . = ALIGN (0x2)
 *(.text.*)
 .text.libgcc   0x00004f12       0x3e c:/programmi/atmel/avr tools/avr toolchain/bin/../lib/gcc/avr/4.5.1/avr6\libgcc.a(_mulsi3.o)
                0x00004f12                __mulsi3
 .text.libgcc   0x00004f50       0x28 c:/programmi/atmel/avr tools/avr toolchain/bin/../lib/gcc/avr/4.5.1/avr6\libgcc.a(_udivmodhi4.o)
                0x00004f50                __udivmodhi4
 .text.libgcc   0x00004f78       0x26 c:/programmi/atmel/avr tools/avr toolchain/bin/../lib/gcc/avr/4.5.1/avr6\libgcc.a(_divmodhi4.o)
                0x00004f78                _div
                0x00004f78                __divmodhi4
 .text.libgcc   0x00004f9e       0x36 c:/programmi/atmel/avr tools/avr toolchain/bin/../lib/gcc/avr/4.5.1/avr6\libgcc.a(_divmodsi4.o)
                0x00004f9e                __divmodsi4
 .text.libgcc   0x00004fd4        0x0 c:/programmi/atmel/avr tools/avr toolchain/bin/../lib/gcc/avr/4.5.1/avr6\libgcc.a(_exit.o)
 .text.libgcc   0x00004fd4        0x0 c:/programmi/atmel/avr tools/avr toolchain/bin/../lib/gcc/avr/4.5.1/avr6\libgcc.a(_copy_data.o)
 .text.libgcc   0x00004fd4        0x0 c:/programmi/atmel/avr tools/avr toolchain/bin/../lib/gcc/avr/4.5.1/avr6\libgcc.a(_clear_bss.o)
 .text.libgcc   0x00004fd4       0x44 c:/programmi/atmel/avr tools/avr toolchain/bin/../lib/gcc/avr/4.5.1/avr6\libgcc.a(_udivmodsi4.o)
                0x00004fd4                __udivmodsi4
 .text.libgcc   0x00005018       0x38 c:/programmi/atmel/avr tools/avr toolchain/bin/../lib/gcc/avr/4.5.1/avr6\libgcc.a(_prologue.o)
                0x00005018                __prologue_saves__
 .text.libgcc   0x00005050       0x36 c:/programmi/atmel/avr tools/avr toolchain/bin/../lib/gcc/avr/4.5.1/avr6\libgcc.a(_epilogue.o)
                0x00005050                __epilogue_restores__
 .text.avr-libc.fplib
                0x00005086       0x74 c:/programmi/atmel/avr tools/avr toolchain/bin/../lib/gcc/avr/4.5.1/../../../../avr/lib/avr6\libc.a(atan2.o)
                0x000050a4                atan2
 .text.avr-libc.fplib
                0x000050fa       0x50 c:/programmi/atmel/avr tools/avr toolchain/bin/../lib/gcc/avr/4.5.1/../../../../avr/lib/avr6\libc.a(atan.o)
                0x000050fa                atan
 .text.avr-libc.fplib
                0x0000514a       0xcc c:/programmi/atmel/avr tools/avr toolchain/bin/../lib/gcc/avr/4.5.1/../../../../avr/lib/avr6\libc.a(divsf3x.o)
                0x00005160                __divsf3x
                0x00005164                __divsf3_pse
 .text.avr-libc.fplib
                0x00005216        0xc c:/programmi/atmel/avr tools/avr toolchain/bin/../lib/gcc/avr/4.5.1/../../../../avr/lib/avr6\libc.a(fp_inf.o)
                0x00005216                __fp_inf
 .text.avr-libc.fplib
                0x00005222        0x6 c:/programmi/atmel/avr tools/avr toolchain/bin/../lib/gcc/avr/4.5.1/../../../../avr/lib/avr6\libc.a(fp_nan.o)
                0x00005222                __fp_nan
 .text.avr-libc.fplib
                0x00005228       0x4a c:/programmi/atmel/avr tools/avr toolchain/bin/../lib/gcc/avr/4.5.1/../../../../avr/lib/avr6\libc.a(fp_powser.o)
                0x00005228                __fp_powser
 .text.avr-libc.fplib
                0x00005272        0xe c:/programmi/atmel/avr tools/avr toolchain/bin/../lib/gcc/avr/4.5.1/../../../../avr/lib/avr6\libc.a(fp_pscA.o)
                0x00005272                __fp_pscA
 .text.avr-libc.fplib
                0x00005280        0xe c:/programmi/atmel/avr tools/avr toolchain/bin/../lib/gcc/avr/4.5.1/../../../../avr/lib/avr6\libc.a(fp_pscB.o)
                0x00005280                __fp_pscB
 .text.avr-libc.fplib
                0x0000528e       0x22 c:/programmi/atmel/avr tools/avr toolchain/bin/../lib/gcc/avr/4.5.1/../../../../avr/lib/avr6\libc.a(fp_round.o)
                0x0000528e                __fp_round
 .text.avr-libc.fplib
                0x000052b0       0x44 c:/programmi/atmel/avr tools/avr toolchain/bin/../lib/gcc/avr/4.5.1/../../../../avr/lib/avr6\libc.a(fp_split3.o)
                0x000052b0                __fp_split3
                0x000052c0                __fp_splitA
 .text.avr-libc.fplib
                0x000052f4        0xe c:/programmi/atmel/avr tools/avr toolchain/bin/../lib/gcc/avr/4.5.1/../../../../avr/lib/avr6\libc.a(fp_zero.o)
                0x000052f4                __fp_zero
                0x000052f6                __fp_szero
 .text.avr-libc.fplib
                0x00005302        0xe c:/programmi/atmel/avr tools/avr toolchain/bin/../lib/gcc/avr/4.5.1/../../../../avr/lib/avr6\libc.a(inverse.o)
                0x00005302                inverse
 .text.avr-libc.fplib
                0x00005310       0xc2 c:/programmi/atmel/avr tools/avr toolchain/bin/../lib/gcc/avr/4.5.1/../../../../avr/lib/avr6\libc.a(mulsf3x.o)
                0x00005324                __mulsf3x
                0x00005328                __mulsf3_pse
 .text.avr-libc.fplib
                0x000053d2        0x6 c:/programmi/atmel/avr tools/avr toolchain/bin/../lib/gcc/avr/4.5.1/../../../../avr/lib/avr6\libc.a(square.o)
                0x000053d2                square
 .text.avr-libc.fplib
                0x000053d8       0xc0 c:/programmi/atmel/avr tools/avr toolchain/bin/../lib/gcc/avr/4.5.1/../../../../avr/lib/avr6\libc.a(addsf3x.o)
                0x000053f2                __addsf3x
                0x00005498                . = ALIGN (0x2)
 *(.fini9)
 .fini9         0x00005498        0x0 c:/programmi/atmel/avr tools/avr toolchain/bin/../lib/gcc/avr/4.5.1/avr6\libgcc.a(_exit.o)
                0x00005498                _exit
                0x00005498                exit
 *(.fini9)
 *(.fini8)
 *(.fini8)
 *(.fini7)
 *(.fini7)
 *(.fini6)
 *(.fini6)
 *(.fini5)
 *(.fini5)
 *(.fini4)
 *(.fini4)
 *(.fini3)
 *(.fini3)
 *(.fini2)
 *(.fini2)
 *(.fini1)
 *(.fini1)
 *(.fini0)
 .fini0         0x00005498        0x2 c:/programmi/atmel/avr tools/avr toolchain/bin/../lib/gcc/avr/4.5.1/avr6\libgcc.a(_exit.o)
 *(.fini0)
                0x0000549a                _etext = .

.data           0x00800200      0x11e load address 0x0000549a
                0x00800200                PROVIDE (__data_start, .)
 *(.data)
 .data          0x00800200        0x0 c:/programmi/atmel/avr tools/avr toolchain/bin/../lib/gcc/avr/4.5.1/../../../../avr/lib/avr6/crtm2560.o
 .data          0x00800200        0x0 main.o
 .data          0x00800200        0x0 spi.o
 .data          0x00800200        0x0 mirf.o
 .data          0x00800200        0x3 e_remote_control.o
                0x00800200                check
 .data          0x00800203        0x0 speed_control.o
 .data          0x00800203       0x13 variables.o
                0x00800203                max_pwm_right
                0x00800207                max_pwm_left
                0x0080020b                packetId
                0x0080020c                pwm_red
                0x0080020d                pwm_green
                0x0080020e                pwm_blue
                0x0080020f                peripheralChoice
                0x00800210                choosePeripheral
                0x00800211                irEnabled
                0x00800212                checkGlitch
                0x00800213                accelAddress
                0x00800214                minGround
 .data          0x00800216        0x0 ports_io.o
 .data          0x00800216        0x0 twimaster.o
 .data          0x00800216        0x0 usart.o
 .data          0x00800216        0x0 c:/programmi/atmel/avr tools/avr toolchain/bin/../lib/gcc/avr/4.5.1/avr6\libgcc.a(_mulsi3.o)
 .data          0x00800216        0x0 c:/programmi/atmel/avr tools/avr toolchain/bin/../lib/gcc/avr/4.5.1/avr6\libgcc.a(_udivmodhi4.o)
 .data          0x00800216        0x0 c:/programmi/atmel/avr tools/avr toolchain/bin/../lib/gcc/avr/4.5.1/avr6\libgcc.a(_divmodhi4.o)
 .data          0x00800216        0x0 c:/programmi/atmel/avr tools/avr toolchain/bin/../lib/gcc/avr/4.5.1/avr6\libgcc.a(_divmodsi4.o)
 .data          0x00800216        0x0 c:/programmi/atmel/avr tools/avr toolchain/bin/../lib/gcc/avr/4.5.1/avr6\libgcc.a(_exit.o)
 .data          0x00800216        0x0 c:/programmi/atmel/avr tools/avr toolchain/bin/../lib/gcc/avr/4.5.1/avr6\libgcc.a(_copy_data.o)
 .data          0x00800216        0x0 c:/programmi/atmel/avr tools/avr toolchain/bin/../lib/gcc/avr/4.5.1/avr6\libgcc.a(_clear_bss.o)
 .data          0x00800216        0x0 c:/programmi/atmel/avr tools/avr toolchain/bin/../lib/gcc/avr/4.5.1/avr6\libgcc.a(_fixunssfsi.o)
 .data          0x00800216        0x0 c:/programmi/atmel/avr tools/avr toolchain/bin/../lib/gcc/avr/4.5.1/avr6\libgcc.a(_addsub_sf.o)
 .data          0x00800216        0x0 c:/programmi/atmel/avr tools/avr toolchain/bin/../lib/gcc/avr/4.5.1/avr6\libgcc.a(_mul_sf.o)
 .data          0x00800216        0x0 c:/programmi/atmel/avr tools/avr toolchain/bin/../lib/gcc/avr/4.5.1/avr6\libgcc.a(_div_sf.o)
 .data          0x00800216        0x0 c:/programmi/atmel/avr tools/avr toolchain/bin/../lib/gcc/avr/4.5.1/avr6\libgcc.a(_ge_sf.o)
 .data          0x00800216        0x0 c:/programmi/atmel/avr tools/avr toolchain/bin/../lib/gcc/avr/4.5.1/avr6\libgcc.a(_si_to_sf.o)
 .data          0x00800216        0x0 c:/programmi/atmel/avr tools/avr toolchain/bin/../lib/gcc/avr/4.5.1/avr6\libgcc.a(_sf_to_si.o)
 .data          0x00800216        0x8 c:/programmi/atmel/avr tools/avr toolchain/bin/../lib/gcc/avr/4.5.1/avr6\libgcc.a(_thenan_sf.o)
                0x00800216                __thenan_sf
 .data          0x0080021e        0x0 c:/programmi/atmel/avr tools/avr toolchain/bin/../lib/gcc/avr/4.5.1/avr6\libgcc.a(_usi_to_sf.o)
 .data          0x0080021e        0x0 c:/programmi/atmel/avr tools/avr toolchain/bin/../lib/gcc/avr/4.5.1/avr6\libgcc.a(_udivmodsi4.o)
 .data          0x0080021e        0x0 c:/programmi/atmel/avr tools/avr toolchain/bin/../lib/gcc/avr/4.5.1/avr6\libgcc.a(_prologue.o)
 .data          0x0080021e        0x0 c:/programmi/atmel/avr tools/avr toolchain/bin/../lib/gcc/avr/4.5.1/avr6\libgcc.a(_epilogue.o)
 .data          0x0080021e        0x0 c:/programmi/atmel/avr tools/avr toolchain/bin/../lib/gcc/avr/4.5.1/avr6\libgcc.a(_clzsi2.o)
 .data          0x0080021e        0x0 c:/programmi/atmel/avr tools/avr toolchain/bin/../lib/gcc/avr/4.5.1/avr6\libgcc.a(_pack_sf.o)
 .data          0x0080021e        0x0 c:/programmi/atmel/avr tools/avr toolchain/bin/../lib/gcc/avr/4.5.1/avr6\libgcc.a(_unpack_sf.o)
 .data          0x0080021e        0x0 c:/programmi/atmel/avr tools/avr toolchain/bin/../lib/gcc/avr/4.5.1/avr6\libgcc.a(_fpcmp_parts_sf.o)
 .data          0x0080021e      0x100 c:/programmi/atmel/avr tools/avr toolchain/bin/../lib/gcc/avr/4.5.1/avr6\libgcc.a(_clz.o)
                0x0080021e                __clz_tab
 .data          0x0080031e        0x0 c:/programmi/atmel/avr tools/avr toolchain/bin/../lib/gcc/avr/4.5.1/../../../../avr/lib/avr6\libc.a(atan2.o)
 .data          0x0080031e        0x0 c:/programmi/atmel/avr tools/avr toolchain/bin/../lib/gcc/avr/4.5.1/../../../../avr/lib/avr6\libc.a(atan.o)
 .data          0x0080031e        0x0 c:/programmi/atmel/avr tools/avr toolchain/bin/../lib/gcc/avr/4.5.1/../../../../avr/lib/avr6\libc.a(divsf3x.o)
 .data          0x0080031e        0x0 c:/programmi/atmel/avr tools/avr toolchain/bin/../lib/gcc/avr/4.5.1/../../../../avr/lib/avr6\libc.a(fp_inf.o)
 .data          0x0080031e        0x0 c:/programmi/atmel/avr tools/avr toolchain/bin/../lib/gcc/avr/4.5.1/../../../../avr/lib/avr6\libc.a(fp_nan.o)
 .data          0x0080031e        0x0 c:/programmi/atmel/avr tools/avr toolchain/bin/../lib/gcc/avr/4.5.1/../../../../avr/lib/avr6\libc.a(fp_powser.o)
 .data          0x0080031e        0x0 c:/programmi/atmel/avr tools/avr toolchain/bin/../lib/gcc/avr/4.5.1/../../../../avr/lib/avr6\libc.a(fp_pscA.o)
 .data          0x0080031e        0x0 c:/programmi/atmel/avr tools/avr toolchain/bin/../lib/gcc/avr/4.5.1/../../../../avr/lib/avr6\libc.a(fp_pscB.o)
 .data          0x0080031e        0x0 c:/programmi/atmel/avr tools/avr toolchain/bin/../lib/gcc/avr/4.5.1/../../../../avr/lib/avr6\libc.a(fp_round.o)
 .data          0x0080031e        0x0 c:/programmi/atmel/avr tools/avr toolchain/bin/../lib/gcc/avr/4.5.1/../../../../avr/lib/avr6\libc.a(fp_split3.o)
 .data          0x0080031e        0x0 c:/programmi/atmel/avr tools/avr toolchain/bin/../lib/gcc/avr/4.5.1/../../../../avr/lib/avr6\libc.a(fp_zero.o)
 .data          0x0080031e        0x0 c:/programmi/atmel/avr tools/avr toolchain/bin/../lib/gcc/avr/4.5.1/../../../../avr/lib/avr6\libc.a(inverse.o)
 .data          0x0080031e        0x0 c:/programmi/atmel/avr tools/avr toolchain/bin/../lib/gcc/avr/4.5.1/../../../../avr/lib/avr6\libc.a(mulsf3x.o)
 .data          0x0080031e        0x0 c:/programmi/atmel/avr tools/avr toolchain/bin/../lib/gcc/avr/4.5.1/../../../../avr/lib/avr6\libc.a(square.o)
 .data          0x0080031e        0x0 c:/programmi/atmel/avr tools/avr toolchain/bin/../lib/gcc/avr/4.5.1/../../../../avr/lib/avr6\libc.a(addsf3x.o)
 *(.data*)
 *(.rodata)
 *(.rodata*)
 *(.gnu.linkonce.d*)
                0x0080031e                . = ALIGN (0x2)
                0x0080031e                _edata = .
                0x0080031e                PROVIDE (__data_end, .)

.bss            0x0080031e      0x164
                0x0080031e                PROVIDE (__bss_start, .)
 *(.bss)
 .bss           0x0080031e        0x0 c:/programmi/atmel/avr tools/avr toolchain/bin/../lib/gcc/avr/4.5.1/../../../../avr/lib/avr6/crtm2560.o
 .bss           0x0080031e        0x0 main.o
 .bss           0x0080031e        0x0 spi.o
 .bss           0x0080031e        0x0 mirf.o
 .bss           0x0080031e        0x5 e_remote_control.o
                0x0080031e                address
                0x0080031f                data_ir
 .bss           0x00800323        0x0 speed_control.o
 .bss           0x00800323      0x132 variables.o
                0x00800323                currentAdChannel
                0x00800324                currentProx
                0x00800325                currentMotLeftChannel
                0x00800326                currentMotRightChannel
                0x00800327                rightMotorPhase
                0x00800328                leftMotorPhase
                0x00800329                proximityValue
                0x00800359                proximityResult
                0x00800371                proximityOffset
                0x00800389                adcSaveDataTo
                0x0080038a                adcSamplingState
                0x0080038b                rightChannelPhase
                0x0080038c                leftChannelPhase
                0x0080038d                batteryLevel
                0x0080038f                measBattery
                0x00800390                currentProxValue
                0x00800392                updateProx
                0x00800393                proximitySum
                0x008003c3                proxUpdated
                0x008003c4                left_current_avg
                0x008003c6                right_current_avg
                0x008003c8                last_left_current
                0x008003ca                last_right_current
                0x008003cc                num_lvel_samples_avg
                0x008003ce                last_num_lvel_samples_avg
                0x008003d0                num_rvel_samples_avg
                0x008003d2                last_num_rvel_samples_avg
                0x008003d4                left_vel_sum
                0x008003d6                last_left_vel_sum
                0x008003d8                right_vel_sum
                0x008003da                last_right_vel_sum
                0x008003dc                last_left_vel
                0x008003de                last_right_vel
                0x008003e0                pwm_right
                0x008003e4                pwm_left
                0x008003e8                pwm_right_desired
                0x008003ec                pwm_left_desired
                0x008003f0                pwm_right_speed_controller
                0x008003f4                pwm_left_speed_controller
                0x008003f8                delta_left_speed
                0x008003fc                delta_right_speed
                0x00800400                delta_left_speed_sum
                0x00800404                delta_right_speed_sum
                0x00800408                left_increment
                0x0080040c                right_increment
                0x00800410                compute_left_vel
                0x00800411                compute_right_vel
                0x00800412                start_control
                0x00800413                left_vel_changed
                0x00800414                right_vel_changed
                0x00800415                pwm_right_working
                0x00800419                pwm_left_working
                0x0080041d                update_pwm
                0x0080041e                last_left_vel_value
                0x0080041f                last_right_vel_value
                0x00800420                last_pwm
                0x00800422                speedl
                0x00800423                speedr
                0x00800424                blinkState
                0x00800425                sendAdcValues
                0x00800426                ir_move
                0x00800427                command_received
                0x00800428                colorState
                0x00800429                behaviorState
                0x0080042a                useAccel
                0x0080042b                accX
                0x0080042d                accY
                0x0080042f                accZ
                0x00800431                absAccX
                0x00800433                absAccY
                0x00800435                absAccZ
                0x00800437                accOffsetX
                0x00800439                accOffsetY
                0x0080043b                accOffsetZ
                0x0080043d                currentAngle
                0x0080043f                accOffsetXSum
                0x00800441                accOffsetYSum
                0x00800443                accOffsetZSum
                0x00800445                myTimeout
                0x00800446                delayCounter
                0x00800448                currentSelector
                0x00800449                startCalibration
                0x0080044a                calibrationCycle
                0x0080044c                obstacleAvoidanceEnabled
                0x0080044d                rightProxSum
                0x0080044f                leftProxSum
                0x00800451                cliffAvoidanceEnabled
                0x00800452                minGroundValue
                0x00800454                prevRot
 .bss           0x00800455        0x0 ports_io.o
 .bss           0x00800455        0x0 twimaster.o
 .bss           0x00800455        0x0 usart.o
 .bss           0x00800455        0x0 c:/programmi/atmel/avr tools/avr toolchain/bin/../lib/gcc/avr/4.5.1/avr6\libgcc.a(_mulsi3.o)
 .bss           0x00800455        0x0 c:/programmi/atmel/avr tools/avr toolchain/bin/../lib/gcc/avr/4.5.1/avr6\libgcc.a(_udivmodhi4.o)
 .bss           0x00800455        0x0 c:/programmi/atmel/avr tools/avr toolchain/bin/../lib/gcc/avr/4.5.1/avr6\libgcc.a(_divmodhi4.o)
 .bss           0x00800455        0x0 c:/programmi/atmel/avr tools/avr toolchain/bin/../lib/gcc/avr/4.5.1/avr6\libgcc.a(_divmodsi4.o)
 .bss           0x00800455        0x0 c:/programmi/atmel/avr tools/avr toolchain/bin/../lib/gcc/avr/4.5.1/avr6\libgcc.a(_exit.o)
 .bss           0x00800455        0x0 c:/programmi/atmel/avr tools/avr toolchain/bin/../lib/gcc/avr/4.5.1/avr6\libgcc.a(_copy_data.o)
 .bss           0x00800455        0x0 c:/programmi/atmel/avr tools/avr toolchain/bin/../lib/gcc/avr/4.5.1/avr6\libgcc.a(_clear_bss.o)
 .bss           0x00800455        0x0 c:/programmi/atmel/avr tools/avr toolchain/bin/../lib/gcc/avr/4.5.1/avr6\libgcc.a(_fixunssfsi.o)
 .bss           0x00800455        0x0 c:/programmi/atmel/avr tools/avr toolchain/bin/../lib/gcc/avr/4.5.1/avr6\libgcc.a(_addsub_sf.o)
 .bss           0x00800455        0x0 c:/programmi/atmel/avr tools/avr toolchain/bin/../lib/gcc/avr/4.5.1/avr6\libgcc.a(_mul_sf.o)
 .bss           0x00800455        0x0 c:/programmi/atmel/avr tools/avr toolchain/bin/../lib/gcc/avr/4.5.1/avr6\libgcc.a(_div_sf.o)
 .bss           0x00800455        0x0 c:/programmi/atmel/avr tools/avr toolchain/bin/../lib/gcc/avr/4.5.1/avr6\libgcc.a(_ge_sf.o)
 .bss           0x00800455        0x0 c:/programmi/atmel/avr tools/avr toolchain/bin/../lib/gcc/avr/4.5.1/avr6\libgcc.a(_si_to_sf.o)
 .bss           0x00800455        0x0 c:/programmi/atmel/avr tools/avr toolchain/bin/../lib/gcc/avr/4.5.1/avr6\libgcc.a(_sf_to_si.o)
 .bss           0x00800455        0x0 c:/programmi/atmel/avr tools/avr toolchain/bin/../lib/gcc/avr/4.5.1/avr6\libgcc.a(_thenan_sf.o)
 .bss           0x00800455        0x0 c:/programmi/atmel/avr tools/avr toolchain/bin/../lib/gcc/avr/4.5.1/avr6\libgcc.a(_usi_to_sf.o)
 .bss           0x00800455        0x0 c:/programmi/atmel/avr tools/avr toolchain/bin/../lib/gcc/avr/4.5.1/avr6\libgcc.a(_udivmodsi4.o)
 .bss           0x00800455        0x0 c:/programmi/atmel/avr tools/avr toolchain/bin/../lib/gcc/avr/4.5.1/avr6\libgcc.a(_prologue.o)
 .bss           0x00800455        0x0 c:/programmi/atmel/avr tools/avr toolchain/bin/../lib/gcc/avr/4.5.1/avr6\libgcc.a(_epilogue.o)
 .bss           0x00800455        0x0 c:/programmi/atmel/avr tools/avr toolchain/bin/../lib/gcc/avr/4.5.1/avr6\libgcc.a(_clzsi2.o)
 .bss           0x00800455        0x0 c:/programmi/atmel/avr tools/avr toolchain/bin/../lib/gcc/avr/4.5.1/avr6\libgcc.a(_pack_sf.o)
 .bss           0x00800455        0x0 c:/programmi/atmel/avr tools/avr toolchain/bin/../lib/gcc/avr/4.5.1/avr6\libgcc.a(_unpack_sf.o)
 .bss           0x00800455        0x0 c:/programmi/atmel/avr tools/avr toolchain/bin/../lib/gcc/avr/4.5.1/avr6\libgcc.a(_fpcmp_parts_sf.o)
 .bss           0x00800455        0x0 c:/programmi/atmel/avr tools/avr toolchain/bin/../lib/gcc/avr/4.5.1/avr6\libgcc.a(_clz.o)
 .bss           0x00800455        0x0 c:/programmi/atmel/avr tools/avr toolchain/bin/../lib/gcc/avr/4.5.1/../../../../avr/lib/avr6\libc.a(atan2.o)
 .bss           0x00800455        0x0 c:/programmi/atmel/avr tools/avr toolchain/bin/../lib/gcc/avr/4.5.1/../../../../avr/lib/avr6\libc.a(atan.o)
 .bss           0x00800455        0x0 c:/programmi/atmel/avr tools/avr toolchain/bin/../lib/gcc/avr/4.5.1/../../../../avr/lib/avr6\libc.a(divsf3x.o)
 .bss           0x00800455        0x0 c:/programmi/atmel/avr tools/avr toolchain/bin/../lib/gcc/avr/4.5.1/../../../../avr/lib/avr6\libc.a(fp_inf.o)
 .bss           0x00800455        0x0 c:/programmi/atmel/avr tools/avr toolchain/bin/../lib/gcc/avr/4.5.1/../../../../avr/lib/avr6\libc.a(fp_nan.o)
 .bss           0x00800455        0x0 c:/programmi/atmel/avr tools/avr toolchain/bin/../lib/gcc/avr/4.5.1/../../../../avr/lib/avr6\libc.a(fp_powser.o)
 .bss           0x00800455        0x0 c:/programmi/atmel/avr tools/avr toolchain/bin/../lib/gcc/avr/4.5.1/../../../../avr/lib/avr6\libc.a(fp_pscA.o)
 .bss           0x00800455        0x0 c:/programmi/atmel/avr tools/avr toolchain/bin/../lib/gcc/avr/4.5.1/../../../../avr/lib/avr6\libc.a(fp_pscB.o)
 .bss           0x00800455        0x0 c:/programmi/atmel/avr tools/avr toolchain/bin/../lib/gcc/avr/4.5.1/../../../../avr/lib/avr6\libc.a(fp_round.o)
 .bss           0x00800455        0x0 c:/programmi/atmel/avr tools/avr toolchain/bin/../lib/gcc/avr/4.5.1/../../../../avr/lib/avr6\libc.a(fp_split3.o)
 .bss           0x00800455        0x0 c:/programmi/atmel/avr tools/avr toolchain/bin/../lib/gcc/avr/4.5.1/../../../../avr/lib/avr6\libc.a(fp_zero.o)
 .bss           0x00800455        0x0 c:/programmi/atmel/avr tools/avr toolchain/bin/../lib/gcc/avr/4.5.1/../../../../avr/lib/avr6\libc.a(inverse.o)
 .bss           0x00800455        0x0 c:/programmi/atmel/avr tools/avr toolchain/bin/../lib/gcc/avr/4.5.1/../../../../avr/lib/avr6\libc.a(mulsf3x.o)
 .bss           0x00800455        0x0 c:/programmi/atmel/avr tools/avr toolchain/bin/../lib/gcc/avr/4.5.1/../../../../avr/lib/avr6\libc.a(square.o)
 .bss           0x00800455        0x0 c:/programmi/atmel/avr tools/avr toolchain/bin/../lib/gcc/avr/4.5.1/../../../../avr/lib/avr6\libc.a(addsf3x.o)
 *(.bss*)
 *(COMMON)
 COMMON         0x00800455        0x1 mirf.o
                0x00800455                PTX
 COMMON         0x00800456       0x2c variables.o
                0x00800456                ackPayload
                0x00800466                dataLED
                0x0080046c                rfData
                0x00800472                delta_left_speeds
                0x0080047a                delta_right_speeds
                0x00800482                PROVIDE (__bss_end, .)
                0x0000549a                __data_load_start = LOADADDR (.data)
                0x000055b8                __data_load_end = (__data_load_start + SIZEOF (.data))

.noinit         0x00800482        0x0
                0x00800482                PROVIDE (__noinit_start, .)
 *(.noinit*)
                0x00800482                PROVIDE (__noinit_end, .)
                0x00800482                _end = .
                0x00800482                PROVIDE (__heap_start, .)

.eeprom         0x00810000        0x0
 *(.eeprom*)
                0x00810000                __eeprom_end = .

.fuse
 *(.fuse)
 *(.lfuse)
 *(.hfuse)
 *(.efuse)

.lock
 *(.lock*)

.signature
 *(.signature*)

.stab           0x00000000     0x2280
 *(.stab)
 .stab          0x00000000      0x6e4 c:/programmi/atmel/avr tools/avr toolchain/bin/../lib/gcc/avr/4.5.1/../../../../avr/lib/avr6/crtm2560.o
 .stab          0x000006e4      0x2f4 c:/programmi/atmel/avr tools/avr toolchain/bin/../lib/gcc/avr/4.5.1/../../../../avr/lib/avr6\libc.a(atan2.o)
                                0x300 (size before relaxing)
 .stab          0x000009d8      0x210 c:/programmi/atmel/avr tools/avr toolchain/bin/../lib/gcc/avr/4.5.1/../../../../avr/lib/avr6\libc.a(atan.o)
                                0x21c (size before relaxing)
 .stab          0x00000be8      0x510 c:/programmi/atmel/avr tools/avr toolchain/bin/../lib/gcc/avr/4.5.1/../../../../avr/lib/avr6\libc.a(divsf3x.o)
                                0x51c (size before relaxing)
 .stab          0x000010f8       0x78 c:/programmi/atmel/avr tools/avr toolchain/bin/../lib/gcc/avr/4.5.1/../../../../avr/lib/avr6\libc.a(fp_inf.o)
                                 0x84 (size before relaxing)
 .stab          0x00001170       0x54 c:/programmi/atmel/avr tools/avr toolchain/bin/../lib/gcc/avr/4.5.1/../../../../avr/lib/avr6\libc.a(fp_nan.o)
                                 0x60 (size before relaxing)
 .stab          0x000011c4      0x1ec c:/programmi/atmel/avr tools/avr toolchain/bin/../lib/gcc/avr/4.5.1/../../../../avr/lib/avr6\libc.a(fp_powser.o)
                                0x1f8 (size before relaxing)
 .stab          0x000013b0       0x84 c:/programmi/atmel/avr tools/avr toolchain/bin/../lib/gcc/avr/4.5.1/../../../../avr/lib/avr6\libc.a(fp_pscA.o)
                                 0x90 (size before relaxing)
 .stab          0x00001434       0x84 c:/programmi/atmel/avr tools/avr toolchain/bin/../lib/gcc/avr/4.5.1/../../../../avr/lib/avr6\libc.a(fp_pscB.o)
                                 0x90 (size before relaxing)
 .stab          0x000014b8       0xfc c:/programmi/atmel/avr tools/avr toolchain/bin/../lib/gcc/avr/4.5.1/../../../../avr/lib/avr6\libc.a(fp_round.o)
                                0x108 (size before relaxing)
 .stab          0x000015b4      0x1d4 c:/programmi/atmel/avr tools/avr toolchain/bin/../lib/gcc/avr/4.5.1/../../../../avr/lib/avr6\libc.a(fp_split3.o)
                                0x1e0 (size before relaxing)
 .stab          0x00001788       0x90 c:/programmi/atmel/avr tools/avr toolchain/bin/../lib/gcc/avr/4.5.1/../../../../avr/lib/avr6\libc.a(fp_zero.o)
                                 0x9c (size before relaxing)
 .stab          0x00001818       0x84 c:/programmi/atmel/avr tools/avr toolchain/bin/../lib/gcc/avr/4.5.1/../../../../avr/lib/avr6\libc.a(inverse.o)
                                 0x90 (size before relaxing)
 .stab          0x0000189c      0x4d4 c:/programmi/atmel/avr tools/avr toolchain/bin/../lib/gcc/avr/4.5.1/../../../../avr/lib/avr6\libc.a(mulsf3x.o)
                                0x4e0 (size before relaxing)
 .stab          0x00001d70       0x54 c:/programmi/atmel/avr tools/avr toolchain/bin/../lib/gcc/avr/4.5.1/../../../../avr/lib/avr6\libc.a(square.o)
                                 0x60 (size before relaxing)
 .stab          0x00001dc4      0x4bc c:/programmi/atmel/avr tools/avr toolchain/bin/../lib/gcc/avr/4.5.1/../../../../avr/lib/avr6\libc.a(addsf3x.o)
                                0x4c8 (size before relaxing)

.stabstr        0x00000000      0x640
 *(.stabstr)
 .stabstr       0x00000000      0x640 c:/programmi/atmel/avr tools/avr toolchain/bin/../lib/gcc/avr/4.5.1/../../../../avr/lib/avr6/crtm2560.o

.stab.excl
 *(.stab.excl)

.stab.exclstr
 *(.stab.exclstr)

.stab.index
 *(.stab.index)

.stab.indexstr
 *(.stab.indexstr)

.comment
 *(.comment)

.debug
 *(.debug)

.line
 *(.line)

.debug_srcinfo
 *(.debug_srcinfo)

.debug_sfnames
 *(.debug_sfnames)

.debug_aranges  0x00000000      0x280
 *(.debug_aranges)
 .debug_aranges
                0x00000000       0x20 main.o
 .debug_aranges
                0x00000020       0x20 spi.o
 .debug_aranges
                0x00000040       0x20 mirf.o
 .debug_aranges
                0x00000060       0x20 e_remote_control.o
 .debug_aranges
                0x00000080       0x20 speed_control.o
 .debug_aranges
                0x000000a0       0x20 ports_io.o
 .debug_aranges
                0x000000c0       0x20 twimaster.o
 .debug_aranges
                0x000000e0       0x20 usart.o
 .debug_aranges
                0x00000100       0x20 c:/programmi/atmel/avr tools/avr toolchain/bin/../lib/gcc/avr/4.5.1/avr6\libgcc.a(_fixunssfsi.o)
 .debug_aranges
                0x00000120       0x20 c:/programmi/atmel/avr tools/avr toolchain/bin/../lib/gcc/avr/4.5.1/avr6\libgcc.a(_addsub_sf.o)
 .debug_aranges
                0x00000140       0x20 c:/programmi/atmel/avr tools/avr toolchain/bin/../lib/gcc/avr/4.5.1/avr6\libgcc.a(_mul_sf.o)
 .debug_aranges
                0x00000160       0x20 c:/programmi/atmel/avr tools/avr toolchain/bin/../lib/gcc/avr/4.5.1/avr6\libgcc.a(_div_sf.o)
 .debug_aranges
                0x00000180       0x20 c:/programmi/atmel/avr tools/avr toolchain/bin/../lib/gcc/avr/4.5.1/avr6\libgcc.a(_ge_sf.o)
 .debug_aranges
                0x000001a0       0x20 c:/programmi/atmel/avr tools/avr toolchain/bin/../lib/gcc/avr/4.5.1/avr6\libgcc.a(_si_to_sf.o)
 .debug_aranges
                0x000001c0       0x20 c:/programmi/atmel/avr tools/avr toolchain/bin/../lib/gcc/avr/4.5.1/avr6\libgcc.a(_sf_to_si.o)
 .debug_aranges
                0x000001e0       0x20 c:/programmi/atmel/avr tools/avr toolchain/bin/../lib/gcc/avr/4.5.1/avr6\libgcc.a(_usi_to_sf.o)
 .debug_aranges
                0x00000200       0x20 c:/programmi/atmel/avr tools/avr toolchain/bin/../lib/gcc/avr/4.5.1/avr6\libgcc.a(_clzsi2.o)
 .debug_aranges
                0x00000220       0x20 c:/programmi/atmel/avr tools/avr toolchain/bin/../lib/gcc/avr/4.5.1/avr6\libgcc.a(_pack_sf.o)
 .debug_aranges
                0x00000240       0x20 c:/programmi/atmel/avr tools/avr toolchain/bin/../lib/gcc/avr/4.5.1/avr6\libgcc.a(_unpack_sf.o)
 .debug_aranges
                0x00000260       0x20 c:/programmi/atmel/avr tools/avr toolchain/bin/../lib/gcc/avr/4.5.1/avr6\libgcc.a(_fpcmp_parts_sf.o)

.debug_pubnames
                0x00000000      0xee9
 *(.debug_pubnames)
 .debug_pubnames
                0x00000000      0x1cb main.o
 .debug_pubnames
                0x000001cb       0x5d spi.o
 .debug_pubnames
                0x00000228      0x125 mirf.o
 .debug_pubnames
                0x0000034d       0x9f e_remote_control.o
 .debug_pubnames
                0x000003ec       0x6d speed_control.o
 .debug_pubnames
                0x00000459      0x7c7 variables.o
 .debug_pubnames
                0x00000c20       0x22 ports_io.o
 .debug_pubnames
                0x00000c42       0x8d twimaster.o
 .debug_pubnames
                0x00000ccf       0x42 usart.o
 .debug_pubnames
                0x00000d11       0x23 c:/programmi/atmel/avr tools/avr toolchain/bin/../lib/gcc/avr/4.5.1/avr6\libgcc.a(_fixunssfsi.o)
 .debug_pubnames
                0x00000d34       0x2c c:/programmi/atmel/avr tools/avr toolchain/bin/../lib/gcc/avr/4.5.1/avr6\libgcc.a(_addsub_sf.o)
 .debug_pubnames
                0x00000d60       0x1f c:/programmi/atmel/avr tools/avr toolchain/bin/../lib/gcc/avr/4.5.1/avr6\libgcc.a(_mul_sf.o)
 .debug_pubnames
                0x00000d7f       0x1f c:/programmi/atmel/avr tools/avr toolchain/bin/../lib/gcc/avr/4.5.1/avr6\libgcc.a(_div_sf.o)
 .debug_pubnames
                0x00000d9e       0x1e c:/programmi/atmel/avr tools/avr toolchain/bin/../lib/gcc/avr/4.5.1/avr6\libgcc.a(_ge_sf.o)
 .debug_pubnames
                0x00000dbc       0x22 c:/programmi/atmel/avr tools/avr toolchain/bin/../lib/gcc/avr/4.5.1/avr6\libgcc.a(_si_to_sf.o)
 .debug_pubnames
                0x00000dde       0x20 c:/programmi/atmel/avr tools/avr toolchain/bin/../lib/gcc/avr/4.5.1/avr6\libgcc.a(_sf_to_si.o)
 .debug_pubnames
                0x00000dfe       0x22 c:/programmi/atmel/avr tools/avr toolchain/bin/../lib/gcc/avr/4.5.1/avr6\libgcc.a(_thenan_sf.o)
 .debug_pubnames
                0x00000e20       0x24 c:/programmi/atmel/avr tools/avr toolchain/bin/../lib/gcc/avr/4.5.1/avr6\libgcc.a(_usi_to_sf.o)
 .debug_pubnames
                0x00000e44       0x1f c:/programmi/atmel/avr tools/avr toolchain/bin/../lib/gcc/avr/4.5.1/avr6\libgcc.a(_clzsi2.o)
 .debug_pubnames
                0x00000e63       0x1f c:/programmi/atmel/avr tools/avr toolchain/bin/../lib/gcc/avr/4.5.1/avr6\libgcc.a(_pack_sf.o)
 .debug_pubnames
                0x00000e82       0x21 c:/programmi/atmel/avr tools/avr toolchain/bin/../lib/gcc/avr/4.5.1/avr6\libgcc.a(_unpack_sf.o)
 .debug_pubnames
                0x00000ea3       0x26 c:/programmi/atmel/avr tools/avr toolchain/bin/../lib/gcc/avr/4.5.1/avr6\libgcc.a(_fpcmp_parts_sf.o)
 .debug_pubnames
                0x00000ec9       0x20 c:/programmi/atmel/avr tools/avr toolchain/bin/../lib/gcc/avr/4.5.1/avr6\libgcc.a(_clz.o)

.debug_info     0x00000000     0x4868
 *(.debug_info)
 .debug_info    0x00000000     0x1067 main.o
 .debug_info    0x00001067      0x14b spi.o
 .debug_info    0x000011b2      0x5c2 mirf.o
 .debug_info    0x00001774      0x226 e_remote_control.o
 .debug_info    0x0000199a      0x22a speed_control.o
 .debug_info    0x00001bc4      0x84c variables.o
 .debug_info    0x00002410       0x7e ports_io.o
 .debug_info    0x0000248e      0x1e8 twimaster.o
 .debug_info    0x00002676      0x1c4 usart.o
 .debug_info    0x0000283a       0xa6 c:/programmi/atmel/avr tools/avr toolchain/bin/../lib/gcc/avr/4.5.1/avr6\libgcc.a(_fixunssfsi.o)
 .debug_info    0x000028e0      0x46a c:/programmi/atmel/avr tools/avr toolchain/bin/../lib/gcc/avr/4.5.1/avr6\libgcc.a(_addsub_sf.o)
 .debug_info    0x00002d4a      0x429 c:/programmi/atmel/avr tools/avr toolchain/bin/../lib/gcc/avr/4.5.1/avr6\libgcc.a(_mul_sf.o)
 .debug_info    0x00003173      0x396 c:/programmi/atmel/avr tools/avr toolchain/bin/../lib/gcc/avr/4.5.1/avr6\libgcc.a(_div_sf.o)
 .debug_info    0x00003509      0x27f c:/programmi/atmel/avr tools/avr toolchain/bin/../lib/gcc/avr/4.5.1/avr6\libgcc.a(_ge_sf.o)
 .debug_info    0x00003788      0x207 c:/programmi/atmel/avr tools/avr toolchain/bin/../lib/gcc/avr/4.5.1/avr6\libgcc.a(_si_to_sf.o)
 .debug_info    0x0000398f      0x2b0 c:/programmi/atmel/avr tools/avr toolchain/bin/../lib/gcc/avr/4.5.1/avr6\libgcc.a(_sf_to_si.o)
 .debug_info    0x00003c3f      0x12c c:/programmi/atmel/avr tools/avr toolchain/bin/../lib/gcc/avr/4.5.1/avr6\libgcc.a(_thenan_sf.o)
 .debug_info    0x00003d6b      0x206 c:/programmi/atmel/avr tools/avr toolchain/bin/../lib/gcc/avr/4.5.1/avr6\libgcc.a(_usi_to_sf.o)
 .debug_info    0x00003f71      0x10c c:/programmi/atmel/avr tools/avr toolchain/bin/../lib/gcc/avr/4.5.1/avr6\libgcc.a(_clzsi2.o)
 .debug_info    0x0000407d      0x2ec c:/programmi/atmel/avr tools/avr toolchain/bin/../lib/gcc/avr/4.5.1/avr6\libgcc.a(_pack_sf.o)
 .debug_info    0x00004369      0x251 c:/programmi/atmel/avr tools/avr toolchain/bin/../lib/gcc/avr/4.5.1/avr6\libgcc.a(_unpack_sf.o)
 .debug_info    0x000045ba      0x210 c:/programmi/atmel/avr tools/avr toolchain/bin/../lib/gcc/avr/4.5.1/avr6\libgcc.a(_fpcmp_parts_sf.o)
 .debug_info    0x000047ca       0x9e c:/programmi/atmel/avr tools/avr toolchain/bin/../lib/gcc/avr/4.5.1/avr6\libgcc.a(_clz.o)
 *(.gnu.linkonce.wi.*)

.debug_abbrev   0x00000000     0x1a70
 *(.debug_abbrev)
 .debug_abbrev  0x00000000      0x255 main.o
 .debug_abbrev  0x00000255       0xbd spi.o
 .debug_abbrev  0x00000312      0x1c5 mirf.o
 .debug_abbrev  0x000004d7       0xdd e_remote_control.o
 .debug_abbrev  0x000005b4       0xa2 speed_control.o
 .debug_abbrev  0x00000656       0x54 variables.o
 .debug_abbrev  0x000006aa       0x4c ports_io.o
 .debug_abbrev  0x000006f6      0x126 twimaster.o
 .debug_abbrev  0x0000081c       0x97 usart.o
 .debug_abbrev  0x000008b3       0x5b c:/programmi/atmel/avr tools/avr toolchain/bin/../lib/gcc/avr/4.5.1/avr6\libgcc.a(_fixunssfsi.o)
 .debug_abbrev  0x0000090e      0x1db c:/programmi/atmel/avr tools/avr toolchain/bin/../lib/gcc/avr/4.5.1/avr6\libgcc.a(_addsub_sf.o)
 .debug_abbrev  0x00000ae9      0x20c c:/programmi/atmel/avr tools/avr toolchain/bin/../lib/gcc/avr/4.5.1/avr6\libgcc.a(_mul_sf.o)
 .debug_abbrev  0x00000cf5      0x1ea c:/programmi/atmel/avr tools/avr toolchain/bin/../lib/gcc/avr/4.5.1/avr6\libgcc.a(_div_sf.o)
 .debug_abbrev  0x00000edf      0x15a c:/programmi/atmel/avr tools/avr toolchain/bin/../lib/gcc/avr/4.5.1/avr6\libgcc.a(_ge_sf.o)
 .debug_abbrev  0x00001039      0x148 c:/programmi/atmel/avr tools/avr toolchain/bin/../lib/gcc/avr/4.5.1/avr6\libgcc.a(_si_to_sf.o)
 .debug_abbrev  0x00001181      0x17f c:/programmi/atmel/avr tools/avr toolchain/bin/../lib/gcc/avr/4.5.1/avr6\libgcc.a(_sf_to_si.o)
 .debug_abbrev  0x00001300       0xad c:/programmi/atmel/avr tools/avr toolchain/bin/../lib/gcc/avr/4.5.1/avr6\libgcc.a(_thenan_sf.o)
 .debug_abbrev  0x000013ad      0x157 c:/programmi/atmel/avr tools/avr toolchain/bin/../lib/gcc/avr/4.5.1/avr6\libgcc.a(_usi_to_sf.o)
 .debug_abbrev  0x00001504       0xc2 c:/programmi/atmel/avr tools/avr toolchain/bin/../lib/gcc/avr/4.5.1/avr6\libgcc.a(_clzsi2.o)
 .debug_abbrev  0x000015c6      0x1b3 c:/programmi/atmel/avr tools/avr toolchain/bin/../lib/gcc/avr/4.5.1/avr6\libgcc.a(_pack_sf.o)
 .debug_abbrev  0x00001779      0x154 c:/programmi/atmel/avr tools/avr toolchain/bin/../lib/gcc/avr/4.5.1/avr6\libgcc.a(_unpack_sf.o)
 .debug_abbrev  0x000018cd      0x13b c:/programmi/atmel/avr tools/avr toolchain/bin/../lib/gcc/avr/4.5.1/avr6\libgcc.a(_fpcmp_parts_sf.o)
 .debug_abbrev  0x00001a08       0x68 c:/programmi/atmel/avr tools/avr toolchain/bin/../lib/gcc/avr/4.5.1/avr6\libgcc.a(_clz.o)

.debug_line     0x00000000     0x43cc
 *(.debug_line)
 .debug_line    0x00000000     0x1c06 main.o
 .debug_line    0x00001c06      0x162 spi.o
 .debug_line    0x00001d68      0x5b5 mirf.o
 .debug_line    0x0000231d      0x309 e_remote_control.o
 .debug_line    0x00002626      0x226 speed_control.o
 .debug_line    0x0000284c       0x50 variables.o
 .debug_line    0x0000289c      0x15f ports_io.o
 .debug_line    0x000029fb      0x33c twimaster.o
 .debug_line    0x00002d37      0x496 usart.o
 .debug_line    0x000031cd       0xc0 c:/programmi/atmel/avr tools/avr toolchain/bin/../lib/gcc/avr/4.5.1/avr6\libgcc.a(_fixunssfsi.o)
 .debug_line    0x0000328d      0x2a3 c:/programmi/atmel/avr tools/avr toolchain/bin/../lib/gcc/avr/4.5.1/avr6\libgcc.a(_addsub_sf.o)
 .debug_line    0x00003530      0x233 c:/programmi/atmel/avr tools/avr toolchain/bin/../lib/gcc/avr/4.5.1/avr6\libgcc.a(_mul_sf.o)
 .debug_line    0x00003763      0x1c6 c:/programmi/atmel/avr tools/avr toolchain/bin/../lib/gcc/avr/4.5.1/avr6\libgcc.a(_div_sf.o)
 .debug_line    0x00003929       0xed c:/programmi/atmel/avr tools/avr toolchain/bin/../lib/gcc/avr/4.5.1/avr6\libgcc.a(_ge_sf.o)
 .debug_line    0x00003a16      0x137 c:/programmi/atmel/avr tools/avr toolchain/bin/../lib/gcc/avr/4.5.1/avr6\libgcc.a(_si_to_sf.o)
 .debug_line    0x00003b4d      0x11b c:/programmi/atmel/avr tools/avr toolchain/bin/../lib/gcc/avr/4.5.1/avr6\libgcc.a(_sf_to_si.o)
 .debug_line    0x00003c68       0xa2 c:/programmi/atmel/avr tools/avr toolchain/bin/../lib/gcc/avr/4.5.1/avr6\libgcc.a(_thenan_sf.o)
 .debug_line    0x00003d0a      0x125 c:/programmi/atmel/avr tools/avr toolchain/bin/../lib/gcc/avr/4.5.1/avr6\libgcc.a(_usi_to_sf.o)
 .debug_line    0x00003e2f       0xc6 c:/programmi/atmel/avr tools/avr toolchain/bin/../lib/gcc/avr/4.5.1/avr6\libgcc.a(_clzsi2.o)
 .debug_line    0x00003ef5      0x19c c:/programmi/atmel/avr tools/avr toolchain/bin/../lib/gcc/avr/4.5.1/avr6\libgcc.a(_pack_sf.o)
 .debug_line    0x00004091      0x15d c:/programmi/atmel/avr tools/avr toolchain/bin/../lib/gcc/avr/4.5.1/avr6\libgcc.a(_unpack_sf.o)
 .debug_line    0x000041ee      0x141 c:/programmi/atmel/avr tools/avr toolchain/bin/../lib/gcc/avr/4.5.1/avr6\libgcc.a(_fpcmp_parts_sf.o)
 .debug_line    0x0000432f       0x9d c:/programmi/atmel/avr tools/avr toolchain/bin/../lib/gcc/avr/4.5.1/avr6\libgcc.a(_clz.o)

.debug_frame    0x00000000      0x640
 *(.debug_frame)
 .debug_frame   0x00000000      0x1c0 main.o
 .debug_frame   0x000001c0       0x50 spi.o
 .debug_frame   0x00000210       0xf0 mirf.o
 .debug_frame   0x00000300       0x70 e_remote_control.o
 .debug_frame   0x00000370       0x40 speed_control.o
 .debug_frame   0x000003b0       0x20 ports_io.o
 .debug_frame   0x000003d0       0x90 twimaster.o
 .debug_frame   0x00000460       0x40 usart.o
 .debug_frame   0x000004a0       0x20 c:/programmi/atmel/avr tools/avr toolchain/bin/../lib/gcc/avr/4.5.1/avr6\libgcc.a(_fixunssfsi.o)
 .debug_frame   0x000004c0       0x40 c:/programmi/atmel/avr tools/avr toolchain/bin/../lib/gcc/avr/4.5.1/avr6\libgcc.a(_addsub_sf.o)
 .debug_frame   0x00000500       0x20 c:/programmi/atmel/avr tools/avr toolchain/bin/../lib/gcc/avr/4.5.1/avr6\libgcc.a(_mul_sf.o)
 .debug_frame   0x00000520       0x20 c:/programmi/atmel/avr tools/avr toolchain/bin/../lib/gcc/avr/4.5.1/avr6\libgcc.a(_div_sf.o)
 .debug_frame   0x00000540       0x20 c:/programmi/atmel/avr tools/avr toolchain/bin/../lib/gcc/avr/4.5.1/avr6\libgcc.a(_ge_sf.o)
 .debug_frame   0x00000560       0x20 c:/programmi/atmel/avr tools/avr toolchain/bin/../lib/gcc/avr/4.5.1/avr6\libgcc.a(_si_to_sf.o)
 .debug_frame   0x00000580       0x20 c:/programmi/atmel/avr tools/avr toolchain/bin/../lib/gcc/avr/4.5.1/avr6\libgcc.a(_sf_to_si.o)
 .debug_frame   0x000005a0       0x20 c:/programmi/atmel/avr tools/avr toolchain/bin/../lib/gcc/avr/4.5.1/avr6\libgcc.a(_usi_to_sf.o)
 .debug_frame   0x000005c0       0x20 c:/programmi/atmel/avr tools/avr toolchain/bin/../lib/gcc/avr/4.5.1/avr6\libgcc.a(_clzsi2.o)
 .debug_frame   0x000005e0       0x20 c:/programmi/atmel/avr tools/avr toolchain/bin/../lib/gcc/avr/4.5.1/avr6\libgcc.a(_pack_sf.o)
 .debug_frame   0x00000600       0x20 c:/programmi/atmel/avr tools/avr toolchain/bin/../lib/gcc/avr/4.5.1/avr6\libgcc.a(_unpack_sf.o)
 .debug_frame   0x00000620       0x20 c:/programmi/atmel/avr tools/avr toolchain/bin/../lib/gcc/avr/4.5.1/avr6\libgcc.a(_fpcmp_parts_sf.o)

.debug_str      0x00000000      0xdff
 *(.debug_str)
 .debug_str     0x00000000      0x685 main.o
                                0x71c (size before relaxing)
 .debug_str     0x00000685       0x50 spi.o
                                0x129 (size before relaxing)
 .debug_str     0x000006d5       0xee mirf.o
                                0x1d9 (size before relaxing)
 .debug_str     0x000007c3       0x9f e_remote_control.o
                                0x1a5 (size before relaxing)
 .debug_str     0x00000862      0x129 speed_control.o
                                0x1f2 (size before relaxing)
 .debug_str     0x0000098b       0x9c variables.o
                                0x6b2 (size before relaxing)
 .debug_str     0x00000a27       0x1a ports_io.o
                                 0xe9 (size before relaxing)
 .debug_str     0x00000a41       0x6f twimaster.o
                                0x154 (size before relaxing)
 .debug_str     0x00000ab0       0x48 usart.o
                                0x188 (size before relaxing)
 .debug_str     0x00000af8       0x85 c:/programmi/atmel/avr tools/avr toolchain/bin/../lib/gcc/avr/4.5.1/avr6\libgcc.a(_fixunssfsi.o)
                                 0xf2 (size before relaxing)
 .debug_str     0x00000b7d      0x197 c:/programmi/atmel/avr tools/avr toolchain/bin/../lib/gcc/avr/4.5.1/avr6\libgcc.a(_addsub_sf.o)
                                0x22e (size before relaxing)
 .debug_str     0x00000d14       0x27 c:/programmi/atmel/avr tools/avr toolchain/bin/../lib/gcc/avr/4.5.1/avr6\libgcc.a(_mul_sf.o)
                                0x1e7 (size before relaxing)
 .debug_str     0x00000d3b       0x35 c:/programmi/atmel/avr tools/avr toolchain/bin/../lib/gcc/avr/4.5.1/avr6\libgcc.a(_div_sf.o)
                                0x1f0 (size before relaxing)
 .debug_str     0x00000d70        0x8 c:/programmi/atmel/avr tools/avr toolchain/bin/../lib/gcc/avr/4.5.1/avr6\libgcc.a(_ge_sf.o)
                                0x1bd (size before relaxing)
 .debug_str     0x00000d78       0x1e c:/programmi/atmel/avr tools/avr toolchain/bin/../lib/gcc/avr/4.5.1/avr6\libgcc.a(_si_to_sf.o)
                                0x1a3 (size before relaxing)
 .debug_str     0x00000d96        0xa c:/programmi/atmel/avr tools/avr toolchain/bin/../lib/gcc/avr/4.5.1/avr6\libgcc.a(_sf_to_si.o)
                                0x1c6 (size before relaxing)
 .debug_str     0x00000000      0x12b c:/programmi/atmel/avr tools/avr toolchain/bin/../lib/gcc/avr/4.5.1/avr6\libgcc.a(_thenan_sf.o)
 .debug_str     0x00000da0       0x14 c:/programmi/atmel/avr tools/avr toolchain/bin/../lib/gcc/avr/4.5.1/avr6\libgcc.a(_usi_to_sf.o)
                                0x19f (size before relaxing)
 .debug_str     0x00000db4       0x20 c:/programmi/atmel/avr tools/avr toolchain/bin/../lib/gcc/avr/4.5.1/avr6\libgcc.a(_clzsi2.o)
                                0x105 (size before relaxing)
 .debug_str     0x00000dd4       0x10 c:/programmi/atmel/avr tools/avr toolchain/bin/../lib/gcc/avr/4.5.1/avr6\libgcc.a(_pack_sf.o)
                                0x1c5 (size before relaxing)
 .debug_str     0x00000de4        0xb c:/programmi/atmel/avr tools/avr toolchain/bin/../lib/gcc/avr/4.5.1/avr6\libgcc.a(_unpack_sf.o)
                                0x1a7 (size before relaxing)
 .debug_str     0x00000def       0x10 c:/programmi/atmel/avr tools/avr toolchain/bin/../lib/gcc/avr/4.5.1/avr6\libgcc.a(_fpcmp_parts_sf.o)
                                0x18b (size before relaxing)
 .debug_str     0x00000000       0xe8 c:/programmi/atmel/avr tools/avr toolchain/bin/../lib/gcc/avr/4.5.1/avr6\libgcc.a(_clz.o)

.debug_loc      0x00000000     0x191e
 *(.debug_loc)
 .debug_loc     0x00000000      0x817 main.o
 .debug_loc     0x00000817       0x8d spi.o
 .debug_loc     0x000008a4      0x278 mirf.o
 .debug_loc     0x00000b1c       0x4a e_remote_control.o
 .debug_loc     0x00000b66      0x1ac speed_control.o
 .debug_loc     0x00000d12      0x11a twimaster.o
 .debug_loc     0x00000e2c      0x18c usart.o
 .debug_loc     0x00000fb8       0x34 c:/programmi/atmel/avr tools/avr toolchain/bin/../lib/gcc/avr/4.5.1/avr6\libgcc.a(_fixunssfsi.o)
 .debug_loc     0x00000fec      0x330 c:/programmi/atmel/avr tools/avr toolchain/bin/../lib/gcc/avr/4.5.1/avr6\libgcc.a(_addsub_sf.o)
 .debug_loc     0x0000131c      0x12a c:/programmi/atmel/avr tools/avr toolchain/bin/../lib/gcc/avr/4.5.1/avr6\libgcc.a(_mul_sf.o)
 .debug_loc     0x00001446       0xc0 c:/programmi/atmel/avr tools/avr toolchain/bin/../lib/gcc/avr/4.5.1/avr6\libgcc.a(_div_sf.o)
 .debug_loc     0x00001506       0x3c c:/programmi/atmel/avr tools/avr toolchain/bin/../lib/gcc/avr/4.5.1/avr6\libgcc.a(_ge_sf.o)
 .debug_loc     0x00001542       0xac c:/programmi/atmel/avr tools/avr toolchain/bin/../lib/gcc/avr/4.5.1/avr6\libgcc.a(_si_to_sf.o)
 .debug_loc     0x000015ee       0x7e c:/programmi/atmel/avr tools/avr toolchain/bin/../lib/gcc/avr/4.5.1/avr6\libgcc.a(_sf_to_si.o)
 .debug_loc     0x0000166c       0x4c c:/programmi/atmel/avr tools/avr toolchain/bin/../lib/gcc/avr/4.5.1/avr6\libgcc.a(_usi_to_sf.o)
 .debug_loc     0x000016b8       0x94 c:/programmi/atmel/avr tools/avr toolchain/bin/../lib/gcc/avr/4.5.1/avr6\libgcc.a(_clzsi2.o)
 .debug_loc     0x0000174c       0xd6 c:/programmi/atmel/avr tools/avr toolchain/bin/../lib/gcc/avr/4.5.1/avr6\libgcc.a(_pack_sf.o)
 .debug_loc     0x00001822       0xac c:/programmi/atmel/avr tools/avr toolchain/bin/../lib/gcc/avr/4.5.1/avr6\libgcc.a(_unpack_sf.o)
 .debug_loc     0x000018ce       0x50 c:/programmi/atmel/avr tools/avr toolchain/bin/../lib/gcc/avr/4.5.1/avr6\libgcc.a(_fpcmp_parts_sf.o)

.debug_macinfo
 *(.debug_macinfo)
OUTPUT(Elisa3-avr-studio.elf elf32-avr)
LOAD linker stubs

.debug_pubtypes
                0x00000000      0x106
 .debug_pubtypes
                0x00000000       0x2b main.o
 .debug_pubtypes
                0x0000002b       0x1e spi.o
 .debug_pubtypes
                0x00000049       0x1e mirf.o
 .debug_pubtypes
                0x00000067       0x2b e_remote_control.o
 .debug_pubtypes
                0x00000092       0x1e ports_io.o
 .debug_pubtypes
                0x000000b0       0x2b twimaster.o
 .debug_pubtypes
                0x000000db       0x2b usart.o

.debug_ranges   0x00000000      0x240
 .debug_ranges  0x00000000      0x188 main.o
 .debug_ranges  0x00000188       0x40 twimaster.o
 .debug_ranges  0x000001c8       0x28 usart.o
 .debug_ranges  0x000001f0       0x50 c:/programmi/atmel/avr tools/avr toolchain/bin/../lib/gcc/avr/4.5.1/avr6\libgcc.a(_mul_sf.o)
