Archive member included because of file (symbol)

c:/programmi/atmel/avr tools/avr toolchain/bin/../lib/gcc/avr/4.5.1/avr6\libgcc.a(_mulsi3.o)
                              speed_control.o (__mulsi3)
c:/programmi/atmel/avr tools/avr toolchain/bin/../lib/gcc/avr/4.5.1/avr6\libgcc.a(_udivmodhi4.o)
                              main.o (__udivmodhi4)
c:/programmi/atmel/avr tools/avr toolchain/bin/../lib/gcc/avr/4.5.1/avr6\libgcc.a(_divmodhi4.o)
                              main.o (__divmodhi4)
c:/programmi/atmel/avr tools/avr toolchain/bin/../lib/gcc/avr/4.5.1/avr6\libgcc.a(_divmodsi4.o)
                              speed_control.o (__divmodsi4)
c:/programmi/atmel/avr tools/avr toolchain/bin/../lib/gcc/avr/4.5.1/avr6\libgcc.a(_exit.o)
                              c:/programmi/atmel/avr tools/avr toolchain/bin/../lib/gcc/avr/4.5.1/../../../../avr/lib/avr6/crtm2560.o (exit)
c:/programmi/atmel/avr tools/avr toolchain/bin/../lib/gcc/avr/4.5.1/avr6\libgcc.a(_copy_data.o)
                              e_remote_control.o (__do_copy_data)
c:/programmi/atmel/avr tools/avr toolchain/bin/../lib/gcc/avr/4.5.1/avr6\libgcc.a(_clear_bss.o)
                              mirf.o (__do_clear_bss)
c:/programmi/atmel/avr tools/avr toolchain/bin/../lib/gcc/avr/4.5.1/avr6\libgcc.a(_addsub_sf.o)
                              speed_control.o (__addsf3)
c:/programmi/atmel/avr tools/avr toolchain/bin/../lib/gcc/avr/4.5.1/avr6\libgcc.a(_mul_sf.o)
                              main.o (__mulsf3)
c:/programmi/atmel/avr tools/avr toolchain/bin/../lib/gcc/avr/4.5.1/avr6\libgcc.a(_si_to_sf.o)
                              main.o (__floatsisf)
c:/programmi/atmel/avr tools/avr toolchain/bin/../lib/gcc/avr/4.5.1/avr6\libgcc.a(_sf_to_si.o)
                              main.o (__fixsfsi)
c:/programmi/atmel/avr tools/avr toolchain/bin/../lib/gcc/avr/4.5.1/avr6\libgcc.a(_thenan_sf.o)
                              c:/programmi/atmel/avr tools/avr toolchain/bin/../lib/gcc/avr/4.5.1/avr6\libgcc.a(_addsub_sf.o) (__thenan_sf)
c:/programmi/atmel/avr tools/avr toolchain/bin/../lib/gcc/avr/4.5.1/avr6\libgcc.a(_udivmodsi4.o)
                              c:/programmi/atmel/avr tools/avr toolchain/bin/../lib/gcc/avr/4.5.1/avr6\libgcc.a(_divmodsi4.o) (__udivmodsi4)
c:/programmi/atmel/avr tools/avr toolchain/bin/../lib/gcc/avr/4.5.1/avr6\libgcc.a(_prologue.o)
                              c:/programmi/atmel/avr tools/avr toolchain/bin/../lib/gcc/avr/4.5.1/avr6\libgcc.a(_addsub_sf.o) (__prologue_saves__)
c:/programmi/atmel/avr tools/avr toolchain/bin/../lib/gcc/avr/4.5.1/avr6\libgcc.a(_epilogue.o)
                              c:/programmi/atmel/avr tools/avr toolchain/bin/../lib/gcc/avr/4.5.1/avr6\libgcc.a(_addsub_sf.o) (__epilogue_restores__)
c:/programmi/atmel/avr tools/avr toolchain/bin/../lib/gcc/avr/4.5.1/avr6\libgcc.a(_clzsi2.o)
                              c:/programmi/atmel/avr tools/avr toolchain/bin/../lib/gcc/avr/4.5.1/avr6\libgcc.a(_si_to_sf.o) (__clzsi2)
c:/programmi/atmel/avr tools/avr toolchain/bin/../lib/gcc/avr/4.5.1/avr6\libgcc.a(_pack_sf.o)
                              c:/programmi/atmel/avr tools/avr toolchain/bin/../lib/gcc/avr/4.5.1/avr6\libgcc.a(_addsub_sf.o) (__pack_f)
c:/programmi/atmel/avr tools/avr toolchain/bin/../lib/gcc/avr/4.5.1/avr6\libgcc.a(_unpack_sf.o)
                              c:/programmi/atmel/avr tools/avr toolchain/bin/../lib/gcc/avr/4.5.1/avr6\libgcc.a(_addsub_sf.o) (__unpack_f)
c:/programmi/atmel/avr tools/avr toolchain/bin/../lib/gcc/avr/4.5.1/avr6\libgcc.a(_clz.o)
                              c:/programmi/atmel/avr tools/avr toolchain/bin/../lib/gcc/avr/4.5.1/avr6\libgcc.a(_clzsi2.o) (__clz_tab)
c:/programmi/atmel/avr tools/avr toolchain/bin/../lib/gcc/avr/4.5.1/../../../../avr/lib/avr6\libc.a(malloc.o)
                              e_agenda.o (malloc)
c:/programmi/atmel/avr tools/avr toolchain/bin/../lib/gcc/avr/4.5.1/../../../../avr/lib/avr6\libc.a(atan2.o)
                              main.o (atan2)
c:/programmi/atmel/avr tools/avr toolchain/bin/../lib/gcc/avr/4.5.1/../../../../avr/lib/avr6\libc.a(atan.o)
                              c:/programmi/atmel/avr tools/avr toolchain/bin/../lib/gcc/avr/4.5.1/../../../../avr/lib/avr6\libc.a(atan2.o) (atan)
c:/programmi/atmel/avr tools/avr toolchain/bin/../lib/gcc/avr/4.5.1/../../../../avr/lib/avr6\libc.a(divsf3x.o)
                              c:/programmi/atmel/avr tools/avr toolchain/bin/../lib/gcc/avr/4.5.1/../../../../avr/lib/avr6\libc.a(atan2.o) (__divsf3_pse)
c:/programmi/atmel/avr tools/avr toolchain/bin/../lib/gcc/avr/4.5.1/../../../../avr/lib/avr6\libc.a(fp_inf.o)
                              c:/programmi/atmel/avr tools/avr toolchain/bin/../lib/gcc/avr/4.5.1/../../../../avr/lib/avr6\libc.a(divsf3x.o) (__fp_inf)
c:/programmi/atmel/avr tools/avr toolchain/bin/../lib/gcc/avr/4.5.1/../../../../avr/lib/avr6\libc.a(fp_nan.o)
                              c:/programmi/atmel/avr tools/avr toolchain/bin/../lib/gcc/avr/4.5.1/../../../../avr/lib/avr6\libc.a(atan2.o) (__fp_nan)
c:/programmi/atmel/avr tools/avr toolchain/bin/../lib/gcc/avr/4.5.1/../../../../avr/lib/avr6\libc.a(fp_powser.o)
                              c:/programmi/atmel/avr tools/avr toolchain/bin/../lib/gcc/avr/4.5.1/../../../../avr/lib/avr6\libc.a(atan.o) (__fp_powser)
c:/programmi/atmel/avr tools/avr toolchain/bin/../lib/gcc/avr/4.5.1/../../../../avr/lib/avr6\libc.a(fp_pscA.o)
                              c:/programmi/atmel/avr tools/avr toolchain/bin/../lib/gcc/avr/4.5.1/../../../../avr/lib/avr6\libc.a(atan2.o) (__fp_pscA)
c:/programmi/atmel/avr tools/avr toolchain/bin/../lib/gcc/avr/4.5.1/../../../../avr/lib/avr6\libc.a(fp_pscB.o)
                              c:/programmi/atmel/avr tools/avr toolchain/bin/../lib/gcc/avr/4.5.1/../../../../avr/lib/avr6\libc.a(atan2.o) (__fp_pscB)
c:/programmi/atmel/avr tools/avr toolchain/bin/../lib/gcc/avr/4.5.1/../../../../avr/lib/avr6\libc.a(fp_round.o)
                              c:/programmi/atmel/avr tools/avr toolchain/bin/../lib/gcc/avr/4.5.1/../../../../avr/lib/avr6\libc.a(atan2.o) (__fp_round)
c:/programmi/atmel/avr tools/avr toolchain/bin/../lib/gcc/avr/4.5.1/../../../../avr/lib/avr6\libc.a(fp_split3.o)
                              c:/programmi/atmel/avr tools/avr toolchain/bin/../lib/gcc/avr/4.5.1/../../../../avr/lib/avr6\libc.a(atan2.o) (__fp_split3)
c:/programmi/atmel/avr tools/avr toolchain/bin/../lib/gcc/avr/4.5.1/../../../../avr/lib/avr6\libc.a(fp_zero.o)
                              c:/programmi/atmel/avr tools/avr toolchain/bin/../lib/gcc/avr/4.5.1/../../../../avr/lib/avr6\libc.a(atan2.o) (__fp_zero)
c:/programmi/atmel/avr tools/avr toolchain/bin/../lib/gcc/avr/4.5.1/../../../../avr/lib/avr6\libc.a(inverse.o)
                              c:/programmi/atmel/avr tools/avr toolchain/bin/../lib/gcc/avr/4.5.1/../../../../avr/lib/avr6\libc.a(atan.o) (inverse)
c:/programmi/atmel/avr tools/avr toolchain/bin/../lib/gcc/avr/4.5.1/../../../../avr/lib/avr6\libc.a(mulsf3x.o)
                              c:/programmi/atmel/avr tools/avr toolchain/bin/../lib/gcc/avr/4.5.1/../../../../avr/lib/avr6\libc.a(atan.o) (__mulsf3x)
c:/programmi/atmel/avr tools/avr toolchain/bin/../lib/gcc/avr/4.5.1/../../../../avr/lib/avr6\libc.a(square.o)
                              c:/programmi/atmel/avr tools/avr toolchain/bin/../lib/gcc/avr/4.5.1/../../../../avr/lib/avr6\libc.a(atan.o) (square)
c:/programmi/atmel/avr tools/avr toolchain/bin/../lib/gcc/avr/4.5.1/../../../../avr/lib/avr6\libc.a(addsf3x.o)
                              c:/programmi/atmel/avr tools/avr toolchain/bin/../lib/gcc/avr/4.5.1/../../../../avr/lib/avr6\libc.a(atan.o) (__addsf3x)
c:/programmi/atmel/avr tools/avr toolchain/bin/../lib/gcc/avr/4.5.1/../../../../avr/lib/avr6\libc.a(divsf3.o)
                              c:/programmi/atmel/avr tools/avr toolchain/bin/../lib/gcc/avr/4.5.1/../../../../avr/lib/avr6\libc.a(inverse.o) (__divsf3)

Allocating common symbols
Common symbol       size              file

PTX                 0x1               mirf.o
__brkval            0x2               c:/programmi/atmel/avr tools/avr toolchain/bin/../lib/gcc/avr/4.5.1/../../../../avr/lib/avr6\libc.a(malloc.o)
ackPayload          0x10              variables.o
dataLED             0x6               variables.o
rfData              0x6               variables.o
delta_left_speeds   0x8               variables.o
__flp               0x2               c:/programmi/atmel/avr tools/avr toolchain/bin/../lib/gcc/avr/4.5.1/../../../../avr/lib/avr6\libc.a(malloc.o)
delta_right_speeds  0x8               variables.o

Memory Configuration

Name             Origin             Length             Attributes
text             0x00000000         0x00100000         xr
data             0x00800200         0x0000fe00         rw !x
eeprom           0x00810000         0x00010000         rw !x
fuse             0x00820000         0x00000400         rw !x
lock             0x00830000         0x00000400         rw !x
signature        0x00840000         0x00000400         rw !x
*default*        0x00000000         0xffffffff

Linker script and memory map

Address of section .data set to 0x800200
LOAD c:/programmi/atmel/avr tools/avr toolchain/bin/../lib/gcc/avr/4.5.1/../../../../avr/lib/avr6/crtm2560.o
LOAD main.o
LOAD spi.o
LOAD mirf.o
LOAD e_agenda.o
LOAD e_remote_control.o
LOAD speed_control.o
LOAD variables.o
LOAD ports_io.o
LOAD twimaster.o
LOAD usart.o
LOAD c:/programmi/atmel/avr tools/avr toolchain/bin/../lib/gcc/avr/4.5.1/avr6\libgcc.a
LOAD c:/programmi/atmel/avr tools/avr toolchain/bin/../lib/gcc/avr/4.5.1/../../../../avr/lib/avr6\libc.a
LOAD c:/programmi/atmel/avr tools/avr toolchain/bin/../lib/gcc/avr/4.5.1/avr6\libgcc.a

.hash
 *(.hash)

.dynsym
 *(.dynsym)

.dynstr
 *(.dynstr)

.gnu.version
 *(.gnu.version)

.gnu.version_d
 *(.gnu.version_d)

.gnu.version_r
 *(.gnu.version_r)

.rel.init
 *(.rel.init)

.rela.init
 *(.rela.init)

.rel.text
 *(.rel.text)
 *(.rel.text.*)
 *(.rel.gnu.linkonce.t*)

.rela.text
 *(.rela.text)
 *(.rela.text.*)
 *(.rela.gnu.linkonce.t*)

.rel.fini
 *(.rel.fini)

.rela.fini
 *(.rela.fini)

.rel.rodata
 *(.rel.rodata)
 *(.rel.rodata.*)
 *(.rel.gnu.linkonce.r*)

.rela.rodata
 *(.rela.rodata)
 *(.rela.rodata.*)
 *(.rela.gnu.linkonce.r*)

.rel.data
 *(.rel.data)
 *(.rel.data.*)
 *(.rel.gnu.linkonce.d*)

.rela.data
 *(.rela.data)
 *(.rela.data.*)
 *(.rela.gnu.linkonce.d*)

.rel.ctors
 *(.rel.ctors)

.rela.ctors
 *(.rela.ctors)

.rel.dtors
 *(.rel.dtors)

.rela.dtors
 *(.rela.dtors)

.rel.got
 *(.rel.got)

.rela.got
 *(.rela.got)

.rel.bss
 *(.rel.bss)

.rela.bss
 *(.rela.bss)

.rel.plt
 *(.rel.plt)

.rela.plt
 *(.rela.plt)

.text           0x00000000     0x43ac
 *(.vectors)
 .vectors       0x00000000       0xe4 c:/programmi/atmel/avr tools/avr toolchain/bin/../lib/gcc/avr/4.5.1/../../../../avr/lib/avr6/crtm2560.o
                0x00000000                __vector_default
                0x00000000                __vectors
 *(.vectors)
 *(.progmem.gcc*)
 .progmem.gcc_fplib
                0x000000e4       0x2d c:/programmi/atmel/avr tools/avr toolchain/bin/../lib/gcc/avr/4.5.1/../../../../avr/lib/avr6\libc.a(atan.o)
 *(.progmem*)
                0x00000112                . = ALIGN (0x2)
 *fill*         0x00000111        0x1 00
                0x00000112                __trampolines_start = .
 *(.trampolines)
 .trampolines   0x00000112        0x0 linker stubs
 *(.trampolines*)
                0x00000112                __trampolines_end = .
 *(.jumptables)
 *(.jumptables*)
 *(.lowtext)
 *(.lowtext*)
                0x00000112                __ctors_start = .
 *(.ctors)
                0x00000112                __ctors_end = .
                0x00000112                __dtors_start = .
 *(.dtors)
                0x00000112                __dtors_end = .
 SORT(*)(.ctors)
 SORT(*)(.dtors)
 *(.init0)
 .init0         0x00000112        0x0 c:/programmi/atmel/avr tools/avr toolchain/bin/../lib/gcc/avr/4.5.1/../../../../avr/lib/avr6/crtm2560.o
                0x00000112                __init
 *(.init0)
 *(.init1)
 *(.init1)
 *(.init2)
 .init2         0x00000112       0x10 c:/programmi/atmel/avr tools/avr toolchain/bin/../lib/gcc/avr/4.5.1/../../../../avr/lib/avr6/crtm2560.o
 *(.init2)
 *(.init3)
 *(.init3)
 *(.init4)
 .init4         0x00000122       0x16 c:/programmi/atmel/avr tools/avr toolchain/bin/../lib/gcc/avr/4.5.1/avr6\libgcc.a(_copy_data.o)
                0x00000122                __do_copy_data
 .init4         0x00000138       0x10 c:/programmi/atmel/avr tools/avr toolchain/bin/../lib/gcc/avr/4.5.1/avr6\libgcc.a(_clear_bss.o)
                0x00000138                __do_clear_bss
 *(.init4)
 *(.init5)
 *(.init5)
 *(.init6)
 *(.init6)
 *(.init7)
 *(.init7)
 *(.init8)
 *(.init8)
 *(.init9)
 .init9         0x00000148        0x8 c:/programmi/atmel/avr tools/avr toolchain/bin/../lib/gcc/avr/4.5.1/../../../../avr/lib/avr6/crtm2560.o
 *(.init9)
 *(.text)
 .text          0x00000150        0x4 c:/programmi/atmel/avr tools/avr toolchain/bin/../lib/gcc/avr/4.5.1/../../../../avr/lib/avr6/crtm2560.o
                0x00000150                __vector_38
                0x00000150                __vector_22
                0x00000150                __vector_28
                0x00000150                __vector_1
                0x00000150                __vector_34
                0x00000150                __vector_24
                0x00000150                __vector_12
                0x00000150                __vector_55
                0x00000150                __vector_46
                0x00000150                __bad_interrupt
                0x00000150                __vector_6
                0x00000150                __vector_31
                0x00000150                __vector_39
                0x00000150                __vector_3
                0x00000150                __vector_23
                0x00000150                __vector_30
                0x00000150                __vector_11
                0x00000150                __vector_54
                0x00000150                __vector_17
                0x00000150                __vector_19
                0x00000150                __vector_56
                0x00000150                __vector_7
                0x00000150                __vector_49
                0x00000150                __vector_41
                0x00000150                __vector_27
                0x00000150                __vector_5
                0x00000150                __vector_47
                0x00000150                __vector_52
                0x00000150                __vector_37
                0x00000150                __vector_4
                0x00000150                __vector_44
                0x00000150                __vector_51
                0x00000150                __vector_9
                0x00000150                __vector_2
                0x00000150                __vector_21
                0x00000150                __vector_15
                0x00000150                __vector_36
                0x00000150                __vector_40
                0x00000150                __vector_8
                0x00000150                __vector_26
                0x00000150                __vector_48
                0x00000150                __vector_14
                0x00000150                __vector_53
                0x00000150                __vector_50
                0x00000150                __vector_16
                0x00000150                __vector_18
                0x00000150                __vector_20
 .text          0x00000154     0x1ad6 main.o
                0x00000154                initAdc
                0x0000018c                __vector_29
                0x00000494                initPwm
                0x00000524                __vector_45
                0x000005d2                __vector_42
                0x000005fa                __vector_43
                0x00000622                __vector_35
                0x000006d4                __vector_32
                0x000006fc                __vector_33
                0x00000724                readAccelXYZ
                0x000007be                readAccelXY
                0x0000083a                initI2C
                0x000008c0                calibrateAccelerometer
                0x00000a20                computeAngle
                0x00000b14                initPeripherals
                0x00000bf2                toggleBlueLed
                0x00000c28                updateRedLed
                0x00000c50                updateGreenLed
                0x00000c78                updateBlueLed
                0x00000ca0                sendValues
                0x00000ca8                getSelector
                0x00000cf2                main
 .text          0x00001c2a       0x64 spi.o
                0x00001c2a                initSPI
                0x00001c42                SPI_ReadWrite_Block
                0x00001c66                SPI_Write_Block
                0x00001c82                SPI_Write_Byte
 .text          0x00001c8e      0x322 mirf.o
                0x00001c8e                mirf_config
                0x00001d90                mirf_init
                0x00001d9a                mirf_set_RADDR
                0x00001dbc                mirf_set_TADDR
                0x00001dda                mirf_data_ready
                0x00001df4                rx_fifo_is_empty
                0x00001e24                flush_rx_fifo
                0x00001e30                mirf_get_data
                0x00001e60                mirf_config_register
                0x00001e88                mirf_read_register
                0x00001eba                mirf_write_register
                0x00001eee                mirf_send
                0x00001f4a                writeAckPayload
                0x00001fa4                flushTxFifo
 .text          0x00001fb0      0x1f6 e_agenda.o
                0x00001fb0                e_start_agendas_processing
                0x00001fd6                e_end_agendas_processing
                0x00001fe2                e_activate_agenda
                0x00002066                e_destroy_agenda
                0x000020d0                e_set_agenda_cycle
                0x00002106                e_reset_agenda
                0x0000213c                e_pause_agenda
                0x00002170                e_restart_agenda
 .text          0x000021a6      0x43c e_remote_control.o
                0x000021a6                e_init_remote_control
                0x000021c6                __vector_10
                0x0000222c                e_read_remote_control
                0x000023e6                e_get_check
                0x000023ec                e_get_address
                0x000023f2                e_get_data
                0x000023f8                __vector_13
 .text          0x000025e2      0x5e2 speed_control.o
                0x000025e2                init_speed_control
                0x000025e4                start_vertical_speed_control
                0x000025e6                start_orizzontal_speed_control
 .text          0x00002bc4        0x0 variables.o
 .text          0x00002bc4       0x48 ports_io.o
                0x00002bc4                initPortsIO
 .text          0x00002c0c      0x152 twimaster.o
                0x00002c0c                i2c_init
                0x00002c1c                i2c_start
                0x00002c68                i2c_start_wait
                0x00002cb6                i2c_rep_start
                0x00002d02                i2c_stop
                0x00002d12                i2c_write
                0x00002d36                i2c_readAck
                0x00002d4a                i2c_readNak
 .text          0x00002d5e      0x47a usart.o
                0x00002d5e                initUsart
                0x00002d88                usartTransmit
                0x00002d96                __vector_25
 .text          0x000031d8        0x0 c:/programmi/atmel/avr tools/avr toolchain/bin/../lib/gcc/avr/4.5.1/avr6\libgcc.a(_mulsi3.o)
 .text          0x000031d8        0x0 c:/programmi/atmel/avr tools/avr toolchain/bin/../lib/gcc/avr/4.5.1/avr6\libgcc.a(_udivmodhi4.o)
 .text          0x000031d8        0x0 c:/programmi/atmel/avr tools/avr toolchain/bin/../lib/gcc/avr/4.5.1/avr6\libgcc.a(_divmodhi4.o)
 .text          0x000031d8        0x0 c:/programmi/atmel/avr tools/avr toolchain/bin/../lib/gcc/avr/4.5.1/avr6\libgcc.a(_divmodsi4.o)
 .text          0x000031d8        0x0 c:/programmi/atmel/avr tools/avr toolchain/bin/../lib/gcc/avr/4.5.1/avr6\libgcc.a(_exit.o)
 .text          0x000031d8        0x0 c:/programmi/atmel/avr tools/avr toolchain/bin/../lib/gcc/avr/4.5.1/avr6\libgcc.a(_copy_data.o)
 .text          0x000031d8        0x0 c:/programmi/atmel/avr tools/avr toolchain/bin/../lib/gcc/avr/4.5.1/avr6\libgcc.a(_clear_bss.o)
 .text          0x000031d8      0x348 c:/programmi/atmel/avr tools/avr toolchain/bin/../lib/gcc/avr/4.5.1/avr6\libgcc.a(_addsub_sf.o)
                0x00003464                __subsf3
                0x000034c6                __addsf3
 .text          0x00003520      0x1fe c:/programmi/atmel/avr tools/avr toolchain/bin/../lib/gcc/avr/4.5.1/avr6\libgcc.a(_mul_sf.o)
                0x00003520                __mulsf3
 .text          0x0000371e       0xbc c:/programmi/atmel/avr tools/avr toolchain/bin/../lib/gcc/avr/4.5.1/avr6\libgcc.a(_si_to_sf.o)
                0x0000371e                __floatsisf
 .text          0x000037da       0xa6 c:/programmi/atmel/avr tools/avr toolchain/bin/../lib/gcc/avr/4.5.1/avr6\libgcc.a(_sf_to_si.o)
                0x000037da                __fixsfsi
 .text          0x00003880        0x0 c:/programmi/atmel/avr tools/avr toolchain/bin/../lib/gcc/avr/4.5.1/avr6\libgcc.a(_thenan_sf.o)
 .text          0x00003880        0x0 c:/programmi/atmel/avr tools/avr toolchain/bin/../lib/gcc/avr/4.5.1/avr6\libgcc.a(_udivmodsi4.o)
 .text          0x00003880        0x0 c:/programmi/atmel/avr tools/avr toolchain/bin/../lib/gcc/avr/4.5.1/avr6\libgcc.a(_prologue.o)
 .text          0x00003880        0x0 c:/programmi/atmel/avr tools/avr toolchain/bin/../lib/gcc/avr/4.5.1/avr6\libgcc.a(_epilogue.o)
 .text          0x00003880       0x9a c:/programmi/atmel/avr tools/avr toolchain/bin/../lib/gcc/avr/4.5.1/avr6\libgcc.a(_clzsi2.o)
                0x00003880                __clzsi2
 .text          0x0000391a      0x1c0 c:/programmi/atmel/avr tools/avr toolchain/bin/../lib/gcc/avr/4.5.1/avr6\libgcc.a(_pack_sf.o)
                0x0000391a                __pack_f
 .text          0x00003ada       0xe0 c:/programmi/atmel/avr tools/avr toolchain/bin/../lib/gcc/avr/4.5.1/avr6\libgcc.a(_unpack_sf.o)
                0x00003ada                __unpack_f
 .text          0x00003bba        0x0 c:/programmi/atmel/avr tools/avr toolchain/bin/../lib/gcc/avr/4.5.1/avr6\libgcc.a(_clz.o)
 .text          0x00003bba        0x0 c:/programmi/atmel/avr tools/avr toolchain/bin/../lib/gcc/avr/4.5.1/../../../../avr/lib/avr6\libc.a(malloc.o)
 .text          0x00003bba        0x0 c:/programmi/atmel/avr tools/avr toolchain/bin/../lib/gcc/avr/4.5.1/../../../../avr/lib/avr6\libc.a(atan2.o)
 .text          0x00003bba        0x0 c:/programmi/atmel/avr tools/avr toolchain/bin/../lib/gcc/avr/4.5.1/../../../../avr/lib/avr6\libc.a(atan.o)
 .text          0x00003bba        0x0 c:/programmi/atmel/avr tools/avr toolchain/bin/../lib/gcc/avr/4.5.1/../../../../avr/lib/avr6\libc.a(divsf3x.o)
 .text          0x00003bba        0x0 c:/programmi/atmel/avr tools/avr toolchain/bin/../lib/gcc/avr/4.5.1/../../../../avr/lib/avr6\libc.a(fp_inf.o)
 .text          0x00003bba        0x0 c:/programmi/atmel/avr tools/avr toolchain/bin/../lib/gcc/avr/4.5.1/../../../../avr/lib/avr6\libc.a(fp_nan.o)
 .text          0x00003bba        0x0 c:/programmi/atmel/avr tools/avr toolchain/bin/../lib/gcc/avr/4.5.1/../../../../avr/lib/avr6\libc.a(fp_powser.o)
 .text          0x00003bba        0x0 c:/programmi/atmel/avr tools/avr toolchain/bin/../lib/gcc/avr/4.5.1/../../../../avr/lib/avr6\libc.a(fp_pscA.o)
 .text          0x00003bba        0x0 c:/programmi/atmel/avr tools/avr toolchain/bin/../lib/gcc/avr/4.5.1/../../../../avr/lib/avr6\libc.a(fp_pscB.o)
 .text          0x00003bba        0x0 c:/programmi/atmel/avr tools/avr toolchain/bin/../lib/gcc/avr/4.5.1/../../../../avr/lib/avr6\libc.a(fp_round.o)
 .text          0x00003bba        0x0 c:/programmi/atmel/avr tools/avr toolchain/bin/../lib/gcc/avr/4.5.1/../../../../avr/lib/avr6\libc.a(fp_split3.o)
 .text          0x00003bba        0x0 c:/programmi/atmel/avr tools/avr toolchain/bin/../lib/gcc/avr/4.5.1/../../../../avr/lib/avr6\libc.a(fp_zero.o)
 .text          0x00003bba        0x0 c:/programmi/atmel/avr tools/avr toolchain/bin/../lib/gcc/avr/4.5.1/../../../../avr/lib/avr6\libc.a(inverse.o)
 .text          0x00003bba        0x0 c:/programmi/atmel/avr tools/avr toolchain/bin/../lib/gcc/avr/4.5.1/../../../../avr/lib/avr6\libc.a(mulsf3x.o)
 .text          0x00003bba        0x0 c:/programmi/atmel/avr tools/avr toolchain/bin/../lib/gcc/avr/4.5.1/../../../../avr/lib/avr6\libc.a(square.o)
 .text          0x00003bba        0x0 c:/programmi/atmel/avr tools/avr toolchain/bin/../lib/gcc/avr/4.5.1/../../../../avr/lib/avr6\libc.a(addsf3x.o)
 .text          0x00003bba        0x0 c:/programmi/atmel/avr tools/avr toolchain/bin/../lib/gcc/avr/4.5.1/../../../../avr/lib/avr6\libc.a(divsf3.o)
                0x00003bba                . = ALIGN (0x2)
 *(.text.*)
 .text.libgcc   0x00003bba       0x3e c:/programmi/atmel/avr tools/avr toolchain/bin/../lib/gcc/avr/4.5.1/avr6\libgcc.a(_mulsi3.o)
                0x00003bba                __mulsi3
 .text.libgcc   0x00003bf8       0x28 c:/programmi/atmel/avr tools/avr toolchain/bin/../lib/gcc/avr/4.5.1/avr6\libgcc.a(_udivmodhi4.o)
                0x00003bf8                __udivmodhi4
 .text.libgcc   0x00003c20       0x26 c:/programmi/atmel/avr tools/avr toolchain/bin/../lib/gcc/avr/4.5.1/avr6\libgcc.a(_divmodhi4.o)
                0x00003c20                _div
                0x00003c20                __divmodhi4
 .text.libgcc   0x00003c46       0x36 c:/programmi/atmel/avr tools/avr toolchain/bin/../lib/gcc/avr/4.5.1/avr6\libgcc.a(_divmodsi4.o)
                0x00003c46                __divmodsi4
 .text.libgcc   0x00003c7c        0x0 c:/programmi/atmel/avr tools/avr toolchain/bin/../lib/gcc/avr/4.5.1/avr6\libgcc.a(_exit.o)
 .text.libgcc   0x00003c7c        0x0 c:/programmi/atmel/avr tools/avr toolchain/bin/../lib/gcc/avr/4.5.1/avr6\libgcc.a(_copy_data.o)
 .text.libgcc   0x00003c7c        0x0 c:/programmi/atmel/avr tools/avr toolchain/bin/../lib/gcc/avr/4.5.1/avr6\libgcc.a(_clear_bss.o)
 .text.libgcc   0x00003c7c       0x44 c:/programmi/atmel/avr tools/avr toolchain/bin/../lib/gcc/avr/4.5.1/avr6\libgcc.a(_udivmodsi4.o)
                0x00003c7c                __udivmodsi4
 .text.libgcc   0x00003cc0       0x38 c:/programmi/atmel/avr tools/avr toolchain/bin/../lib/gcc/avr/4.5.1/avr6\libgcc.a(_prologue.o)
                0x00003cc0                __prologue_saves__
 .text.libgcc   0x00003cf8       0x36 c:/programmi/atmel/avr tools/avr toolchain/bin/../lib/gcc/avr/4.5.1/avr6\libgcc.a(_epilogue.o)
                0x00003cf8                __epilogue_restores__
 .text.avr-libc
                0x00003d2e      0x266 c:/programmi/atmel/avr tools/avr toolchain/bin/../lib/gcc/avr/4.5.1/../../../../avr/lib/avr6\libc.a(malloc.o)
                0x00003d2e                malloc
                0x00003e62                free
 .text.avr-libc.fplib
                0x00003f94       0x74 c:/programmi/atmel/avr tools/avr toolchain/bin/../lib/gcc/avr/4.5.1/../../../../avr/lib/avr6\libc.a(atan2.o)
                0x00003fb2                atan2
 .text.avr-libc.fplib
                0x00004008       0x50 c:/programmi/atmel/avr tools/avr toolchain/bin/../lib/gcc/avr/4.5.1/../../../../avr/lib/avr6\libc.a(atan.o)
                0x00004008                atan
 .text.avr-libc.fplib
                0x00004058       0xcc c:/programmi/atmel/avr tools/avr toolchain/bin/../lib/gcc/avr/4.5.1/../../../../avr/lib/avr6\libc.a(divsf3x.o)
                0x0000406e                __divsf3x
                0x00004072                __divsf3_pse
 .text.avr-libc.fplib
                0x00004124        0xc c:/programmi/atmel/avr tools/avr toolchain/bin/../lib/gcc/avr/4.5.1/../../../../avr/lib/avr6\libc.a(fp_inf.o)
                0x00004124                __fp_inf
 .text.avr-libc.fplib
                0x00004130        0x6 c:/programmi/atmel/avr tools/avr toolchain/bin/../lib/gcc/avr/4.5.1/../../../../avr/lib/avr6\libc.a(fp_nan.o)
                0x00004130                __fp_nan
 .text.avr-libc.fplib
                0x00004136       0x4a c:/programmi/atmel/avr tools/avr toolchain/bin/../lib/gcc/avr/4.5.1/../../../../avr/lib/avr6\libc.a(fp_powser.o)
                0x00004136                __fp_powser
 .text.avr-libc.fplib
                0x00004180        0xe c:/programmi/atmel/avr tools/avr toolchain/bin/../lib/gcc/avr/4.5.1/../../../../avr/lib/avr6\libc.a(fp_pscA.o)
                0x00004180                __fp_pscA
 .text.avr-libc.fplib
                0x0000418e        0xe c:/programmi/atmel/avr tools/avr toolchain/bin/../lib/gcc/avr/4.5.1/../../../../avr/lib/avr6\libc.a(fp_pscB.o)
                0x0000418e                __fp_pscB
 .text.avr-libc.fplib
                0x0000419c       0x22 c:/programmi/atmel/avr tools/avr toolchain/bin/../lib/gcc/avr/4.5.1/../../../../avr/lib/avr6\libc.a(fp_round.o)
                0x0000419c                __fp_round
 .text.avr-libc.fplib
                0x000041be       0x44 c:/programmi/atmel/avr tools/avr toolchain/bin/../lib/gcc/avr/4.5.1/../../../../avr/lib/avr6\libc.a(fp_split3.o)
                0x000041be                __fp_split3
                0x000041ce                __fp_splitA
 .text.avr-libc.fplib
                0x00004202        0xe c:/programmi/atmel/avr tools/avr toolchain/bin/../lib/gcc/avr/4.5.1/../../../../avr/lib/avr6\libc.a(fp_zero.o)
                0x00004202                __fp_zero
                0x00004204                __fp_szero
 .text.avr-libc.fplib
                0x00004210        0xe c:/programmi/atmel/avr tools/avr toolchain/bin/../lib/gcc/avr/4.5.1/../../../../avr/lib/avr6\libc.a(inverse.o)
                0x00004210                inverse
 .text.avr-libc.fplib
                0x0000421e       0xc2 c:/programmi/atmel/avr tools/avr toolchain/bin/../lib/gcc/avr/4.5.1/../../../../avr/lib/avr6\libc.a(mulsf3x.o)
                0x00004232                __mulsf3x
                0x00004236                __mulsf3_pse
 .text.avr-libc.fplib
                0x000042e0        0x6 c:/programmi/atmel/avr tools/avr toolchain/bin/../lib/gcc/avr/4.5.1/../../../../avr/lib/avr6\libc.a(square.o)
                0x000042e0                square
 .text.avr-libc.fplib
                0x000042e6       0xc0 c:/programmi/atmel/avr tools/avr toolchain/bin/../lib/gcc/avr/4.5.1/../../../../avr/lib/avr6\libc.a(addsf3x.o)
                0x00004300                __addsf3x
 .text.avr-libc.fplib
                0x000043a6        0x4 c:/programmi/atmel/avr tools/avr toolchain/bin/../lib/gcc/avr/4.5.1/../../../../avr/lib/avr6\libc.a(divsf3.o)
                0x000043a6                __divsf3
                0x000043aa                . = ALIGN (0x2)
 *(.fini9)
 .fini9         0x000043aa        0x0 c:/programmi/atmel/avr tools/avr toolchain/bin/../lib/gcc/avr/4.5.1/avr6\libgcc.a(_exit.o)
                0x000043aa                _exit
                0x000043aa                exit
 *(.fini9)
 *(.fini8)
 *(.fini8)
 *(.fini7)
 *(.fini7)
 *(.fini6)
 *(.fini6)
 *(.fini5)
 *(.fini5)
 *(.fini4)
 *(.fini4)
 *(.fini3)
 *(.fini3)
 *(.fini2)
 *(.fini2)
 *(.fini1)
 *(.fini1)
 *(.fini0)
 .fini0         0x000043aa        0x2 c:/programmi/atmel/avr tools/avr toolchain/bin/../lib/gcc/avr/4.5.1/avr6\libgcc.a(_exit.o)
 *(.fini0)
                0x000043ac                _etext = .

.data           0x00800200      0x122 load address 0x000043ac
                0x00800200                PROVIDE (__data_start, .)
 *(.data)
 .data          0x00800200        0x0 c:/programmi/atmel/avr tools/avr toolchain/bin/../lib/gcc/avr/4.5.1/../../../../avr/lib/avr6/crtm2560.o
 .data          0x00800200        0x0 main.o
 .data          0x00800200        0x0 spi.o
 .data          0x00800200        0x0 mirf.o
 .data          0x00800200        0x0 e_agenda.o
 .data          0x00800200        0x5 e_remote_control.o
                0x00800200                check
 .data          0x00800205        0x0 speed_control.o
 .data          0x00800205        0xe variables.o
                0x00800205                max_pwm_right
                0x00800209                max_pwm_left
                0x0080020d                pwm_red
                0x0080020e                pwm_green
                0x0080020f                pwm_blue
                0x00800210                peripheralChoice
                0x00800211                choosePeripheral
                0x00800212                accelAddress
 .data          0x00800213        0x0 ports_io.o
 .data          0x00800213        0x0 twimaster.o
 .data          0x00800213        0x0 usart.o
 .data          0x00800213        0x0 c:/programmi/atmel/avr tools/avr toolchain/bin/../lib/gcc/avr/4.5.1/avr6\libgcc.a(_mulsi3.o)
 .data          0x00800213        0x0 c:/programmi/atmel/avr tools/avr toolchain/bin/../lib/gcc/avr/4.5.1/avr6\libgcc.a(_udivmodhi4.o)
 .data          0x00800213        0x0 c:/programmi/atmel/avr tools/avr toolchain/bin/../lib/gcc/avr/4.5.1/avr6\libgcc.a(_divmodhi4.o)
 .data          0x00800213        0x0 c:/programmi/atmel/avr tools/avr toolchain/bin/../lib/gcc/avr/4.5.1/avr6\libgcc.a(_divmodsi4.o)
 .data          0x00800213        0x0 c:/programmi/atmel/avr tools/avr toolchain/bin/../lib/gcc/avr/4.5.1/avr6\libgcc.a(_exit.o)
 .data          0x00800213        0x0 c:/programmi/atmel/avr tools/avr toolchain/bin/../lib/gcc/avr/4.5.1/avr6\libgcc.a(_copy_data.o)
 .data          0x00800213        0x0 c:/programmi/atmel/avr tools/avr toolchain/bin/../lib/gcc/avr/4.5.1/avr6\libgcc.a(_clear_bss.o)
 .data          0x00800213        0x0 c:/programmi/atmel/avr tools/avr toolchain/bin/../lib/gcc/avr/4.5.1/avr6\libgcc.a(_addsub_sf.o)
 .data          0x00800213        0x0 c:/programmi/atmel/avr tools/avr toolchain/bin/../lib/gcc/avr/4.5.1/avr6\libgcc.a(_mul_sf.o)
 .data          0x00800213        0x0 c:/programmi/atmel/avr tools/avr toolchain/bin/../lib/gcc/avr/4.5.1/avr6\libgcc.a(_si_to_sf.o)
 .data          0x00800213        0x0 c:/programmi/atmel/avr tools/avr toolchain/bin/../lib/gcc/avr/4.5.1/avr6\libgcc.a(_sf_to_si.o)
 .data          0x00800213        0x8 c:/programmi/atmel/avr tools/avr toolchain/bin/../lib/gcc/avr/4.5.1/avr6\libgcc.a(_thenan_sf.o)
                0x00800213                __thenan_sf
 .data          0x0080021b        0x0 c:/programmi/atmel/avr tools/avr toolchain/bin/../lib/gcc/avr/4.5.1/avr6\libgcc.a(_udivmodsi4.o)
 .data          0x0080021b        0x0 c:/programmi/atmel/avr tools/avr toolchain/bin/../lib/gcc/avr/4.5.1/avr6\libgcc.a(_prologue.o)
 .data          0x0080021b        0x0 c:/programmi/atmel/avr tools/avr toolchain/bin/../lib/gcc/avr/4.5.1/avr6\libgcc.a(_epilogue.o)
 .data          0x0080021b        0x0 c:/programmi/atmel/avr tools/avr toolchain/bin/../lib/gcc/avr/4.5.1/avr6\libgcc.a(_clzsi2.o)
 .data          0x0080021b        0x0 c:/programmi/atmel/avr tools/avr toolchain/bin/../lib/gcc/avr/4.5.1/avr6\libgcc.a(_pack_sf.o)
 .data          0x0080021b        0x0 c:/programmi/atmel/avr tools/avr toolchain/bin/../lib/gcc/avr/4.5.1/avr6\libgcc.a(_unpack_sf.o)
 .data          0x0080021b      0x100 c:/programmi/atmel/avr tools/avr toolchain/bin/../lib/gcc/avr/4.5.1/avr6\libgcc.a(_clz.o)
                0x0080021b                __clz_tab
 .data          0x0080031b        0x6 c:/programmi/atmel/avr tools/avr toolchain/bin/../lib/gcc/avr/4.5.1/../../../../avr/lib/avr6\libc.a(malloc.o)
                0x0080031b                __malloc_margin
                0x0080031d                __malloc_heap_start
                0x0080031f                __malloc_heap_end
 .data          0x00800321        0x0 c:/programmi/atmel/avr tools/avr toolchain/bin/../lib/gcc/avr/4.5.1/../../../../avr/lib/avr6\libc.a(atan2.o)
 .data          0x00800321        0x0 c:/programmi/atmel/avr tools/avr toolchain/bin/../lib/gcc/avr/4.5.1/../../../../avr/lib/avr6\libc.a(atan.o)
 .data          0x00800321        0x0 c:/programmi/atmel/avr tools/avr toolchain/bin/../lib/gcc/avr/4.5.1/../../../../avr/lib/avr6\libc.a(divsf3x.o)
 .data          0x00800321        0x0 c:/programmi/atmel/avr tools/avr toolchain/bin/../lib/gcc/avr/4.5.1/../../../../avr/lib/avr6\libc.a(fp_inf.o)
 .data          0x00800321        0x0 c:/programmi/atmel/avr tools/avr toolchain/bin/../lib/gcc/avr/4.5.1/../../../../avr/lib/avr6\libc.a(fp_nan.o)
 .data          0x00800321        0x0 c:/programmi/atmel/avr tools/avr toolchain/bin/../lib/gcc/avr/4.5.1/../../../../avr/lib/avr6\libc.a(fp_powser.o)
 .data          0x00800321        0x0 c:/programmi/atmel/avr tools/avr toolchain/bin/../lib/gcc/avr/4.5.1/../../../../avr/lib/avr6\libc.a(fp_pscA.o)
 .data          0x00800321        0x0 c:/programmi/atmel/avr tools/avr toolchain/bin/../lib/gcc/avr/4.5.1/../../../../avr/lib/avr6\libc.a(fp_pscB.o)
 .data          0x00800321        0x0 c:/programmi/atmel/avr tools/avr toolchain/bin/../lib/gcc/avr/4.5.1/../../../../avr/lib/avr6\libc.a(fp_round.o)
 .data          0x00800321        0x0 c:/programmi/atmel/avr tools/avr toolchain/bin/../lib/gcc/avr/4.5.1/../../../../avr/lib/avr6\libc.a(fp_split3.o)
 .data          0x00800321        0x0 c:/programmi/atmel/avr tools/avr toolchain/bin/../lib/gcc/avr/4.5.1/../../../../avr/lib/avr6\libc.a(fp_zero.o)
 .data          0x00800321        0x0 c:/programmi/atmel/avr tools/avr toolchain/bin/../lib/gcc/avr/4.5.1/../../../../avr/lib/avr6\libc.a(inverse.o)
 .data          0x00800321        0x0 c:/programmi/atmel/avr tools/avr toolchain/bin/../lib/gcc/avr/4.5.1/../../../../avr/lib/avr6\libc.a(mulsf3x.o)
 .data          0x00800321        0x0 c:/programmi/atmel/avr tools/avr toolchain/bin/../lib/gcc/avr/4.5.1/../../../../avr/lib/avr6\libc.a(square.o)
 .data          0x00800321        0x0 c:/programmi/atmel/avr tools/avr toolchain/bin/../lib/gcc/avr/4.5.1/../../../../avr/lib/avr6\libc.a(addsf3x.o)
 .data          0x00800321        0x0 c:/programmi/atmel/avr tools/avr toolchain/bin/../lib/gcc/avr/4.5.1/../../../../avr/lib/avr6\libc.a(divsf3.o)
 *(.data*)
 *(.rodata)
 *(.rodata*)
 *(.gnu.linkonce.d*)
                0x00800322                . = ALIGN (0x2)
 *fill*         0x00800321        0x1 00
                0x00800322                _edata = .
                0x00800322                PROVIDE (__data_end, .)

.bss            0x00800322       0xef
                0x00800322                PROVIDE (__bss_start, .)
 *(.bss)
 .bss           0x00800322        0x0 c:/programmi/atmel/avr tools/avr toolchain/bin/../lib/gcc/avr/4.5.1/../../../../avr/lib/avr6/crtm2560.o
 .bss           0x00800322        0x0 main.o
 .bss           0x00800322        0x0 spi.o
 .bss           0x00800322        0x0 mirf.o
 .bss           0x00800322        0x3 e_agenda.o
                0x00800322                my_toggle_state
 .bss           0x00800325        0x6 e_remote_control.o
                0x00800325                address
                0x00800326                data_ir
                0x00800327                my_toggle_state3
 .bss           0x0080032b        0x0 speed_control.o
 .bss           0x0080032b       0xb5 variables.o
                0x0080032b                currentAdChannel
                0x0080032c                currentProx
                0x0080032d                currentMotLeftChannel
                0x0080032e                currentMotRightChannel
                0x0080032f                rightMotorPhase
                0x00800330                leftMotorPhase
                0x00800331                proximityValue
                0x00800361                adcSaveDataTo
                0x00800362                adcSamplingState
                0x00800363                rightChannelPhase
                0x00800364                leftChannelPhase
                0x00800365                batteryLevel
                0x00800367                measBattery
                0x00800368                left_current_avg
                0x0080036a                right_current_avg
                0x0080036c                last_left_current
                0x0080036e                last_right_current
                0x00800370                num_lvel_samples_avg
                0x00800372                last_num_lvel_samples_avg
                0x00800374                num_rvel_samples_avg
                0x00800376                last_num_rvel_samples_avg
                0x00800378                left_vel_sum
                0x0080037a                last_left_vel_sum
                0x0080037c                right_vel_sum
                0x0080037e                last_right_vel_sum
                0x00800380                last_left_vel
                0x00800382                last_right_vel
                0x00800384                pwm_right
                0x00800388                pwm_left
                0x0080038c                pwm_right_desired
                0x00800390                pwm_left_desired
                0x00800394                pwm_right_speed_controller
                0x00800398                pwm_left_speed_controller
                0x0080039c                delta_left_speed
                0x008003a0                delta_right_speed
                0x008003a4                delta_left_speed_sum
                0x008003a8                delta_right_speed_sum
                0x008003ac                left_increment
                0x008003b0                right_increment
                0x008003b4                compute_left_vel
                0x008003b5                compute_right_vel
                0x008003b6                start_control
                0x008003b7                left_vel_changed
                0x008003b8                right_vel_changed
                0x008003b9                pwm_right_working
                0x008003bd                pwm_left_working
                0x008003c1                update_pwm
                0x008003c2                speedl
                0x008003c3                speedr
                0x008003c4                blinkState
                0x008003c5                sendAdcValues
                0x008003c6                ir_move
                0x008003c7                command_received
                0x008003c8                colorState
                0x008003c9                accX
                0x008003cb                accY
                0x008003cd                accZ
                0x008003cf                absAccX
                0x008003d1                absAccY
                0x008003d3                absAccZ
                0x008003d5                accOffsetX
                0x008003d7                accOffsetY
                0x008003d9                accOffsetZ
                0x008003db                currentAngle
                0x008003dd                myTimeout
                0x008003de                delayCounter
 .bss           0x008003e0        0x0 ports_io.o
 .bss           0x008003e0        0x0 twimaster.o
 .bss           0x008003e0        0x0 usart.o
 .bss           0x008003e0        0x0 c:/programmi/atmel/avr tools/avr toolchain/bin/../lib/gcc/avr/4.5.1/avr6\libgcc.a(_mulsi3.o)
 .bss           0x008003e0        0x0 c:/programmi/atmel/avr tools/avr toolchain/bin/../lib/gcc/avr/4.5.1/avr6\libgcc.a(_udivmodhi4.o)
 .bss           0x008003e0        0x0 c:/programmi/atmel/avr tools/avr toolchain/bin/../lib/gcc/avr/4.5.1/avr6\libgcc.a(_divmodhi4.o)
 .bss           0x008003e0        0x0 c:/programmi/atmel/avr tools/avr toolchain/bin/../lib/gcc/avr/4.5.1/avr6\libgcc.a(_divmodsi4.o)
 .bss           0x008003e0        0x0 c:/programmi/atmel/avr tools/avr toolchain/bin/../lib/gcc/avr/4.5.1/avr6\libgcc.a(_exit.o)
 .bss           0x008003e0        0x0 c:/programmi/atmel/avr tools/avr toolchain/bin/../lib/gcc/avr/4.5.1/avr6\libgcc.a(_copy_data.o)
 .bss           0x008003e0        0x0 c:/programmi/atmel/avr tools/avr toolchain/bin/../lib/gcc/avr/4.5.1/avr6\libgcc.a(_clear_bss.o)
 .bss           0x008003e0        0x0 c:/programmi/atmel/avr tools/avr toolchain/bin/../lib/gcc/avr/4.5.1/avr6\libgcc.a(_addsub_sf.o)
 .bss           0x008003e0        0x0 c:/programmi/atmel/avr tools/avr toolchain/bin/../lib/gcc/avr/4.5.1/avr6\libgcc.a(_mul_sf.o)
 .bss           0x008003e0        0x0 c:/programmi/atmel/avr tools/avr toolchain/bin/../lib/gcc/avr/4.5.1/avr6\libgcc.a(_si_to_sf.o)
 .bss           0x008003e0        0x0 c:/programmi/atmel/avr tools/avr toolchain/bin/../lib/gcc/avr/4.5.1/avr6\libgcc.a(_sf_to_si.o)
 .bss           0x008003e0        0x0 c:/programmi/atmel/avr tools/avr toolchain/bin/../lib/gcc/avr/4.5.1/avr6\libgcc.a(_thenan_sf.o)
 .bss           0x008003e0        0x0 c:/programmi/atmel/avr tools/avr toolchain/bin/../lib/gcc/avr/4.5.1/avr6\libgcc.a(_udivmodsi4.o)
 .bss           0x008003e0        0x0 c:/programmi/atmel/avr tools/avr toolchain/bin/../lib/gcc/avr/4.5.1/avr6\libgcc.a(_prologue.o)
 .bss           0x008003e0        0x0 c:/programmi/atmel/avr tools/avr toolchain/bin/../lib/gcc/avr/4.5.1/avr6\libgcc.a(_epilogue.o)
 .bss           0x008003e0        0x0 c:/programmi/atmel/avr tools/avr toolchain/bin/../lib/gcc/avr/4.5.1/avr6\libgcc.a(_clzsi2.o)
 .bss           0x008003e0        0x0 c:/programmi/atmel/avr tools/avr toolchain/bin/../lib/gcc/avr/4.5.1/avr6\libgcc.a(_pack_sf.o)
 .bss           0x008003e0        0x0 c:/programmi/atmel/avr tools/avr toolchain/bin/../lib/gcc/avr/4.5.1/avr6\libgcc.a(_unpack_sf.o)
 .bss           0x008003e0        0x0 c:/programmi/atmel/avr tools/avr toolchain/bin/../lib/gcc/avr/4.5.1/avr6\libgcc.a(_clz.o)
 .bss           0x008003e0        0x0 c:/programmi/atmel/avr tools/avr toolchain/bin/../lib/gcc/avr/4.5.1/../../../../avr/lib/avr6\libc.a(malloc.o)
 .bss           0x008003e0        0x0 c:/programmi/atmel/avr tools/avr toolchain/bin/../lib/gcc/avr/4.5.1/../../../../avr/lib/avr6\libc.a(atan2.o)
 .bss           0x008003e0        0x0 c:/programmi/atmel/avr tools/avr toolchain/bin/../lib/gcc/avr/4.5.1/../../../../avr/lib/avr6\libc.a(atan.o)
 .bss           0x008003e0        0x0 c:/programmi/atmel/avr tools/avr toolchain/bin/../lib/gcc/avr/4.5.1/../../../../avr/lib/avr6\libc.a(divsf3x.o)
 .bss           0x008003e0        0x0 c:/programmi/atmel/avr tools/avr toolchain/bin/../lib/gcc/avr/4.5.1/../../../../avr/lib/avr6\libc.a(fp_inf.o)
 .bss           0x008003e0        0x0 c:/programmi/atmel/avr tools/avr toolchain/bin/../lib/gcc/avr/4.5.1/../../../../avr/lib/avr6\libc.a(fp_nan.o)
 .bss           0x008003e0        0x0 c:/programmi/atmel/avr tools/avr toolchain/bin/../lib/gcc/avr/4.5.1/../../../../avr/lib/avr6\libc.a(fp_powser.o)
 .bss           0x008003e0        0x0 c:/programmi/atmel/avr tools/avr toolchain/bin/../lib/gcc/avr/4.5.1/../../../../avr/lib/avr6\libc.a(fp_pscA.o)
 .bss           0x008003e0        0x0 c:/programmi/atmel/avr tools/avr toolchain/bin/../lib/gcc/avr/4.5.1/../../../../avr/lib/avr6\libc.a(fp_pscB.o)
 .bss           0x008003e0        0x0 c:/programmi/atmel/avr tools/avr toolchain/bin/../lib/gcc/avr/4.5.1/../../../../avr/lib/avr6\libc.a(fp_round.o)
 .bss           0x008003e0        0x0 c:/programmi/atmel/avr tools/avr toolchain/bin/../lib/gcc/avr/4.5.1/../../../../avr/lib/avr6\libc.a(fp_split3.o)
 .bss           0x008003e0        0x0 c:/programmi/atmel/avr tools/avr toolchain/bin/../lib/gcc/avr/4.5.1/../../../../avr/lib/avr6\libc.a(fp_zero.o)
 .bss           0x008003e0        0x0 c:/programmi/atmel/avr tools/avr toolchain/bin/../lib/gcc/avr/4.5.1/../../../../avr/lib/avr6\libc.a(inverse.o)
 .bss           0x008003e0        0x0 c:/programmi/atmel/avr tools/avr toolchain/bin/../lib/gcc/avr/4.5.1/../../../../avr/lib/avr6\libc.a(mulsf3x.o)
 .bss           0x008003e0        0x0 c:/programmi/atmel/avr tools/avr toolchain/bin/../lib/gcc/avr/4.5.1/../../../../avr/lib/avr6\libc.a(square.o)
 .bss           0x008003e0        0x0 c:/programmi/atmel/avr tools/avr toolchain/bin/../lib/gcc/avr/4.5.1/../../../../avr/lib/avr6\libc.a(addsf3x.o)
 .bss           0x008003e0        0x0 c:/programmi/atmel/avr tools/avr toolchain/bin/../lib/gcc/avr/4.5.1/../../../../avr/lib/avr6\libc.a(divsf3.o)
 *(.bss*)
 *(COMMON)
 COMMON         0x008003e0        0x1 mirf.o
                0x008003e0                PTX
 COMMON         0x008003e1       0x2c variables.o
                0x008003e1                ackPayload
                0x008003f1                dataLED
                0x008003f7                rfData
                0x008003fd                delta_left_speeds
                0x00800405                delta_right_speeds
 COMMON         0x0080040d        0x4 c:/programmi/atmel/avr tools/avr toolchain/bin/../lib/gcc/avr/4.5.1/../../../../avr/lib/avr6\libc.a(malloc.o)
                0x0080040d                __brkval
                0x0080040f                __flp
                0x00800411                PROVIDE (__bss_end, .)
                0x000043ac                __data_load_start = LOADADDR (.data)
                0x000044ce                __data_load_end = (__data_load_start + SIZEOF (.data))

.noinit         0x00800411        0x0
                0x00800411                PROVIDE (__noinit_start, .)
 *(.noinit*)
                0x00800411                PROVIDE (__noinit_end, .)
                0x00800411                _end = .
                0x00800411                PROVIDE (__heap_start, .)

.eeprom         0x00810000        0x0
 *(.eeprom*)
                0x00810000                __eeprom_end = .

.fuse
 *(.fuse)
 *(.lfuse)
 *(.hfuse)
 *(.efuse)

.lock
 *(.lock*)

.signature
 *(.signature*)

.stab           0x00000000     0x22c8
 *(.stab)
 .stab          0x00000000      0x6e4 c:/programmi/atmel/avr tools/avr toolchain/bin/../lib/gcc/avr/4.5.1/../../../../avr/lib/avr6/crtm2560.o
 .stab          0x000006e4      0x2f4 c:/programmi/atmel/avr tools/avr toolchain/bin/../lib/gcc/avr/4.5.1/../../../../avr/lib/avr6\libc.a(atan2.o)
                                0x300 (size before relaxing)
 .stab          0x000009d8      0x210 c:/programmi/atmel/avr tools/avr toolchain/bin/../lib/gcc/avr/4.5.1/../../../../avr/lib/avr6\libc.a(atan.o)
                                0x21c (size before relaxing)
 .stab          0x00000be8      0x510 c:/programmi/atmel/avr tools/avr toolchain/bin/../lib/gcc/avr/4.5.1/../../../../avr/lib/avr6\libc.a(divsf3x.o)
                                0x51c (size before relaxing)
 .stab          0x000010f8       0x78 c:/programmi/atmel/avr tools/avr toolchain/bin/../lib/gcc/avr/4.5.1/../../../../avr/lib/avr6\libc.a(fp_inf.o)
                                 0x84 (size before relaxing)
 .stab          0x00001170       0x54 c:/programmi/atmel/avr tools/avr toolchain/bin/../lib/gcc/avr/4.5.1/../../../../avr/lib/avr6\libc.a(fp_nan.o)
                                 0x60 (size before relaxing)
 .stab          0x000011c4      0x1ec c:/programmi/atmel/avr tools/avr toolchain/bin/../lib/gcc/avr/4.5.1/../../../../avr/lib/avr6\libc.a(fp_powser.o)
                                0x1f8 (size before relaxing)
 .stab          0x000013b0       0x84 c:/programmi/atmel/avr tools/avr toolchain/bin/../lib/gcc/avr/4.5.1/../../../../avr/lib/avr6\libc.a(fp_pscA.o)
                                 0x90 (size before relaxing)
 .stab          0x00001434       0x84 c:/programmi/atmel/avr tools/avr toolchain/bin/../lib/gcc/avr/4.5.1/../../../../avr/lib/avr6\libc.a(fp_pscB.o)
                                 0x90 (size before relaxing)
 .stab          0x000014b8       0xfc c:/programmi/atmel/avr tools/avr toolchain/bin/../lib/gcc/avr/4.5.1/../../../../avr/lib/avr6\libc.a(fp_round.o)
                                0x108 (size before relaxing)
 .stab          0x000015b4      0x1d4 c:/programmi/atmel/avr tools/avr toolchain/bin/../lib/gcc/avr/4.5.1/../../../../avr/lib/avr6\libc.a(fp_split3.o)
                                0x1e0 (size before relaxing)
 .stab          0x00001788       0x90 c:/programmi/atmel/avr tools/avr toolchain/bin/../lib/gcc/avr/4.5.1/../../../../avr/lib/avr6\libc.a(fp_zero.o)
                                 0x9c (size before relaxing)
 .stab          0x00001818       0x84 c:/programmi/atmel/avr tools/avr toolchain/bin/../lib/gcc/avr/4.5.1/../../../../avr/lib/avr6\libc.a(inverse.o)
                                 0x90 (size before relaxing)
 .stab          0x0000189c      0x4d4 c:/programmi/atmel/avr tools/avr toolchain/bin/../lib/gcc/avr/4.5.1/../../../../avr/lib/avr6\libc.a(mulsf3x.o)
                                0x4e0 (size before relaxing)
 .stab          0x00001d70       0x54 c:/programmi/atmel/avr tools/avr toolchain/bin/../lib/gcc/avr/4.5.1/../../../../avr/lib/avr6\libc.a(square.o)
                                 0x60 (size before relaxing)
 .stab          0x00001dc4      0x4bc c:/programmi/atmel/avr tools/avr toolchain/bin/../lib/gcc/avr/4.5.1/../../../../avr/lib/avr6\libc.a(addsf3x.o)
                                0x4c8 (size before relaxing)
 .stab          0x00002280       0x48 c:/programmi/atmel/avr tools/avr toolchain/bin/../lib/gcc/avr/4.5.1/../../../../avr/lib/avr6\libc.a(divsf3.o)
                                 0x54 (size before relaxing)

.stabstr        0x00000000      0x6a1
 *(.stabstr)
 .stabstr       0x00000000      0x6a1 c:/programmi/atmel/avr tools/avr toolchain/bin/../lib/gcc/avr/4.5.1/../../../../avr/lib/avr6/crtm2560.o

.stab.excl
 *(.stab.excl)

.stab.exclstr
 *(.stab.exclstr)

.stab.index
 *(.stab.index)

.stab.indexstr
 *(.stab.indexstr)

.comment
 *(.comment)

.debug
 *(.debug)

.line
 *(.line)

.debug_srcinfo
 *(.debug_srcinfo)

.debug_sfnames
 *(.debug_sfnames)

.debug_aranges  0x00000000      0x228
 *(.debug_aranges)
 .debug_aranges
                0x00000000       0x20 main.o
 .debug_aranges
                0x00000020       0x20 spi.o
 .debug_aranges
                0x00000040       0x20 mirf.o
 .debug_aranges
                0x00000060       0x20 e_agenda.o
 .debug_aranges
                0x00000080       0x20 e_remote_control.o
 .debug_aranges
                0x000000a0       0x20 speed_control.o
 .debug_aranges
                0x000000c0       0x20 ports_io.o
 .debug_aranges
                0x000000e0       0x20 twimaster.o
 .debug_aranges
                0x00000100       0x20 usart.o
 .debug_aranges
                0x00000120       0x20 c:/programmi/atmel/avr tools/avr toolchain/bin/../lib/gcc/avr/4.5.1/avr6\libgcc.a(_addsub_sf.o)
 .debug_aranges
                0x00000140       0x20 c:/programmi/atmel/avr tools/avr toolchain/bin/../lib/gcc/avr/4.5.1/avr6\libgcc.a(_mul_sf.o)
 .debug_aranges
                0x00000160       0x20 c:/programmi/atmel/avr tools/avr toolchain/bin/../lib/gcc/avr/4.5.1/avr6\libgcc.a(_si_to_sf.o)
 .debug_aranges
                0x00000180       0x20 c:/programmi/atmel/avr tools/avr toolchain/bin/../lib/gcc/avr/4.5.1/avr6\libgcc.a(_sf_to_si.o)
 .debug_aranges
                0x000001a0       0x20 c:/programmi/atmel/avr tools/avr toolchain/bin/../lib/gcc/avr/4.5.1/avr6\libgcc.a(_clzsi2.o)
 .debug_aranges
                0x000001c0       0x20 c:/programmi/atmel/avr tools/avr toolchain/bin/../lib/gcc/avr/4.5.1/avr6\libgcc.a(_pack_sf.o)
 .debug_aranges
                0x000001e0       0x20 c:/programmi/atmel/avr tools/avr toolchain/bin/../lib/gcc/avr/4.5.1/avr6\libgcc.a(_unpack_sf.o)
 .debug_aranges
                0x00000200       0x28 c:/programmi/atmel/avr tools/avr toolchain/bin/../lib/gcc/avr/4.5.1/../../../../avr/lib/avr6\libc.a(malloc.o)

.debug_pubnames
                0x00000000      0xd8a
 *(.debug_pubnames)
 .debug_pubnames
                0x00000000      0x177 main.o
 .debug_pubnames
                0x00000177       0x5d spi.o
 .debug_pubnames
                0x000001d4      0x125 mirf.o
 .debug_pubnames
                0x000002f9       0xdf e_agenda.o
 .debug_pubnames
                0x000003d8       0xce e_remote_control.o
 .debug_pubnames
                0x000004a6       0x6d speed_control.o
 .debug_pubnames
                0x00000513      0x5d9 variables.o
 .debug_pubnames
                0x00000aec       0x22 ports_io.o
 .debug_pubnames
                0x00000b0e       0x8d twimaster.o
 .debug_pubnames
                0x00000b9b       0x42 usart.o
 .debug_pubnames
                0x00000bdd       0x2c c:/programmi/atmel/avr tools/avr toolchain/bin/../lib/gcc/avr/4.5.1/avr6\libgcc.a(_addsub_sf.o)
 .debug_pubnames
                0x00000c09       0x1f c:/programmi/atmel/avr tools/avr toolchain/bin/../lib/gcc/avr/4.5.1/avr6\libgcc.a(_mul_sf.o)
 .debug_pubnames
                0x00000c28       0x22 c:/programmi/atmel/avr tools/avr toolchain/bin/../lib/gcc/avr/4.5.1/avr6\libgcc.a(_si_to_sf.o)
 .debug_pubnames
                0x00000c4a       0x20 c:/programmi/atmel/avr tools/avr toolchain/bin/../lib/gcc/avr/4.5.1/avr6\libgcc.a(_sf_to_si.o)
 .debug_pubnames
                0x00000c6a       0x22 c:/programmi/atmel/avr tools/avr toolchain/bin/../lib/gcc/avr/4.5.1/avr6\libgcc.a(_thenan_sf.o)
 .debug_pubnames
                0x00000c8c       0x1f c:/programmi/atmel/avr tools/avr toolchain/bin/../lib/gcc/avr/4.5.1/avr6\libgcc.a(_clzsi2.o)
 .debug_pubnames
                0x00000cab       0x1f c:/programmi/atmel/avr tools/avr toolchain/bin/../lib/gcc/avr/4.5.1/avr6\libgcc.a(_pack_sf.o)
 .debug_pubnames
                0x00000cca       0x21 c:/programmi/atmel/avr tools/avr toolchain/bin/../lib/gcc/avr/4.5.1/avr6\libgcc.a(_unpack_sf.o)
 .debug_pubnames
                0x00000ceb       0x20 c:/programmi/atmel/avr tools/avr toolchain/bin/../lib/gcc/avr/4.5.1/avr6\libgcc.a(_clz.o)
 .debug_pubnames
                0x00000d0b       0x7f c:/programmi/atmel/avr tools/avr toolchain/bin/../lib/gcc/avr/4.5.1/../../../../avr/lib/avr6\libc.a(malloc.o)

.debug_info     0x00000000     0x3d0b
 *(.debug_info)
 .debug_info    0x00000000      0xc58 main.o
 .debug_info    0x00000c58      0x14b spi.o
 .debug_info    0x00000da3      0x5c2 mirf.o
 .debug_info    0x00001365      0x2c4 e_agenda.o
 .debug_info    0x00001629      0x26c e_remote_control.o
 .debug_info    0x00001895      0x22a speed_control.o
 .debug_info    0x00001abf      0x62f variables.o
 .debug_info    0x000020ee       0x7e ports_io.o
 .debug_info    0x0000216c      0x1e8 twimaster.o
 .debug_info    0x00002354      0x1c4 usart.o
 .debug_info    0x00002518      0x46a c:/programmi/atmel/avr tools/avr toolchain/bin/../lib/gcc/avr/4.5.1/avr6\libgcc.a(_addsub_sf.o)
 .debug_info    0x00002982      0x429 c:/programmi/atmel/avr tools/avr toolchain/bin/../lib/gcc/avr/4.5.1/avr6\libgcc.a(_mul_sf.o)
 .debug_info    0x00002dab      0x207 c:/programmi/atmel/avr tools/avr toolchain/bin/../lib/gcc/avr/4.5.1/avr6\libgcc.a(_si_to_sf.o)
 .debug_info    0x00002fb2      0x2b0 c:/programmi/atmel/avr tools/avr toolchain/bin/../lib/gcc/avr/4.5.1/avr6\libgcc.a(_sf_to_si.o)
 .debug_info    0x00003262      0x12c c:/programmi/atmel/avr tools/avr toolchain/bin/../lib/gcc/avr/4.5.1/avr6\libgcc.a(_thenan_sf.o)
 .debug_info    0x0000338e      0x10c c:/programmi/atmel/avr tools/avr toolchain/bin/../lib/gcc/avr/4.5.1/avr6\libgcc.a(_clzsi2.o)
 .debug_info    0x0000349a      0x2ec c:/programmi/atmel/avr tools/avr toolchain/bin/../lib/gcc/avr/4.5.1/avr6\libgcc.a(_pack_sf.o)
 .debug_info    0x00003786      0x251 c:/programmi/atmel/avr tools/avr toolchain/bin/../lib/gcc/avr/4.5.1/avr6\libgcc.a(_unpack_sf.o)
 .debug_info    0x000039d7       0x9e c:/programmi/atmel/avr tools/avr toolchain/bin/../lib/gcc/avr/4.5.1/avr6\libgcc.a(_clz.o)
 .debug_info    0x00003a75      0x296 c:/programmi/atmel/avr tools/avr toolchain/bin/../lib/gcc/avr/4.5.1/../../../../avr/lib/avr6\libc.a(malloc.o)
 *(.gnu.linkonce.wi.*)

.debug_abbrev   0x00000000     0x164e
 *(.debug_abbrev)
 .debug_abbrev  0x00000000      0x232 main.o
 .debug_abbrev  0x00000232       0xbd spi.o
 .debug_abbrev  0x000002ef      0x1c5 mirf.o
 .debug_abbrev  0x000004b4      0x117 e_agenda.o
 .debug_abbrev  0x000005cb      0x103 e_remote_control.o
 .debug_abbrev  0x000006ce       0xa2 speed_control.o
 .debug_abbrev  0x00000770       0x54 variables.o
 .debug_abbrev  0x000007c4       0x4c ports_io.o
 .debug_abbrev  0x00000810      0x126 twimaster.o
 .debug_abbrev  0x00000936       0x97 usart.o
 .debug_abbrev  0x000009cd      0x1db c:/programmi/atmel/avr tools/avr toolchain/bin/../lib/gcc/avr/4.5.1/avr6\libgcc.a(_addsub_sf.o)
 .debug_abbrev  0x00000ba8      0x20c c:/programmi/atmel/avr tools/avr toolchain/bin/../lib/gcc/avr/4.5.1/avr6\libgcc.a(_mul_sf.o)
 .debug_abbrev  0x00000db4      0x148 c:/programmi/atmel/avr tools/avr toolchain/bin/../lib/gcc/avr/4.5.1/avr6\libgcc.a(_si_to_sf.o)
 .debug_abbrev  0x00000efc      0x17f c:/programmi/atmel/avr tools/avr toolchain/bin/../lib/gcc/avr/4.5.1/avr6\libgcc.a(_sf_to_si.o)
 .debug_abbrev  0x0000107b       0xad c:/programmi/atmel/avr tools/avr toolchain/bin/../lib/gcc/avr/4.5.1/avr6\libgcc.a(_thenan_sf.o)
 .debug_abbrev  0x00001128       0xc2 c:/programmi/atmel/avr tools/avr toolchain/bin/../lib/gcc/avr/4.5.1/avr6\libgcc.a(_clzsi2.o)
 .debug_abbrev  0x000011ea      0x1b3 c:/programmi/atmel/avr tools/avr toolchain/bin/../lib/gcc/avr/4.5.1/avr6\libgcc.a(_pack_sf.o)
 .debug_abbrev  0x0000139d      0x154 c:/programmi/atmel/avr tools/avr toolchain/bin/../lib/gcc/avr/4.5.1/avr6\libgcc.a(_unpack_sf.o)
 .debug_abbrev  0x000014f1       0x68 c:/programmi/atmel/avr tools/avr toolchain/bin/../lib/gcc/avr/4.5.1/avr6\libgcc.a(_clz.o)
 .debug_abbrev  0x00001559       0xf5 c:/programmi/atmel/avr tools/avr toolchain/bin/../lib/gcc/avr/4.5.1/../../../../avr/lib/avr6\libc.a(malloc.o)

.debug_line     0x00000000     0x3ddb
 *(.debug_line)
 .debug_line    0x00000000     0x13d6 main.o
 .debug_line    0x000013d6      0x162 spi.o
 .debug_line    0x00001538      0x5b5 mirf.o
 .debug_line    0x00001aed      0x353 e_agenda.o
 .debug_line    0x00001e40      0x3fe e_remote_control.o
 .debug_line    0x0000223e      0x226 speed_control.o
 .debug_line    0x00002464       0x50 variables.o
 .debug_line    0x000024b4      0x167 ports_io.o
 .debug_line    0x0000261b      0x33c twimaster.o
 .debug_line    0x00002957      0x496 usart.o
 .debug_line    0x00002ded      0x2a3 c:/programmi/atmel/avr tools/avr toolchain/bin/../lib/gcc/avr/4.5.1/avr6\libgcc.a(_addsub_sf.o)
 .debug_line    0x00003090      0x233 c:/programmi/atmel/avr tools/avr toolchain/bin/../lib/gcc/avr/4.5.1/avr6\libgcc.a(_mul_sf.o)
 .debug_line    0x000032c3      0x137 c:/programmi/atmel/avr tools/avr toolchain/bin/../lib/gcc/avr/4.5.1/avr6\libgcc.a(_si_to_sf.o)
 .debug_line    0x000033fa      0x11b c:/programmi/atmel/avr tools/avr toolchain/bin/../lib/gcc/avr/4.5.1/avr6\libgcc.a(_sf_to_si.o)
 .debug_line    0x00003515       0xa2 c:/programmi/atmel/avr tools/avr toolchain/bin/../lib/gcc/avr/4.5.1/avr6\libgcc.a(_thenan_sf.o)
 .debug_line    0x000035b7       0xc6 c:/programmi/atmel/avr tools/avr toolchain/bin/../lib/gcc/avr/4.5.1/avr6\libgcc.a(_clzsi2.o)
 .debug_line    0x0000367d      0x19c c:/programmi/atmel/avr tools/avr toolchain/bin/../lib/gcc/avr/4.5.1/avr6\libgcc.a(_pack_sf.o)
 .debug_line    0x00003819      0x15d c:/programmi/atmel/avr tools/avr toolchain/bin/../lib/gcc/avr/4.5.1/avr6\libgcc.a(_unpack_sf.o)
 .debug_line    0x00003976       0x9d c:/programmi/atmel/avr tools/avr toolchain/bin/../lib/gcc/avr/4.5.1/avr6\libgcc.a(_clz.o)
 .debug_line    0x00003a13      0x3c8 c:/programmi/atmel/avr tools/avr toolchain/bin/../lib/gcc/avr/4.5.1/../../../../avr/lib/avr6\libc.a(malloc.o)

.debug_frame    0x00000000      0x620
 *(.debug_frame)
 .debug_frame   0x00000000      0x170 main.o
 .debug_frame   0x00000170       0x50 spi.o
 .debug_frame   0x000001c0       0xf0 mirf.o
 .debug_frame   0x000002b0       0x90 e_agenda.o
 .debug_frame   0x00000340       0x80 e_remote_control.o
 .debug_frame   0x000003c0       0x40 speed_control.o
 .debug_frame   0x00000400       0x20 ports_io.o
 .debug_frame   0x00000420       0x90 twimaster.o
 .debug_frame   0x000004b0       0x40 usart.o
 .debug_frame   0x000004f0       0x40 c:/programmi/atmel/avr tools/avr toolchain/bin/../lib/gcc/avr/4.5.1/avr6\libgcc.a(_addsub_sf.o)
 .debug_frame   0x00000530       0x20 c:/programmi/atmel/avr tools/avr toolchain/bin/../lib/gcc/avr/4.5.1/avr6\libgcc.a(_mul_sf.o)
 .debug_frame   0x00000550       0x20 c:/programmi/atmel/avr tools/avr toolchain/bin/../lib/gcc/avr/4.5.1/avr6\libgcc.a(_si_to_sf.o)
 .debug_frame   0x00000570       0x20 c:/programmi/atmel/avr tools/avr toolchain/bin/../lib/gcc/avr/4.5.1/avr6\libgcc.a(_sf_to_si.o)
 .debug_frame   0x00000590       0x20 c:/programmi/atmel/avr tools/avr toolchain/bin/../lib/gcc/avr/4.5.1/avr6\libgcc.a(_clzsi2.o)
 .debug_frame   0x000005b0       0x20 c:/programmi/atmel/avr tools/avr toolchain/bin/../lib/gcc/avr/4.5.1/avr6\libgcc.a(_pack_sf.o)
 .debug_frame   0x000005d0       0x20 c:/programmi/atmel/avr tools/avr toolchain/bin/../lib/gcc/avr/4.5.1/avr6\libgcc.a(_unpack_sf.o)
 .debug_frame   0x000005f0       0x30 c:/programmi/atmel/avr tools/avr toolchain/bin/../lib/gcc/avr/4.5.1/../../../../avr/lib/avr6\libc.a(malloc.o)

.debug_str      0x00000000      0xdc1
 *(.debug_str)
 .debug_str     0x00000000      0x4f7 main.o
                                0x588 (size before relaxing)
 .debug_str     0x000004f7       0x50 spi.o
                                0x129 (size before relaxing)
 .debug_str     0x00000547       0xee mirf.o
                                0x1d9 (size before relaxing)
 .debug_str     0x00000635      0x103 e_agenda.o
                                0x1e5 (size before relaxing)
 .debug_str     0x00000738       0xba e_remote_control.o
                                0x1b6 (size before relaxing)
 .debug_str     0x000007f2      0x129 speed_control.o
                                0x1f2 (size before relaxing)
 .debug_str     0x0000091b       0x53 variables.o
                                0x51e (size before relaxing)
 .debug_str     0x0000096e       0x1a ports_io.o
                                 0xe9 (size before relaxing)
 .debug_str     0x00000988       0x6f twimaster.o
                                0x154 (size before relaxing)
 .debug_str     0x000009f7       0x48 usart.o
                                0x188 (size before relaxing)
 .debug_str     0x00000a3f      0x1b2 c:/programmi/atmel/avr tools/avr toolchain/bin/../lib/gcc/avr/4.5.1/avr6\libgcc.a(_addsub_sf.o)
                                0x22e (size before relaxing)
 .debug_str     0x00000bf1       0x27 c:/programmi/atmel/avr tools/avr toolchain/bin/../lib/gcc/avr/4.5.1/avr6\libgcc.a(_mul_sf.o)
                                0x1e7 (size before relaxing)
 .debug_str     0x00000c18       0x1e c:/programmi/atmel/avr tools/avr toolchain/bin/../lib/gcc/avr/4.5.1/avr6\libgcc.a(_si_to_sf.o)
                                0x1a3 (size before relaxing)
 .debug_str     0x00000c36        0xa c:/programmi/atmel/avr tools/avr toolchain/bin/../lib/gcc/avr/4.5.1/avr6\libgcc.a(_sf_to_si.o)
                                0x1c6 (size before relaxing)
 .debug_str     0x00000000      0x12b c:/programmi/atmel/avr tools/avr toolchain/bin/../lib/gcc/avr/4.5.1/avr6\libgcc.a(_thenan_sf.o)
 .debug_str     0x00000c40       0x7d c:/programmi/atmel/avr tools/avr toolchain/bin/../lib/gcc/avr/4.5.1/avr6\libgcc.a(_clzsi2.o)
                                0x105 (size before relaxing)
 .debug_str     0x00000cbd       0x10 c:/programmi/atmel/avr tools/avr toolchain/bin/../lib/gcc/avr/4.5.1/avr6\libgcc.a(_pack_sf.o)
                                0x1c5 (size before relaxing)
 .debug_str     0x00000ccd        0xb c:/programmi/atmel/avr tools/avr toolchain/bin/../lib/gcc/avr/4.5.1/avr6\libgcc.a(_unpack_sf.o)
                                0x1a7 (size before relaxing)
 .debug_str     0x00000000       0xe8 c:/programmi/atmel/avr tools/avr toolchain/bin/../lib/gcc/avr/4.5.1/avr6\libgcc.a(_clz.o)
 .debug_str     0x00000cd8       0xe9 c:/programmi/atmel/avr tools/avr toolchain/bin/../lib/gcc/avr/4.5.1/../../../../avr/lib/avr6\libc.a(malloc.o)
                                0x16a (size before relaxing)

.debug_loc      0x00000000     0x1a7a
 *(.debug_loc)
 .debug_loc     0x00000000      0x39e main.o
 .debug_loc     0x0000039e       0x8d spi.o
 .debug_loc     0x0000042b      0x278 mirf.o
 .debug_loc     0x000006a3      0x32e e_agenda.o
 .debug_loc     0x000009d1       0x94 e_remote_control.o
 .debug_loc     0x00000a65      0x1ac speed_control.o
 .debug_loc     0x00000c11      0x11a twimaster.o
 .debug_loc     0x00000d2b      0x18c usart.o
 .debug_loc     0x00000eb7      0x330 c:/programmi/atmel/avr tools/avr toolchain/bin/../lib/gcc/avr/4.5.1/avr6\libgcc.a(_addsub_sf.o)
 .debug_loc     0x000011e7      0x12a c:/programmi/atmel/avr tools/avr toolchain/bin/../lib/gcc/avr/4.5.1/avr6\libgcc.a(_mul_sf.o)
 .debug_loc     0x00001311       0xac c:/programmi/atmel/avr tools/avr toolchain/bin/../lib/gcc/avr/4.5.1/avr6\libgcc.a(_si_to_sf.o)
 .debug_loc     0x000013bd       0x7e c:/programmi/atmel/avr tools/avr toolchain/bin/../lib/gcc/avr/4.5.1/avr6\libgcc.a(_sf_to_si.o)
 .debug_loc     0x0000143b       0x94 c:/programmi/atmel/avr tools/avr toolchain/bin/../lib/gcc/avr/4.5.1/avr6\libgcc.a(_clzsi2.o)
 .debug_loc     0x000014cf       0xd6 c:/programmi/atmel/avr tools/avr toolchain/bin/../lib/gcc/avr/4.5.1/avr6\libgcc.a(_pack_sf.o)
 .debug_loc     0x000015a5       0xac c:/programmi/atmel/avr tools/avr toolchain/bin/../lib/gcc/avr/4.5.1/avr6\libgcc.a(_unpack_sf.o)
 .debug_loc     0x00001651      0x429 c:/programmi/atmel/avr tools/avr toolchain/bin/../lib/gcc/avr/4.5.1/../../../../avr/lib/avr6\libc.a(malloc.o)

.debug_macinfo
 *(.debug_macinfo)
OUTPUT(ElisaII-avr-studio.elf elf32-avr)
LOAD linker stubs

.debug_pubtypes
                0x00000000      0x177
 .debug_pubtypes
                0x00000000       0x2b main.o
 .debug_pubtypes
                0x0000002b       0x1e spi.o
 .debug_pubtypes
                0x00000049       0x1e mirf.o
 .debug_pubtypes
                0x00000067       0x38 e_agenda.o
 .debug_pubtypes
                0x0000009f       0x2b e_remote_control.o
 .debug_pubtypes
                0x000000ca       0x1e ports_io.o
 .debug_pubtypes
                0x000000e8       0x2b twimaster.o
 .debug_pubtypes
                0x00000113       0x2b usart.o
 .debug_pubtypes
                0x0000013e       0x39 c:/programmi/atmel/avr tools/avr toolchain/bin/../lib/gcc/avr/4.5.1/../../../../avr/lib/avr6\libc.a(malloc.o)

.debug_ranges   0x00000000      0x1c0
 .debug_ranges  0x00000000       0xf0 main.o
 .debug_ranges  0x000000f0       0x40 twimaster.o
 .debug_ranges  0x00000130       0x28 usart.o
 .debug_ranges  0x00000158       0x50 c:/programmi/atmel/avr tools/avr toolchain/bin/../lib/gcc/avr/4.5.1/avr6\libgcc.a(_mul_sf.o)
 .debug_ranges  0x000001a8       0x18 c:/programmi/atmel/avr tools/avr toolchain/bin/../lib/gcc/avr/4.5.1/../../../../avr/lib/avr6\libc.a(malloc.o)
